{"timestamp":"2026-04-10T07:29:02.888447Z","level":"info","event":"DAG bundles loaded: dags-folder","logger":"airflow.dag_processing.bundles.manager.DagBundlesManager","filename":"manager.py","lineno":209}
{"timestamp":"2026-04-10T07:29:02.895206Z","level":"info","event":"Filling up the DagBag from /opt/airflow/dags/pipeline_dags.py","logger":"airflow.dag_processing.dagbag.BundleDagBag","filename":"dagbag.py","lineno":469}
{"timestamp":"2026-04-10T07:25:51.324663Z","level":"info","event":"        date        open  ...  ticker                ingested_at","logger":"task.stdout"}
{"timestamp":"2026-04-10T07:25:51.326520Z","level":"info","event":"0 2024-01-02  183.731323  ...    AAPL 2026-04-10 07:29:12.746373","logger":"task.stdout"}
{"timestamp":"2026-04-10T07:25:51.333696Z","level":"info","event":"1 2024-01-03  182.355591  ...    AAPL 2026-04-10 07:29:12.746373","logger":"task.stdout"}
{"timestamp":"2026-04-10T07:25:51.334810Z","level":"info","event":"2 2024-01-04  180.039658  ...    AAPL 2026-04-10 07:29:12.746373","logger":"task.stdout"}
{"timestamp":"2026-04-10T07:25:51.336308Z","level":"info","event":"3 2024-01-05  179.317154  ...    AAPL 2026-04-10 07:29:12.746373","logger":"task.stdout"}
{"timestamp":"2026-04-10T07:25:51.337748Z","level":"info","event":"4 2024-01-08  183.652130  ...    AAPL 2026-04-10 07:29:12.746373","logger":"task.stdout"}
{"timestamp":"2026-04-10T07:25:51.341324Z","level":"info","event":"","logger":"task.stdout"}
{"timestamp":"2026-04-10T07:25:51.347649Z","level":"info","event":"[5 rows x 8 columns]","logger":"task.stdout"}
{"timestamp":"2026-04-10T07:25:51.349388Z","level":"info","event":"(566, 8)","logger":"task.stdout"}
{"timestamp":"2026-04-10T07:29:15.022829Z","level":"info","event":"        date        open  ...  ticker                ingested_at","logger":"task.stdout"}
{"timestamp":"2026-04-10T07:29:15.024336Z","level":"info","event":"0 2024-01-02  137.037399  ...   GOOGL 2026-04-10 07:29:14.989991","logger":"task.stdout"}
{"timestamp":"2026-04-10T07:29:15.028101Z","level":"info","event":"1 2024-01-03  137.781250  ...   GOOGL 2026-04-10 07:29:14.989991","logger":"task.stdout"}
{"timestamp":"2026-04-10T07:29:15.033270Z","level":"info","event":"2 2024-01-04  135.271988  ...   GOOGL 2026-04-10 07:29:14.989991","logger":"task.stdout"}
{"timestamp":"2026-04-10T07:29:15.038551Z","level":"info","event":"3 2024-01-05  134.617386  ...   GOOGL 2026-04-10 07:29:14.989991","logger":"task.stdout"}
{"timestamp":"2026-04-10T07:29:15.040029Z","level":"info","event":"4 2024-01-08  137.701874  ...   GOOGL 2026-04-10 07:29:14.989991","logger":"task.stdout"}
{"timestamp":"2026-04-10T07:29:15.043448Z","level":"info","event":"","logger":"task.stdout"}
{"timestamp":"2026-04-10T07:29:15.044510Z","level":"info","event":"[5 rows x 8 columns]","logger":"task.stdout"}
{"timestamp":"2026-04-10T07:29:15.106595Z","level":"info","event":"(1132, 8)","logger":"task.stdout"}
{"timestamp":"2026-04-10T07:29:16.455107Z","level":"info","event":"        date        open  ...  ticker                ingested_at","logger":"task.stdout"}
{"timestamp":"2026-04-10T07:29:16.456291Z","level":"info","event":"0 2024-01-02  364.589478  ...    MSFT 2026-04-10 07:29:16.380698","logger":"task.stdout"}
{"timestamp":"2026-04-10T07:29:16.457750Z","level":"info","event":"1 2024-01-03  364.324005  ...    MSFT 2026-04-10 07:29:16.380698","logger":"task.stdout"}
{"timestamp":"2026-04-10T07:29:16.458987Z","level":"info","event":"2 2024-01-04  361.709137  ...    MSFT 2026-04-10 07:29:16.380698","logger":"task.stdout"}
{"timestamp":"2026-04-10T07:29:16.460033Z","level":"info","event":"3 2024-01-05  361.522278  ...    MSFT 2026-04-10 07:29:16.380698","logger":"task.stdout"}
{"timestamp":"2026-04-10T07:29:16.461004Z","level":"info","event":"4 2024-01-08  368.344788  ...    MSFT 2026-04-10 07:29:16.380698","logger":"task.stdout"}
{"timestamp":"2026-04-10T07:29:16.461873Z","level":"info","event":"","logger":"task.stdout"}
{"timestamp":"2026-04-10T07:29:16.463153Z","level":"info","event":"[5 rows x 8 columns]","logger":"task.stdout"}
{"timestamp":"2026-04-10T07:29:16.464664Z","level":"info","event":"(1698, 8)","logger":"task.stdout"}
{"timestamp":"2026-04-10T07:29:17.885985Z","level":"info","event":"        date       open       high  ...     volume  ticker                ingested_at","logger":"task.stdout"}
{"timestamp":"2026-04-10T07:29:17.887574Z","level":"info","event":"0 2024-01-02  48.138573  49.264883  ...  411254000    NVDA 2026-04-10 07:29:17.821118","logger":"task.stdout"}
{"timestamp":"2026-04-10T07:29:17.888770Z","level":"info","event":"1 2024-01-03  47.539936  48.154558  ...  320896000    NVDA 2026-04-10 07:29:17.821118","logger":"task.stdout"}
{"timestamp":"2026-04-10T07:29:17.894636Z","level":"info","event":"2 2024-01-04  47.968681  48.470374  ...  306535000    NVDA 2026-04-10 07:29:17.821118","logger":"task.stdout"}
{"timestamp":"2026-04-10T07:29:17.896236Z","level":"info","event":"3 2024-01-05  49.067001  49.516727  ...  415039000    NVDA 2026-04-10 07:29:17.821118","logger":"task.stdout"}
{"timestamp":"2026-04-10T07:29:17.902556Z","level":"info","event":"4 2024-01-08  52.221077  52.243067  ...  642510000    NVDA 2026-04-10 07:29:17.821118","logger":"task.stdout"}
{"timestamp":"2026-04-10T07:29:17.906054Z","level":"info","event":"","logger":"task.stdout"}
{"timestamp":"2026-04-10T07:29:17.914046Z","level":"info","event":"[5 rows x 8 columns]","logger":"task.stdout"}
{"timestamp":"2026-04-10T07:29:17.921426Z","level":"info","event":"(2264, 8)","logger":"task.stdout"}
{"timestamp":"2026-04-10T07:29:19.578198Z","level":"info","event":"        date          open  ...   ticker                ingested_at","logger":"task.stdout"}
{"timestamp":"2026-04-10T07:29:19.579666Z","level":"info","event":"0 2024-01-01  44167.332031  ...  BTC-USD 2026-04-10 07:29:19.531690","logger":"task.stdout"}
{"timestamp":"2026-04-10T07:29:19.580682Z","level":"info","event":"1 2024-01-02  44957.968750  ...  BTC-USD 2026-04-10 07:29:19.531690","logger":"task.stdout"}
{"timestamp":"2026-04-10T07:29:19.581803Z","level":"info","event":"2 2024-01-03  42848.175781  ...  BTC-USD 2026-04-10 07:29:19.531690","logger":"task.stdout"}
{"timestamp":"2026-04-10T07:29:19.582947Z","level":"info","event":"3 2024-01-04  44179.921875  ...  BTC-USD 2026-04-10 07:29:19.531690","logger":"task.stdout"}
{"timestamp":"2026-04-10T07:29:19.583850Z","level":"info","event":"4 2024-01-05  44162.691406  ...  BTC-USD 2026-04-10 07:29:19.531690","logger":"task.stdout"}
{"timestamp":"2026-04-10T07:29:19.584878Z","level":"info","event":"","logger":"task.stdout"}
{"timestamp":"2026-04-10T07:29:19.585986Z","level":"info","event":"[5 rows x 8 columns]","logger":"task.stdout"}
{"timestamp":"2026-04-10T07:29:19.587089Z","level":"info","event":"(3091, 8)","logger":"task.stdout"}
{"timestamp":"2026-04-10T07:29:20.831795Z","level":"info","event":"        date         open  ...   ticker                ingested_at","logger":"task.stdout"}
{"timestamp":"2026-04-10T07:29:20.832918Z","level":"info","event":"0 2024-01-01  2352.327881  ...  ETH-USD 2026-04-10 07:29:20.794548","logger":"task.stdout"}
{"timestamp":"2026-04-10T07:29:20.833930Z","level":"info","event":"1 2024-01-02  2355.836426  ...  ETH-USD 2026-04-10 07:29:20.794548","logger":"task.stdout"}
{"timestamp":"2026-04-10T07:29:20.834851Z","level":"info","event":"2 2024-01-03  2210.761963  ...  ETH-USD 2026-04-10 07:29:20.794548","logger":"task.stdout"}
{"timestamp":"2026-04-10T07:29:20.835746Z","level":"info","event":"3 2024-01-04  2269.038086  ...  ETH-USD 2026-04-10 07:29:20.794548","logger":"task.stdout"}
{"timestamp":"2026-04-10T07:29:20.836615Z","level":"info","event":"4 2024-01-05  2268.647217  ...  ETH-USD 2026-04-10 07:29:20.794548","logger":"task.stdout"}
{"timestamp":"2026-04-10T07:29:20.837403Z","level":"info","event":"","logger":"task.stdout"}
{"timestamp":"2026-04-10T07:29:20.838487Z","level":"info","event":"[5 rows x 8 columns]","logger":"task.stdout"}
{"timestamp":"2026-04-10T07:29:20.893341Z","level":"info","event":"(3918, 8)","logger":"task.stdout"}
{"timestamp":"2026-04-10T07:29:21.970643Z","level":"info","event":"        date        open  ...   ticker                ingested_at","logger":"task.stdout"}
{"timestamp":"2026-04-10T07:29:21.971683Z","level":"info","event":"0 2024-01-01  109.508682  ...  SOL-USD 2026-04-10 07:29:21.908006","logger":"task.stdout"}
{"timestamp":"2026-04-10T07:29:21.972663Z","level":"info","event":"1 2024-01-02  106.611221  ...  SOL-USD 2026-04-10 07:29:21.908006","logger":"task.stdout"}
{"timestamp":"2026-04-10T07:29:21.974580Z","level":"info","event":"2 2024-01-03   98.594437  ...  SOL-USD 2026-04-10 07:29:21.908006","logger":"task.stdout"}
{"timestamp":"2026-04-10T07:29:21.975565Z","level":"info","event":"3 2024-01-04  105.077538  ...  SOL-USD 2026-04-10 07:29:21.908006","logger":"task.stdout"}
{"timestamp":"2026-04-10T07:29:21.976463Z","level":"info","event":"4 2024-01-05   99.978790  ...  SOL-USD 2026-04-10 07:29:21.908006","logger":"task.stdout"}
{"timestamp":"2026-04-10T07:29:21.977317Z","level":"info","event":"","logger":"task.stdout"}
{"timestamp":"2026-04-10T07:29:21.982020Z","level":"info","event":"[5 rows x 8 columns]","logger":"task.stdout"}
{"timestamp":"2026-04-10T07:29:21.984256Z","level":"info","event":"(4745, 8)","logger":"task.stdout"}
{"timestamp":"2026-04-10T07:29:21.977588Z","level":"error","event":"Task failed with exception","logger":"task","filename":"task_runner.py","lineno":1347,"error_detail":[{"exc_type":"OperationalError","exc_value":"(psycopg2.OperationalError) connection to server at \"127.0.0.1\", port 5433 failed: Connection refused\n\tIs the server running on that host and accepting TCP/IP connections?\n\n(Background on this error at: https://sqlalche.me/e/20/e3q8)","exc_notes":[],"syntax_error":null,"is_cause":false,"frames":[{"filename":"/home/airflow/.local/lib/python3.13/site-packages/airflow/sdk/execution_time/task_runner.py","lineno":1263,"name":"run"},{"filename":"/home/airflow/.local/lib/python3.13/site-packages/airflow/sdk/execution_time/task_runner.py","lineno":1678,"name":"_execute_task"},{"filename":"/home/airflow/.local/lib/python3.13/site-packages/airflow/sdk/bases/operator.py","lineno":443,"name":"wrapper"},{"filename":"/home/airflow/.local/lib/python3.13/site-packages/airflow/sdk/bases/decorator.py","lineno":397,"name":"execute"},{"filename":"/home/airflow/.local/lib/python3.13/site-packages/airflow/sdk/bases/operator.py","lineno":443,"name":"wrapper"},{"filename":"/home/airflow/.local/lib/python3.13/site-packages/airflow/providers/standard/operators/python.py","lineno":227,"name":"execute"},{"filename":"/home/airflow/.local/lib/python3.13/site-packages/airflow/providers/standard/operators/python.py","lineno":250,"name":"execute_callable"},{"filename":"/home/airflow/.local/lib/python3.13/site-packages/airflow/sdk/execution_time/callback_runner.py","lineno":97,"name":"run"},{"filename":"/opt/airflow/dags/pipeline_dags.py","lineno":16,"name":"fetch_raw_data"},{"filename":"/opt/airflow/data_ingestion/fetch_data.py","lineno":59,"name":"fetch_and_save"},{"filename":"/home/airflow/.local/lib/python3.13/site-packages/pandas/util/_decorators.py","lineno":333,"name":"wrapper"},{"filename":"/home/airflow/.local/lib/python3.13/site-packages/pandas/core/generic.py","lineno":3109,"name":"to_sql"},{"filename":"/home/airflow/.local/lib/python3.13/site-packages/pandas/io/sql.py","lineno":843,"name":"to_sql"},{"filename":"/home/airflow/.local/lib/python3.13/site-packages/pandas/io/sql.py","lineno":908,"name":"pandasSQL_builder"},{"filename":"/home/airflow/.local/lib/python3.13/site-packages/pandas/io/sql.py","lineno":1648,"name":"__init__"},{"filename":"/home/airflow/.local/lib/python3.13/site-packages/sqlalchemy/engine/base.py","lineno":3293,"name":"connect"},{"filename":"/home/airflow/.local/lib/python3.13/site-packages/sqlalchemy/engine/base.py","lineno":145,"name":"__init__"},{"filename":"/home/airflow/.local/lib/python3.13/site-packages/sqlalchemy/engine/base.py","lineno":2448,"name":"_handle_dbapi_exception_noconnection"},{"filename":"/home/airflow/.local/lib/python3.13/site-packages/sqlalchemy/engine/base.py","lineno":143,"name":"__init__"},{"filename":"/home/airflow/.local/lib/python3.13/site-packages/sqlalchemy/engine/base.py","lineno":3317,"name":"raw_connection"},{"filename":"/home/airflow/.local/lib/python3.13/site-packages/sqlalchemy/pool/base.py","lineno":448,"name":"connect"},{"filename":"/home/airflow/.local/lib/python3.13/site-packages/sqlalchemy/pool/base.py","lineno":1272,"name":"_checkout"},{"filename":"/home/airflow/.local/lib/python3.13/site-packages/sqlalchemy/pool/base.py","lineno":712,"name":"checkout"},{"filename":"/home/airflow/.local/lib/python3.13/site-packages/sqlalchemy/pool/impl.py","lineno":177,"name":"_do_get"},{"filename":"/home/airflow/.local/lib/python3.13/site-packages/sqlalchemy/util/langhelpers.py","lineno":121,"name":"__exit__"},{"filename":"/home/airflow/.local/lib/python3.13/site-packages/sqlalchemy/pool/impl.py","lineno":175,"name":"_do_get"},{"filename":"/home/airflow/.local/lib/python3.13/site-packages/sqlalchemy/pool/base.py","lineno":389,"name":"_create_connection"},{"filename":"/home/airflow/.local/lib/python3.13/site-packages/sqlalchemy/pool/base.py","lineno":674,"name":"__init__"},{"filename":"/home/airflow/.local/lib/python3.13/site-packages/sqlalchemy/pool/base.py","lineno":900,"name":"__connect"},{"filename":"/home/airflow/.local/lib/python3.13/site-packages/sqlalchemy/util/langhelpers.py","lineno":121,"name":"__exit__"},{"filename":"/home/airflow/.local/lib/python3.13/site-packages/sqlalchemy/pool/base.py","lineno":896,"name":"__connect"},{"filename":"/home/airflow/.local/lib/python3.13/site-packages/sqlalchemy/engine/create.py","lineno":667,"name":"connect"},{"filename":"/home/airflow/.local/lib/python3.13/site-packages/sqlalchemy/engine/default.py","lineno":630,"name":"connect"},{"filename":"/home/airflow/.local/lib/python3.13/site-packages/psycopg2/__init__.py","lineno":122,"name":"connect"}],"is_group":false,"exceptions":[]},{"exc_type":"OperationalError","exc_value":"connection to server at \"127.0.0.1\", port 5433 failed: Connection refused\n\tIs the server running on that host and accepting TCP/IP connections?\n","exc_notes":[],"syntax_error":null,"is_cause":true,"frames":[{"filename":"/home/airflow/.local/lib/python3.13/site-packages/sqlalchemy/engine/base.py","lineno":143,"name":"__init__"},{"filename":"/home/airflow/.local/lib/python3.13/site-packages/sqlalchemy/engine/base.py","lineno":3317,"name":"raw_connection"},{"filename":"/home/airflow/.local/lib/python3.13/site-packages/sqlalchemy/pool/base.py","lineno":448,"name":"connect"},{"filename":"/home/airflow/.local/lib/python3.13/site-packages/sqlalchemy/pool/base.py","lineno":1272,"name":"_checkout"},{"filename":"/home/airflow/.local/lib/python3.13/site-packages/sqlalchemy/pool/base.py","lineno":712,"name":"checkout"},{"filename":"/home/airflow/.local/lib/python3.13/site-packages/sqlalchemy/pool/impl.py","lineno":177,"name":"_do_get"},{"filename":"/home/airflow/.local/lib/python3.13/site-packages/sqlalchemy/util/langhelpers.py","lineno":121,"name":"__exit__"},{"filename":"/home/airflow/.local/lib/python3.13/site-packages/sqlalchemy/pool/impl.py","lineno":175,"name":"_do_get"},{"filename":"/home/airflow/.local/lib/python3.13/site-packages/sqlalchemy/pool/base.py","lineno":389,"name":"_create_connection"},{"filename":"/home/airflow/.local/lib/python3.13/site-packages/sqlalchemy/pool/base.py","lineno":674,"name":"__init__"},{"filename":"/home/airflow/.local/lib/python3.13/site-packages/sqlalchemy/pool/base.py","lineno":900,"name":"__connect"},{"filename":"/home/airflow/.local/lib/python3.13/site-packages/sqlalchemy/util/langhelpers.py","lineno":121,"name":"__exit__"},{"filename":"/home/airflow/.local/lib/python3.13/site-packages/sqlalchemy/pool/base.py","lineno":896,"name":"__connect"},{"filename":"/home/airflow/.local/lib/python3.13/site-packages/sqlalchemy/engine/create.py","lineno":667,"name":"connect"},{"filename":"/home/airflow/.local/lib/python3.13/site-packages/sqlalchemy/engine/default.py","lineno":630,"name":"connect"},{"filename":"/home/airflow/.local/lib/python3.13/site-packages/psycopg2/__init__.py","lineno":122,"name":"connect"}],"is_group":false,"exceptions":[]}]}
