{"timestamp":"2026-04-24T23:46:01.319274Z","level":"info","event":"DAG bundles loaded: dags-folder","logger":"airflow.dag_processing.bundles.manager.DagBundlesManager","filename":"manager.py","lineno":209}
{"timestamp":"2026-04-24T23:46:01.327202Z","level":"info","event":"Filling up the DagBag from /opt/airflow/dags/pipeline_dags.py","logger":"airflow.dag_processing.dagbag.BundleDagBag","filename":"dagbag.py","lineno":469}
{"timestamp":"2026-04-24T23:46:22.590999Z","level":"info","event":"\u001b[0m23:46:09  Running with dbt=1.9.0","logger":"task.stdout"}
{"timestamp":"2026-04-24T23:46:22.601234Z","level":"info","event":"\u001b[0m23:46:10  Registered adapter: postgres=1.9.0","logger":"task.stdout"}
{"timestamp":"2026-04-24T23:46:22.602148Z","level":"info","event":"\u001b[0m23:46:11  Unable to do partial parsing because of a version mismatch","logger":"task.stdout"}
{"timestamp":"2026-04-24T23:46:22.602977Z","level":"info","event":"\u001b[0m23:46:18  Found 3 models, 7 data tests, 1 source, 434 macros","logger":"task.stdout"}
{"timestamp":"2026-04-24T23:46:22.603935Z","level":"info","event":"\u001b[0m23:46:18","logger":"task.stdout"}
{"timestamp":"2026-04-24T23:46:22.607339Z","level":"info","event":"\u001b[0m23:46:18  Concurrency: 4 threads (target='dev')","logger":"task.stdout"}
{"timestamp":"2026-04-24T23:46:22.609995Z","level":"info","event":"\u001b[0m23:46:18","logger":"task.stdout"}
{"timestamp":"2026-04-24T23:46:22.612544Z","level":"info","event":"\u001b[0m23:46:19  1 of 3 START sql view model public.stg_stock_price ............................. [RUN]","logger":"task.stdout"}
{"timestamp":"2026-04-24T23:46:22.613361Z","level":"info","event":"\u001b[0m23:46:19  1 of 3 OK created sql view model public.stg_stock_price ........................ [\u001b[32mCREATE VIEW\u001b[0m in 0.39s]","logger":"task.stdout"}
{"timestamp":"2026-04-24T23:46:22.616569Z","level":"info","event":"\u001b[0m23:46:19  3 of 3 START sql table model public.price_summary .............................. [RUN]","logger":"task.stdout"}
{"timestamp":"2026-04-24T23:46:22.617595Z","level":"info","event":"\u001b[0m23:46:19  2 of 3 START sql table model public.daily_returns .............................. [RUN]","logger":"task.stdout"}
{"timestamp":"2026-04-24T23:46:22.618507Z","level":"info","event":"\u001b[0m23:46:20  3 of 3 OK created sql table model public.price_summary ......................... [\u001b[32mSELECT 7\u001b[0m in 0.48s]","logger":"task.stdout"}
{"timestamp":"2026-04-24T23:46:22.619397Z","level":"info","event":"\u001b[0m23:46:20  2 of 3 OK created sql table model public.daily_returns ......................... [\u001b[32mSELECT 4851\u001b[0m in 0.49s]","logger":"task.stdout"}
{"timestamp":"2026-04-24T23:46:22.620387Z","level":"info","event":"\u001b[0m23:46:20","logger":"task.stdout"}
{"timestamp":"2026-04-24T23:46:22.621289Z","level":"info","event":"\u001b[0m23:46:20  Finished running 2 table models, 1 view model in 0 hours 0 minutes and 1.49 seconds (1.49s).","logger":"task.stdout"}
{"timestamp":"2026-04-24T23:46:22.622171Z","level":"info","event":"\u001b[0m23:46:20","logger":"task.stdout"}
{"timestamp":"2026-04-24T23:46:22.623070Z","level":"info","event":"\u001b[0m23:46:20  \u001b[32mCompleted successfully\u001b[0m","logger":"task.stdout"}
{"timestamp":"2026-04-24T23:46:22.623917Z","level":"info","event":"\u001b[0m23:46:20","logger":"task.stdout"}
{"timestamp":"2026-04-24T23:46:22.624922Z","level":"info","event":"\u001b[0m23:46:20  Done. PASS=3 WARN=0 ERROR=0 SKIP=0 TOTAL=3","logger":"task.stdout"}
{"timestamp":"2026-04-24T23:46:22.625828Z","level":"info","event":"","logger":"task.stdout"}
{"timestamp":"2026-04-24T23:46:22.626703Z","level":"info","event":"","logger":"task.stdout"}
{"timestamp":"2026-04-24T23:46:22.591363Z","level":"info","event":"Done. Returned value was: None","logger":"airflow.task.operators.airflow.providers.standard.decorators.python._PythonDecoratedOperator","filename":"python.py","lineno":229}
