{"timestamp":"2026-04-27T11:39:11.946712Z","level":"info","event":"DAG bundles loaded: dags-folder","logger":"airflow.dag_processing.bundles.manager.DagBundlesManager","filename":"manager.py","lineno":209}
{"timestamp":"2026-04-27T11:39:11.963715Z","level":"info","event":"Filling up the DagBag from /opt/airflow/dags/pipeline_dags.py","logger":"airflow.dag_processing.dagbag.BundleDagBag","filename":"dagbag.py","lineno":469}
{"timestamp":"2026-04-27T11:39:18.415594Z","level":"error","event":"$AAPL: possibly delisted; no price data found  (1d 2026-04-26 -> 2026-04-27)","logger":"yfinance","filename":"history.py","lineno":289}
{"timestamp":"2026-04-27T11:39:18.434516Z","level":"error","event":"\n1 Failed download:","logger":"yfinance","filename":"multi.py","lineno":195}
{"timestamp":"2026-04-27T11:39:18.435382Z","level":"error","event":"['AAPL']: possibly delisted; no price data found  (1d 2026-04-26 -> 2026-04-27)","logger":"yfinance","filename":"multi.py","lineno":208}
{"timestamp":"2026-04-27T11:39:18.509988Z","level":"info","event":"⚠️ No data for AAPL — skipping","logger":"task.stdout"}
{"timestamp":"2026-04-27T11:39:19.152190Z","level":"error","event":"$GOOGL: possibly delisted; no price data found  (1d 2026-04-26 -> 2026-04-27)","logger":"yfinance","filename":"history.py","lineno":289}
{"timestamp":"2026-04-27T11:39:19.157658Z","level":"error","event":"\n1 Failed download:","logger":"yfinance","filename":"multi.py","lineno":195}
{"timestamp":"2026-04-27T11:39:19.160111Z","level":"error","event":"['GOOGL']: possibly delisted; no price data found  (1d 2026-04-26 -> 2026-04-27)","logger":"yfinance","filename":"multi.py","lineno":208}
{"timestamp":"2026-04-27T11:39:19.176621Z","level":"info","event":"⚠️ No data for GOOGL — skipping","logger":"task.stdout"}
{"timestamp":"2026-04-27T11:35:45.833889Z","level":"error","event":"$MSFT: possibly delisted; no price data found  (1d 2026-04-26 -> 2026-04-27)","logger":"yfinance","filename":"history.py","lineno":289}
{"timestamp":"2026-04-27T11:35:45.837904Z","level":"error","event":"\n1 Failed download:","logger":"yfinance","filename":"multi.py","lineno":195}
{"timestamp":"2026-04-27T11:35:45.838345Z","level":"error","event":"['MSFT']: possibly delisted; no price data found  (1d 2026-04-26 -> 2026-04-27)","logger":"yfinance","filename":"multi.py","lineno":208}
{"timestamp":"2026-04-27T11:35:45.846357Z","level":"info","event":"⚠️ No data for MSFT — skipping","logger":"task.stdout"}
{"timestamp":"2026-04-27T11:39:21.372548Z","level":"error","event":"$NVDA: possibly delisted; no price data found  (1d 2026-04-26 -> 2026-04-27)","logger":"yfinance","filename":"history.py","lineno":289}
{"timestamp":"2026-04-27T11:39:21.374002Z","level":"error","event":"\n1 Failed download:","logger":"yfinance","filename":"multi.py","lineno":195}
{"timestamp":"2026-04-27T11:39:21.374511Z","level":"error","event":"['NVDA']: possibly delisted; no price data found  (1d 2026-04-26 -> 2026-04-27)","logger":"yfinance","filename":"multi.py","lineno":208}
{"timestamp":"2026-04-27T11:39:21.381581Z","level":"info","event":"⚠️ No data for NVDA — skipping","logger":"task.stdout"}
{"timestamp":"2026-04-27T11:39:29.952861Z","level":"info","event":"(3, 8)","logger":"task.stdout"}
{"timestamp":"2026-04-27T11:39:30.002109Z","level":"info","event":"✅ Data saved to Postgres","logger":"task.stdout"}
{"timestamp":"2026-04-27T11:39:30.002826Z","level":"info","event":"Done. Returned value was: None","logger":"airflow.task.operators.airflow.providers.standard.decorators.python._PythonDecoratedOperator","filename":"python.py","lineno":229}
