{"timestamp":"2026-04-13T01:18:48.398558Z","level":"info","event":"DAG bundles loaded: dags-folder","logger":"airflow.dag_processing.bundles.manager.DagBundlesManager","filename":"manager.py","lineno":209}
{"timestamp":"2026-04-13T01:18:48.432538Z","level":"info","event":"Filling up the DagBag from /opt/airflow/dags/pipeline_dags.py","logger":"airflow.dag_processing.dagbag.BundleDagBag","filename":"dagbag.py","lineno":469}
{"timestamp":"2026-04-13T01:18:54.287326Z","level":"error","event":"$AAPL: possibly delisted; no price data found  (1d 2026-04-12 -> 2026-04-13)","logger":"yfinance","filename":"history.py","lineno":276}
{"timestamp":"2026-04-13T01:18:54.291463Z","level":"error","event":"\n1 Failed download:","logger":"yfinance","filename":"multi.py","lineno":176}
{"timestamp":"2026-04-13T01:18:54.292096Z","level":"error","event":"['AAPL']: possibly delisted; no price data found  (1d 2026-04-12 -> 2026-04-13)","logger":"yfinance","filename":"multi.py","lineno":189}
{"timestamp":"2026-04-13T01:18:54.338200Z","level":"info","event":"⚠️ No data for AAPL — skipping","logger":"task.stdout"}
{"timestamp":"2026-04-13T01:18:55.053156Z","level":"error","event":"$GOOGL: possibly delisted; no price data found  (1d 2026-04-12 -> 2026-04-13)","logger":"yfinance","filename":"history.py","lineno":276}
{"timestamp":"2026-04-13T01:18:55.060089Z","level":"error","event":"\n1 Failed download:","logger":"yfinance","filename":"multi.py","lineno":176}
{"timestamp":"2026-04-13T01:18:55.060448Z","level":"error","event":"['GOOGL']: possibly delisted; no price data found  (1d 2026-04-12 -> 2026-04-13)","logger":"yfinance","filename":"multi.py","lineno":189}
{"timestamp":"2026-04-13T01:18:55.065443Z","level":"info","event":"⚠️ No data for GOOGL — skipping","logger":"task.stdout"}
{"timestamp":"2026-04-13T01:18:55.871587Z","level":"error","event":"$MSFT: possibly delisted; no price data found  (1d 2026-04-12 -> 2026-04-13)","logger":"yfinance","filename":"history.py","lineno":276}
{"timestamp":"2026-04-13T01:18:55.875633Z","level":"error","event":"\n1 Failed download:","logger":"yfinance","filename":"multi.py","lineno":176}
{"timestamp":"2026-04-13T01:18:55.875884Z","level":"error","event":"['MSFT']: possibly delisted; no price data found  (1d 2026-04-12 -> 2026-04-13)","logger":"yfinance","filename":"multi.py","lineno":189}
{"timestamp":"2026-04-13T01:18:55.880081Z","level":"info","event":"⚠️ No data for MSFT — skipping","logger":"task.stdout"}
{"timestamp":"2026-04-13T01:18:56.652838Z","level":"error","event":"$NVDA: possibly delisted; no price data found  (1d 2026-04-12 -> 2026-04-13)","logger":"yfinance","filename":"history.py","lineno":276}
{"timestamp":"2026-04-13T01:18:56.659450Z","level":"error","event":"\n1 Failed download:","logger":"yfinance","filename":"multi.py","lineno":176}
{"timestamp":"2026-04-13T01:18:56.659669Z","level":"error","event":"['NVDA']: possibly delisted; no price data found  (1d 2026-04-12 -> 2026-04-13)","logger":"yfinance","filename":"multi.py","lineno":189}
{"timestamp":"2026-04-13T01:18:56.662954Z","level":"info","event":"⚠️ No data for NVDA — skipping","logger":"task.stdout"}
{"timestamp":"2026-04-13T01:18:57.401514Z","level":"info","event":"⚠️ No data for BTC-USD — skipping","logger":"task.stdout"}
{"timestamp":"2026-04-13T01:18:58.241928Z","level":"info","event":"⚠️ No data for ETH-USD — skipping","logger":"task.stdout"}
{"timestamp":"2026-04-13T01:18:59.007910Z","level":"info","event":"⚠️ No data for SOL-USD — skipping","logger":"task.stdout"}
{"timestamp":"2026-04-13T01:18:59.008576Z","level":"info","event":"⚠️ No data fetched today — market might be closed","logger":"task.stdout"}
{"timestamp":"2026-04-13T01:18:59.008580Z","level":"info","event":"Done. Returned value was: None","logger":"airflow.task.operators.airflow.providers.standard.decorators.python._PythonDecoratedOperator","filename":"python.py","lineno":229}
