{"timestamp":"2026-04-16T23:52:51.447692Z","level":"info","event":"DAG bundles loaded: dags-folder","logger":"airflow.dag_processing.bundles.manager.DagBundlesManager","filename":"manager.py","lineno":209}
{"timestamp":"2026-04-16T23:52:51.484917Z","level":"info","event":"Filling up the DagBag from /opt/airflow/dags/pipeline_dags.py","logger":"airflow.dag_processing.dagbag.BundleDagBag","filename":"dagbag.py","lineno":469}
{"timestamp":"2026-04-16T23:55:23.015694Z","level":"info","event":"\u001b[0m23:53:38  Running with dbt=1.9.0","logger":"task.stdout"}
{"timestamp":"2026-04-16T23:55:23.022629Z","level":"info","event":"\u001b[0m23:54:09  Registered adapter: postgres=1.9.0","logger":"task.stdout"}
{"timestamp":"2026-04-16T23:55:23.024064Z","level":"info","event":"\u001b[0m23:54:20  Found 3 models, 7 data tests, 1 source, 434 macros","logger":"task.stdout"}
{"timestamp":"2026-04-16T23:55:23.025176Z","level":"info","event":"\u001b[0m23:54:21","logger":"task.stdout"}
{"timestamp":"2026-04-16T23:55:23.027471Z","level":"info","event":"\u001b[0m23:54:21  Concurrency: 4 threads (target='dev')","logger":"task.stdout"}
{"timestamp":"2026-04-16T23:55:23.028973Z","level":"info","event":"\u001b[0m23:54:21","logger":"task.stdout"}
{"timestamp":"2026-04-16T23:55:23.030200Z","level":"info","event":"\u001b[0m23:55:08  1 of 3 START sql view model public.stg_stock_price ............................. [RUN]","logger":"task.stdout"}
{"timestamp":"2026-04-16T23:55:23.031417Z","level":"info","event":"\u001b[0m23:55:11  1 of 3 OK created sql view model public.stg_stock_price ........................ [\u001b[32mCREATE VIEW\u001b[0m in 2.52s]","logger":"task.stdout"}
{"timestamp":"2026-04-16T23:55:23.032462Z","level":"info","event":"\u001b[0m23:55:11  2 of 3 START sql table model public.daily_returns .............................. [RUN]","logger":"task.stdout"}
{"timestamp":"2026-04-16T23:55:23.033720Z","level":"info","event":"\u001b[0m23:55:11  3 of 3 START sql table model public.price_summary .............................. [RUN]","logger":"task.stdout"}
{"timestamp":"2026-04-16T23:55:23.035102Z","level":"info","event":"\u001b[0m23:55:13  3 of 3 OK created sql table model public.price_summary ......................... [\u001b[32mSELECT 7\u001b[0m in 2.01s]","logger":"task.stdout"}
{"timestamp":"2026-04-16T23:55:23.035933Z","level":"info","event":"\u001b[0m23:55:13  2 of 3 OK created sql table model public.daily_returns ......................... [\u001b[32mSELECT 4914\u001b[0m in 2.15s]","logger":"task.stdout"}
{"timestamp":"2026-04-16T23:55:23.037052Z","level":"info","event":"\u001b[0m23:55:14","logger":"task.stdout"}
{"timestamp":"2026-04-16T23:55:23.039136Z","level":"info","event":"\u001b[0m23:55:14  Finished running 2 table models, 1 view model in 0 hours 0 minutes and 52.01 seconds (52.01s).","logger":"task.stdout"}
{"timestamp":"2026-04-16T23:55:23.040032Z","level":"info","event":"\u001b[0m23:55:14","logger":"task.stdout"}
{"timestamp":"2026-04-16T23:55:23.040831Z","level":"info","event":"\u001b[0m23:55:14  \u001b[32mCompleted successfully\u001b[0m","logger":"task.stdout"}
{"timestamp":"2026-04-16T23:55:23.041681Z","level":"info","event":"\u001b[0m23:55:14","logger":"task.stdout"}
{"timestamp":"2026-04-16T23:55:23.043394Z","level":"info","event":"\u001b[0m23:55:14  Done. PASS=3 WARN=0 ERROR=0 SKIP=0 TOTAL=3","logger":"task.stdout"}
{"timestamp":"2026-04-16T23:55:23.044706Z","level":"info","event":"","logger":"task.stdout"}
{"timestamp":"2026-04-16T23:55:23.047253Z","level":"info","event":"","logger":"task.stdout"}
{"timestamp":"2026-04-16T23:55:23.017700Z","level":"info","event":"Done. Returned value was: None","logger":"airflow.task.operators.airflow.providers.standard.decorators.python._PythonDecoratedOperator","filename":"python.py","lineno":229}
