{"timestamp":"2026-04-27T11:40:44.146818Z","level":"info","event":"DAG bundles loaded: dags-folder","logger":"airflow.dag_processing.bundles.manager.DagBundlesManager","filename":"manager.py","lineno":209}
{"timestamp":"2026-04-27T11:40:44.151952Z","level":"info","event":"Filling up the DagBag from /opt/airflow/dags/pipeline_dags.py","logger":"airflow.dag_processing.dagbag.BundleDagBag","filename":"dagbag.py","lineno":469}
{"timestamp":"2026-04-27T11:40:47.562466Z","level":"error","event":"$AAPL: possibly delisted; no price data found  (1d 2026-04-26 -> 2026-04-27)","logger":"yfinance","filename":"history.py","lineno":289}
{"timestamp":"2026-04-27T11:40:47.565186Z","level":"error","event":"\n1 Failed download:","logger":"yfinance","filename":"multi.py","lineno":195}
{"timestamp":"2026-04-27T11:40:47.565746Z","level":"error","event":"['AAPL']: possibly delisted; no price data found  (1d 2026-04-26 -> 2026-04-27)","logger":"yfinance","filename":"multi.py","lineno":208}
{"timestamp":"2026-04-27T11:40:47.600368Z","level":"info","event":"⚠️ No data for AAPL — skipping","logger":"task.stdout"}
{"timestamp":"2026-04-27T11:40:48.404966Z","level":"error","event":"$GOOGL: possibly delisted; no price data found  (1d 2026-04-26 -> 2026-04-27)","logger":"yfinance","filename":"history.py","lineno":289}
{"timestamp":"2026-04-27T11:40:48.406821Z","level":"error","event":"\n1 Failed download:","logger":"yfinance","filename":"multi.py","lineno":195}
{"timestamp":"2026-04-27T11:40:48.407251Z","level":"error","event":"['GOOGL']: possibly delisted; no price data found  (1d 2026-04-26 -> 2026-04-27)","logger":"yfinance","filename":"multi.py","lineno":208}
{"timestamp":"2026-04-27T11:40:48.415655Z","level":"info","event":"⚠️ No data for GOOGL — skipping","logger":"task.stdout"}
{"timestamp":"2026-04-27T11:40:49.013576Z","level":"error","event":"$MSFT: possibly delisted; no price data found  (1d 2026-04-26 -> 2026-04-27)","logger":"yfinance","filename":"history.py","lineno":289}
{"timestamp":"2026-04-27T11:40:49.022552Z","level":"error","event":"\n1 Failed download:","logger":"yfinance","filename":"multi.py","lineno":195}
{"timestamp":"2026-04-27T11:40:49.023090Z","level":"error","event":"['MSFT']: possibly delisted; no price data found  (1d 2026-04-26 -> 2026-04-27)","logger":"yfinance","filename":"multi.py","lineno":208}
{"timestamp":"2026-04-27T11:40:49.031717Z","level":"info","event":"⚠️ No data for MSFT — skipping","logger":"task.stdout"}
{"timestamp":"2026-04-27T11:40:49.568337Z","level":"error","event":"$NVDA: possibly delisted; no price data found  (1d 2026-04-26 -> 2026-04-27)","logger":"yfinance","filename":"history.py","lineno":289}
{"timestamp":"2026-04-27T11:40:49.572002Z","level":"error","event":"\n1 Failed download:","logger":"yfinance","filename":"multi.py","lineno":195}
{"timestamp":"2026-04-27T11:40:49.572482Z","level":"error","event":"['NVDA']: possibly delisted; no price data found  (1d 2026-04-26 -> 2026-04-27)","logger":"yfinance","filename":"multi.py","lineno":208}
{"timestamp":"2026-04-27T11:40:49.621515Z","level":"info","event":"⚠️ No data for NVDA — skipping","logger":"task.stdout"}
{"timestamp":"2026-04-27T11:40:56.236347Z","level":"info","event":"(3, 8)","logger":"task.stdout"}
{"timestamp":"2026-04-27T11:40:56.288618Z","level":"info","event":"✅ Data saved to Postgres","logger":"task.stdout"}
{"timestamp":"2026-04-27T11:40:56.289673Z","level":"info","event":"Done. Returned value was: None","logger":"airflow.task.operators.airflow.providers.standard.decorators.python._PythonDecoratedOperator","filename":"python.py","lineno":229}
