{"timestamp":"2026-04-12T23:11:32.109417Z","level":"info","event":"DAG bundles loaded: dags-folder","logger":"airflow.dag_processing.bundles.manager.DagBundlesManager","filename":"manager.py","lineno":209}
{"timestamp":"2026-04-12T23:11:32.129857Z","level":"info","event":"Filling up the DagBag from /opt/airflow/dags/pipeline_dags.py","logger":"airflow.dag_processing.dagbag.BundleDagBag","filename":"dagbag.py","lineno":469}
{"timestamp":"2026-04-12T23:11:40.728744Z","level":"info","event":"        date        open  ...  ticker                ingested_at","logger":"task.stdout"}
{"timestamp":"2026-04-12T23:11:40.729772Z","level":"info","event":"0 2026-04-10  260.480011  ...    AAPL 2026-04-12 23:11:40.702455","logger":"task.stdout"}
{"timestamp":"2026-04-12T23:11:40.730642Z","level":"info","event":"","logger":"task.stdout"}
{"timestamp":"2026-04-12T23:11:40.731134Z","level":"info","event":"[1 rows x 8 columns]","logger":"task.stdout"}
{"timestamp":"2026-04-12T23:11:40.731790Z","level":"info","event":"(1, 8)","logger":"task.stdout"}
{"timestamp":"2026-04-12T23:11:41.353436Z","level":"info","event":"        date       open        high  ...    volume  ticker                ingested_at","logger":"task.stdout"}
{"timestamp":"2026-04-12T23:11:41.354234Z","level":"info","event":"0 2026-04-10  317.23999  321.829987  ...  18914274   GOOGL 2026-04-12 23:11:41.340874","logger":"task.stdout"}
{"timestamp":"2026-04-12T23:11:41.354779Z","level":"info","event":"","logger":"task.stdout"}
{"timestamp":"2026-04-12T23:11:41.355307Z","level":"info","event":"[1 rows x 8 columns]","logger":"task.stdout"}
{"timestamp":"2026-04-12T23:11:41.363398Z","level":"info","event":"(2, 8)","logger":"task.stdout"}
{"timestamp":"2026-04-12T23:11:42.039259Z","level":"info","event":"        date        open  ...  ticker                ingested_at","logger":"task.stdout"}
{"timestamp":"2026-04-12T23:11:42.039812Z","level":"info","event":"0 2026-04-10  370.869995  ...    MSFT 2026-04-12 23:11:42.025084","logger":"task.stdout"}
{"timestamp":"2026-04-12T23:11:42.040259Z","level":"info","event":"","logger":"task.stdout"}
{"timestamp":"2026-04-12T23:11:42.040680Z","level":"info","event":"[1 rows x 8 columns]","logger":"task.stdout"}
{"timestamp":"2026-04-12T23:11:42.041114Z","level":"info","event":"(3, 8)","logger":"task.stdout"}
{"timestamp":"2026-04-12T23:11:42.552877Z","level":"info","event":"        date        open   high  ...     volume  ticker                ingested_at","logger":"task.stdout"}
{"timestamp":"2026-04-12T23:11:42.553729Z","level":"info","event":"0 2026-04-10  188.630005  190.0  ...  159395820    NVDA 2026-04-12 23:11:42.542898","logger":"task.stdout"}
{"timestamp":"2026-04-12T23:11:42.554207Z","level":"info","event":"","logger":"task.stdout"}
{"timestamp":"2026-04-12T23:11:42.554624Z","level":"info","event":"[1 rows x 8 columns]","logger":"task.stdout"}
{"timestamp":"2026-04-12T23:11:42.573439Z","level":"info","event":"(4, 8)","logger":"task.stdout"}
{"timestamp":"2026-04-12T23:11:43.060823Z","level":"info","event":"        date          open  ...   ticker                ingested_at","logger":"task.stdout"}
{"timestamp":"2026-04-12T23:11:43.061599Z","level":"info","event":"0 2026-04-11  73054.273438  ...  BTC-USD 2026-04-12 23:11:43.048536","logger":"task.stdout"}
{"timestamp":"2026-04-12T23:11:43.062165Z","level":"info","event":"","logger":"task.stdout"}
{"timestamp":"2026-04-12T23:11:43.062790Z","level":"info","event":"[1 rows x 8 columns]","logger":"task.stdout"}
{"timestamp":"2026-04-12T23:11:43.063661Z","level":"info","event":"(5, 8)","logger":"task.stdout"}
{"timestamp":"2026-04-12T23:11:43.643664Z","level":"info","event":"        date         open  ...   ticker                ingested_at","logger":"task.stdout"}
{"timestamp":"2026-04-12T23:11:43.644222Z","level":"info","event":"0 2026-04-11  2285.390137  ...  ETH-USD 2026-04-12 23:11:43.634638","logger":"task.stdout"}
{"timestamp":"2026-04-12T23:11:43.644717Z","level":"info","event":"","logger":"task.stdout"}
{"timestamp":"2026-04-12T23:11:43.645167Z","level":"info","event":"[1 rows x 8 columns]","logger":"task.stdout"}
{"timestamp":"2026-04-12T23:11:43.645685Z","level":"info","event":"(6, 8)","logger":"task.stdout"}
{"timestamp":"2026-04-12T23:11:46.856802Z","level":"info","event":"        date       open  ...   ticker                ingested_at","logger":"task.stdout"}
{"timestamp":"2026-04-12T23:11:46.857508Z","level":"info","event":"0 2026-04-11  84.948769  ...  SOL-USD 2026-04-12 23:11:46.844253","logger":"task.stdout"}
{"timestamp":"2026-04-12T23:11:46.858216Z","level":"info","event":"","logger":"task.stdout"}
{"timestamp":"2026-04-12T23:11:46.858745Z","level":"info","event":"[1 rows x 8 columns]","logger":"task.stdout"}
{"timestamp":"2026-04-12T23:11:46.859335Z","level":"info","event":"(7, 8)","logger":"task.stdout"}
{"timestamp":"2026-04-12T23:11:46.970410Z","level":"info","event":"Done. Returned value was: None","logger":"airflow.task.operators.airflow.providers.standard.decorators.python._PythonDecoratedOperator","filename":"python.py","lineno":229}
