{"timestamp":"2026-04-25T09:45:13.814021Z","level":"info","event":"DAG bundles loaded: dags-folder","logger":"airflow.dag_processing.bundles.manager.DagBundlesManager","filename":"manager.py","lineno":209}
{"timestamp":"2026-04-25T09:45:13.818541Z","level":"info","event":"Filling up the DagBag from /opt/airflow/dags/pipeline_dags.py","logger":"airflow.dag_processing.dagbag.BundleDagBag","filename":"dagbag.py","lineno":469}
{"timestamp":"2026-04-25T09:45:31.203718Z","level":"info","event":"\u001b[0m09:45:23  Running with dbt=1.9.0","logger":"task.stdout"}
{"timestamp":"2026-04-25T09:45:31.205206Z","level":"info","event":"\u001b[0m09:45:23  Registered adapter: postgres=1.9.0","logger":"task.stdout"}
{"timestamp":"2026-04-25T09:45:31.206051Z","level":"info","event":"\u001b[0m09:45:26  Found 3 models, 7 data tests, 1 source, 434 macros","logger":"task.stdout"}
{"timestamp":"2026-04-25T09:45:31.206840Z","level":"info","event":"\u001b[0m09:45:26","logger":"task.stdout"}
{"timestamp":"2026-04-25T09:45:31.207664Z","level":"info","event":"\u001b[0m09:45:26  Concurrency: 4 threads (target='dev')","logger":"task.stdout"}
{"timestamp":"2026-04-25T09:45:31.208565Z","level":"info","event":"\u001b[0m09:45:26","logger":"task.stdout"}
{"timestamp":"2026-04-25T09:45:31.209392Z","level":"info","event":"\u001b[0m09:45:26  1 of 3 START sql view model public.stg_stock_price ............................. [RUN]","logger":"task.stdout"}
{"timestamp":"2026-04-25T09:45:31.210394Z","level":"info","event":"\u001b[0m09:45:27  1 of 3 OK created sql view model public.stg_stock_price ........................ [\u001b[32mCREATE VIEW\u001b[0m in 0.56s]","logger":"task.stdout"}
{"timestamp":"2026-04-25T09:45:31.211231Z","level":"info","event":"\u001b[0m09:45:27  3 of 3 START sql table model public.price_summary .............................. [RUN]","logger":"task.stdout"}
{"timestamp":"2026-04-25T09:45:31.211999Z","level":"info","event":"\u001b[0m09:45:27  2 of 3 START sql table model public.daily_returns .............................. [RUN]","logger":"task.stdout"}
{"timestamp":"2026-04-25T09:45:31.212840Z","level":"info","event":"\u001b[0m09:45:28  3 of 3 OK created sql table model public.price_summary ......................... [\u001b[32mSELECT 7\u001b[0m in 0.78s]","logger":"task.stdout"}
{"timestamp":"2026-04-25T09:45:31.213656Z","level":"info","event":"\u001b[0m09:45:28  2 of 3 OK created sql table model public.daily_returns ......................... [\u001b[32mSELECT 9486\u001b[0m in 0.90s]","logger":"task.stdout"}
{"timestamp":"2026-04-25T09:45:31.214419Z","level":"info","event":"\u001b[0m09:45:28","logger":"task.stdout"}
{"timestamp":"2026-04-25T09:45:31.215130Z","level":"info","event":"\u001b[0m09:45:28  Finished running 2 table models, 1 view model in 0 hours 0 minutes and 2.13 seconds (2.13s).","logger":"task.stdout"}
{"timestamp":"2026-04-25T09:45:31.215915Z","level":"info","event":"\u001b[0m09:45:28","logger":"task.stdout"}
{"timestamp":"2026-04-25T09:45:31.216705Z","level":"info","event":"\u001b[0m09:45:28  \u001b[32mCompleted successfully\u001b[0m","logger":"task.stdout"}
{"timestamp":"2026-04-25T09:45:31.217463Z","level":"info","event":"\u001b[0m09:45:28","logger":"task.stdout"}
{"timestamp":"2026-04-25T09:45:31.218261Z","level":"info","event":"\u001b[0m09:45:28  Done. PASS=3 WARN=0 ERROR=0 SKIP=0 TOTAL=3","logger":"task.stdout"}
{"timestamp":"2026-04-25T09:45:31.219052Z","level":"info","event":"","logger":"task.stdout"}
{"timestamp":"2026-04-25T09:45:31.219800Z","level":"info","event":"","logger":"task.stdout"}
{"timestamp":"2026-04-25T09:45:31.204121Z","level":"info","event":"Done. Returned value was: None","logger":"airflow.task.operators.airflow.providers.standard.decorators.python._PythonDecoratedOperator","filename":"python.py","lineno":229}
