{"timestamp":"2026-04-13T01:52:20.371075Z","level":"info","event":"DAG bundles loaded: dags-folder","logger":"airflow.dag_processing.bundles.manager.DagBundlesManager","filename":"manager.py","lineno":209}
{"timestamp":"2026-04-13T01:52:20.400763Z","level":"info","event":"Filling up the DagBag from /opt/airflow/dags/pipeline_dags.py","logger":"airflow.dag_processing.dagbag.BundleDagBag","filename":"dagbag.py","lineno":469}
{"timestamp":"2026-04-13T01:52:27.499259Z","level":"error","event":"$AAPL: possibly delisted; no price data found  (1d 2026-04-12 -> 2026-04-13)","logger":"yfinance","filename":"history.py","lineno":276}
{"timestamp":"2026-04-13T01:52:27.509172Z","level":"error","event":"\n1 Failed download:","logger":"yfinance","filename":"multi.py","lineno":176}
{"timestamp":"2026-04-13T01:52:27.510216Z","level":"error","event":"['AAPL']: possibly delisted; no price data found  (1d 2026-04-12 -> 2026-04-13)","logger":"yfinance","filename":"multi.py","lineno":189}
{"timestamp":"2026-04-13T01:52:27.559440Z","level":"info","event":"⚠️ No data for AAPL — skipping","logger":"task.stdout"}
{"timestamp":"2026-04-13T01:52:28.181484Z","level":"error","event":"$GOOGL: possibly delisted; no price data found  (1d 2026-04-12 -> 2026-04-13)","logger":"yfinance","filename":"history.py","lineno":276}
{"timestamp":"2026-04-13T01:52:28.185291Z","level":"error","event":"\n1 Failed download:","logger":"yfinance","filename":"multi.py","lineno":176}
{"timestamp":"2026-04-13T01:52:28.185975Z","level":"error","event":"['GOOGL']: possibly delisted; no price data found  (1d 2026-04-12 -> 2026-04-13)","logger":"yfinance","filename":"multi.py","lineno":189}
{"timestamp":"2026-04-13T01:52:28.193394Z","level":"info","event":"⚠️ No data for GOOGL — skipping","logger":"task.stdout"}
{"timestamp":"2026-04-13T01:52:29.049372Z","level":"error","event":"$MSFT: possibly delisted; no price data found  (1d 2026-04-12 -> 2026-04-13)","logger":"yfinance","filename":"history.py","lineno":276}
{"timestamp":"2026-04-13T01:52:29.058459Z","level":"error","event":"\n1 Failed download:","logger":"yfinance","filename":"multi.py","lineno":176}
{"timestamp":"2026-04-13T01:52:29.058902Z","level":"error","event":"['MSFT']: possibly delisted; no price data found  (1d 2026-04-12 -> 2026-04-13)","logger":"yfinance","filename":"multi.py","lineno":189}
{"timestamp":"2026-04-13T01:52:29.065789Z","level":"info","event":"⚠️ No data for MSFT — skipping","logger":"task.stdout"}
{"timestamp":"2026-04-13T01:52:29.748043Z","level":"error","event":"$NVDA: possibly delisted; no price data found  (1d 2026-04-12 -> 2026-04-13)","logger":"yfinance","filename":"history.py","lineno":276}
{"timestamp":"2026-04-13T01:52:29.749833Z","level":"error","event":"\n1 Failed download:","logger":"yfinance","filename":"multi.py","lineno":176}
{"timestamp":"2026-04-13T01:52:29.750365Z","level":"error","event":"['NVDA']: possibly delisted; no price data found  (1d 2026-04-12 -> 2026-04-13)","logger":"yfinance","filename":"multi.py","lineno":189}
{"timestamp":"2026-04-13T01:52:29.760003Z","level":"info","event":"⚠️ No data for NVDA — skipping","logger":"task.stdout"}
{"timestamp":"2026-04-13T01:52:30.388051Z","level":"info","event":"⚠️ No data for BTC-USD — skipping","logger":"task.stdout"}
{"timestamp":"2026-04-13T01:52:30.976710Z","level":"info","event":"⚠️ No data for ETH-USD — skipping","logger":"task.stdout"}
{"timestamp":"2026-04-13T01:52:31.723176Z","level":"info","event":"⚠️ No data for SOL-USD — skipping","logger":"task.stdout"}
{"timestamp":"2026-04-13T01:52:31.723911Z","level":"info","event":"⚠️ No data fetched today — market might be closed","logger":"task.stdout"}
{"timestamp":"2026-04-13T01:52:31.723778Z","level":"info","event":"Done. Returned value was: None","logger":"airflow.task.operators.airflow.providers.standard.decorators.python._PythonDecoratedOperator","filename":"python.py","lineno":229}
