{"timestamp":"2026-04-11T08:15:13.056968Z","level":"info","event":"DAG bundles loaded: dags-folder","logger":"airflow.dag_processing.bundles.manager.DagBundlesManager","filename":"manager.py","lineno":209}
{"timestamp":"2026-04-11T08:15:13.072836Z","level":"info","event":"Filling up the DagBag from /opt/airflow/dags/pipeline_dags.py","logger":"airflow.dag_processing.dagbag.BundleDagBag","filename":"dagbag.py","lineno":469}
{"timestamp":"2026-04-11T08:15:21.083122Z","level":"info","event":"        date       open        high  ...    volume  ticker                ingested_at","logger":"task.stdout"}
{"timestamp":"2026-04-11T08:15:21.088145Z","level":"info","event":"0 2026-04-09  260.48999  261.119995  ...  28121600    AAPL 2026-04-11 08:15:21.028922","logger":"task.stdout"}
{"timestamp":"2026-04-11T08:15:21.088827Z","level":"info","event":"","logger":"task.stdout"}
{"timestamp":"2026-04-11T08:15:21.089622Z","level":"info","event":"[1 rows x 8 columns]","logger":"task.stdout"}
{"timestamp":"2026-04-11T08:15:21.760818Z","level":"info","event":"        date       open        high  ...    volume  ticker                ingested_at","logger":"task.stdout"}
{"timestamp":"2026-04-11T08:15:21.762030Z","level":"info","event":"0 2026-04-09  318.48999  319.540009  ...  23739200   GOOGL 2026-04-11 08:15:21.737379","logger":"task.stdout"}
{"timestamp":"2026-04-11T08:15:21.762860Z","level":"info","event":"","logger":"task.stdout"}
{"timestamp":"2026-04-11T08:15:21.764681Z","level":"info","event":"[1 rows x 8 columns]","logger":"task.stdout"}
{"timestamp":"2026-04-11T08:15:22.596280Z","level":"info","event":"        date        open   high  ...    volume  ticker                ingested_at","logger":"task.stdout"}
{"timestamp":"2026-04-11T08:15:22.597116Z","level":"info","event":"0 2026-04-09  373.070007  373.5  ...  30435300    MSFT 2026-04-11 08:15:22.581577","logger":"task.stdout"}
{"timestamp":"2026-04-11T08:15:22.597766Z","level":"info","event":"","logger":"task.stdout"}
{"timestamp":"2026-04-11T08:15:22.598498Z","level":"info","event":"[1 rows x 8 columns]","logger":"task.stdout"}
{"timestamp":"2026-04-11T08:15:23.372862Z","level":"info","event":"        date        open  ...  ticker                ingested_at","logger":"task.stdout"}
{"timestamp":"2026-04-11T08:15:23.377987Z","level":"info","event":"0 2026-04-09  183.910004  ...    NVDA 2026-04-11 08:15:23.359706","logger":"task.stdout"}
{"timestamp":"2026-04-11T08:15:23.378787Z","level":"info","event":"","logger":"task.stdout"}
{"timestamp":"2026-04-11T08:15:23.379579Z","level":"info","event":"[1 rows x 8 columns]","logger":"task.stdout"}
{"timestamp":"2026-04-11T08:15:24.132654Z","level":"info","event":"        date          open  ...   ticker                ingested_at","logger":"task.stdout"}
{"timestamp":"2026-04-11T08:15:24.133369Z","level":"info","event":"0 2026-04-09  71767.828125  ...  BTC-USD 2026-04-11 08:15:24.122106","logger":"task.stdout"}
{"timestamp":"2026-04-11T08:15:24.133832Z","level":"info","event":"","logger":"task.stdout"}
{"timestamp":"2026-04-11T08:15:24.134277Z","level":"info","event":"[1 rows x 8 columns]","logger":"task.stdout"}
{"timestamp":"2026-04-11T08:15:25.204437Z","level":"info","event":"        date         open  ...   ticker                ingested_at","logger":"task.stdout"}
{"timestamp":"2026-04-11T08:15:25.205437Z","level":"info","event":"0 2026-04-09  2189.144043  ...  ETH-USD 2026-04-11 08:15:25.143494","logger":"task.stdout"}
{"timestamp":"2026-04-11T08:15:25.207039Z","level":"info","event":"","logger":"task.stdout"}
{"timestamp":"2026-04-11T08:15:25.207948Z","level":"info","event":"[1 rows x 8 columns]","logger":"task.stdout"}
{"timestamp":"2026-04-11T08:15:25.863004Z","level":"info","event":"        date       open  ...   ticker                ingested_at","logger":"task.stdout"}
{"timestamp":"2026-04-11T08:15:25.863617Z","level":"info","event":"0 2026-04-09  83.297729  ...  SOL-USD 2026-04-11 08:15:25.855066","logger":"task.stdout"}
{"timestamp":"2026-04-11T08:15:25.864072Z","level":"info","event":"","logger":"task.stdout"}
{"timestamp":"2026-04-11T08:15:25.864600Z","level":"info","event":"[1 rows x 8 columns]","logger":"task.stdout"}
{"timestamp":"2026-04-11T08:15:25.865338Z","level":"info","event":"(7, 8)","logger":"task.stdout"}
{"timestamp":"2026-04-11T08:15:26.040603Z","level":"info","event":"Done. Returned value was: None","logger":"airflow.task.operators.airflow.providers.standard.decorators.python._PythonDecoratedOperator","filename":"python.py","lineno":229}
