{"timestamp":"2026-04-13T01:52:20.374349Z","level":"info","event":"DAG bundles loaded: dags-folder","logger":"airflow.dag_processing.bundles.manager.DagBundlesManager","filename":"manager.py","lineno":209}
{"timestamp":"2026-04-13T01:52:20.400396Z","level":"info","event":"Filling up the DagBag from /opt/airflow/dags/pipeline_dags.py","logger":"airflow.dag_processing.dagbag.BundleDagBag","filename":"dagbag.py","lineno":469}
{"timestamp":"2026-04-13T01:52:27.527057Z","level":"error","event":"$AAPL: possibly delisted; no price data found  (1d 2026-04-12 -> 2026-04-13)","logger":"yfinance","filename":"history.py","lineno":276}
{"timestamp":"2026-04-13T01:52:27.530991Z","level":"error","event":"\n1 Failed download:","logger":"yfinance","filename":"multi.py","lineno":176}
{"timestamp":"2026-04-13T01:52:27.531607Z","level":"error","event":"['AAPL']: possibly delisted; no price data found  (1d 2026-04-12 -> 2026-04-13)","logger":"yfinance","filename":"multi.py","lineno":189}
{"timestamp":"2026-04-13T01:52:27.559543Z","level":"info","event":"⚠️ No data for AAPL — skipping","logger":"task.stdout"}
{"timestamp":"2026-04-13T01:52:28.181378Z","level":"error","event":"$GOOGL: possibly delisted; no price data found  (1d 2026-04-12 -> 2026-04-13)","logger":"yfinance","filename":"history.py","lineno":276}
{"timestamp":"2026-04-13T01:52:28.183216Z","level":"error","event":"\n1 Failed download:","logger":"yfinance","filename":"multi.py","lineno":176}
{"timestamp":"2026-04-13T01:52:28.183780Z","level":"error","event":"['GOOGL']: possibly delisted; no price data found  (1d 2026-04-12 -> 2026-04-13)","logger":"yfinance","filename":"multi.py","lineno":189}
{"timestamp":"2026-04-13T01:52:28.191266Z","level":"info","event":"⚠️ No data for GOOGL — skipping","logger":"task.stdout"}
{"timestamp":"2026-04-13T01:52:29.049268Z","level":"error","event":"$MSFT: possibly delisted; no price data found  (1d 2026-04-12 -> 2026-04-13)","logger":"yfinance","filename":"history.py","lineno":276}
{"timestamp":"2026-04-13T01:52:29.057586Z","level":"error","event":"\n1 Failed download:","logger":"yfinance","filename":"multi.py","lineno":176}
{"timestamp":"2026-04-13T01:52:29.057884Z","level":"error","event":"['MSFT']: possibly delisted; no price data found  (1d 2026-04-12 -> 2026-04-13)","logger":"yfinance","filename":"multi.py","lineno":189}
{"timestamp":"2026-04-13T01:52:29.075550Z","level":"info","event":"⚠️ No data for MSFT — skipping","logger":"task.stdout"}
{"timestamp":"2026-04-13T01:52:29.748236Z","level":"error","event":"$NVDA: possibly delisted; no price data found  (1d 2026-04-12 -> 2026-04-13)","logger":"yfinance","filename":"history.py","lineno":276}
{"timestamp":"2026-04-13T01:52:29.749832Z","level":"error","event":"\n1 Failed download:","logger":"yfinance","filename":"multi.py","lineno":176}
{"timestamp":"2026-04-13T01:52:29.750265Z","level":"error","event":"['NVDA']: possibly delisted; no price data found  (1d 2026-04-12 -> 2026-04-13)","logger":"yfinance","filename":"multi.py","lineno":189}
{"timestamp":"2026-04-13T01:52:29.758551Z","level":"info","event":"⚠️ No data for NVDA — skipping","logger":"task.stdout"}
{"timestamp":"2026-04-13T01:52:30.379988Z","level":"info","event":"⚠️ No data for BTC-USD — skipping","logger":"task.stdout"}
{"timestamp":"2026-04-13T01:52:30.990400Z","level":"info","event":"⚠️ No data for ETH-USD — skipping","logger":"task.stdout"}
{"timestamp":"2026-04-13T01:52:31.721395Z","level":"info","event":"⚠️ No data for SOL-USD — skipping","logger":"task.stdout"}
{"timestamp":"2026-04-13T01:52:31.722128Z","level":"info","event":"⚠️ No data fetched today — market might be closed","logger":"task.stdout"}
{"timestamp":"2026-04-13T01:52:31.721914Z","level":"info","event":"Done. Returned value was: None","logger":"airflow.task.operators.airflow.providers.standard.decorators.python._PythonDecoratedOperator","filename":"python.py","lineno":229}
