{"timestamp":"2026-04-17T00:48:00.210527Z","level":"info","event":"DAG bundles loaded: dags-folder","logger":"airflow.dag_processing.bundles.manager.DagBundlesManager","filename":"manager.py","lineno":209}
{"timestamp":"2026-04-17T00:48:00.214722Z","level":"info","event":"Filling up the DagBag from /opt/airflow/dags/pipeline_dags.py","logger":"airflow.dag_processing.dagbag.BundleDagBag","filename":"dagbag.py","lineno":469}
{"timestamp":"2026-04-17T00:48:14.329698Z","level":"info","event":"\u001b[0m00:48:07  Running with dbt=1.9.0","logger":"task.stdout"}
{"timestamp":"2026-04-17T00:48:14.335032Z","level":"info","event":"\u001b[0m00:48:08  Registered adapter: postgres=1.9.0","logger":"task.stdout"}
{"timestamp":"2026-04-17T00:48:14.336325Z","level":"info","event":"\u001b[0m00:48:10  Found 3 models, 7 data tests, 1 source, 434 macros","logger":"task.stdout"}
{"timestamp":"2026-04-17T00:48:14.337433Z","level":"info","event":"\u001b[0m00:48:10","logger":"task.stdout"}
{"timestamp":"2026-04-17T00:48:14.338328Z","level":"info","event":"\u001b[0m00:48:10  Concurrency: 4 threads (target='dev')","logger":"task.stdout"}
{"timestamp":"2026-04-17T00:48:14.339177Z","level":"info","event":"\u001b[0m00:48:10","logger":"task.stdout"}
{"timestamp":"2026-04-17T00:48:14.339943Z","level":"info","event":"\u001b[0m00:48:10  1 of 3 START sql view model public.stg_stock_price ............................. [RUN]","logger":"task.stdout"}
{"timestamp":"2026-04-17T00:48:14.340739Z","level":"info","event":"\u001b[0m00:48:11  1 of 3 OK created sql view model public.stg_stock_price ........................ [\u001b[32mCREATE VIEW\u001b[0m in 0.47s]","logger":"task.stdout"}
{"timestamp":"2026-04-17T00:48:14.341423Z","level":"info","event":"\u001b[0m00:48:11  2 of 3 START sql table model public.daily_returns .............................. [RUN]","logger":"task.stdout"}
{"timestamp":"2026-04-17T00:48:14.342141Z","level":"info","event":"\u001b[0m00:48:11  3 of 3 START sql table model public.price_summary .............................. [RUN]","logger":"task.stdout"}
{"timestamp":"2026-04-17T00:48:14.342870Z","level":"info","event":"\u001b[0m00:48:11  3 of 3 OK created sql table model public.price_summary ......................... [\u001b[32mSELECT 7\u001b[0m in 0.49s]","logger":"task.stdout"}
{"timestamp":"2026-04-17T00:48:14.344162Z","level":"info","event":"\u001b[0m00:48:11  2 of 3 OK created sql table model public.daily_returns ......................... [\u001b[32mSELECT 4930\u001b[0m in 0.55s]","logger":"task.stdout"}
{"timestamp":"2026-04-17T00:48:14.345356Z","level":"info","event":"\u001b[0m00:48:11","logger":"task.stdout"}
{"timestamp":"2026-04-17T00:48:14.346060Z","level":"info","event":"\u001b[0m00:48:11  Finished running 2 table models, 1 view model in 0 hours 0 minutes and 1.55 seconds (1.55s).","logger":"task.stdout"}
{"timestamp":"2026-04-17T00:48:14.346953Z","level":"info","event":"\u001b[0m00:48:11","logger":"task.stdout"}
{"timestamp":"2026-04-17T00:48:14.349104Z","level":"info","event":"\u001b[0m00:48:11  \u001b[32mCompleted successfully\u001b[0m","logger":"task.stdout"}
{"timestamp":"2026-04-17T00:48:14.350126Z","level":"info","event":"\u001b[0m00:48:11","logger":"task.stdout"}
{"timestamp":"2026-04-17T00:48:14.351502Z","level":"info","event":"\u001b[0m00:48:11  Done. PASS=3 WARN=0 ERROR=0 SKIP=0 TOTAL=3","logger":"task.stdout"}
{"timestamp":"2026-04-17T00:48:14.352859Z","level":"info","event":"","logger":"task.stdout"}
{"timestamp":"2026-04-17T00:48:14.355363Z","level":"info","event":"","logger":"task.stdout"}
{"timestamp":"2026-04-17T00:48:14.330814Z","level":"info","event":"Done. Returned value was: None","logger":"airflow.task.operators.airflow.providers.standard.decorators.python._PythonDecoratedOperator","filename":"python.py","lineno":229}
