{"timestamp":"2026-04-27T11:40:56.717071Z","level":"info","event":"DAG bundles loaded: dags-folder","logger":"airflow.dag_processing.bundles.manager.DagBundlesManager","filename":"manager.py","lineno":209}
{"timestamp":"2026-04-27T11:40:56.721605Z","level":"info","event":"Filling up the DagBag from /opt/airflow/dags/pipeline_dags.py","logger":"airflow.dag_processing.dagbag.BundleDagBag","filename":"dagbag.py","lineno":469}
{"timestamp":"2026-04-27T11:41:12.608175Z","level":"info","event":"\u001b[0m11:41:04  Running with dbt=1.9.0","logger":"task.stdout"}
{"timestamp":"2026-04-27T11:41:12.610582Z","level":"info","event":"\u001b[0m11:41:05  Registered adapter: postgres=1.9.0","logger":"task.stdout"}
{"timestamp":"2026-04-27T11:41:12.611559Z","level":"info","event":"\u001b[0m11:41:07  Found 3 models, 7 data tests, 1 source, 434 macros","logger":"task.stdout"}
{"timestamp":"2026-04-27T11:41:12.612808Z","level":"info","event":"\u001b[0m11:41:07","logger":"task.stdout"}
{"timestamp":"2026-04-27T11:41:12.614413Z","level":"info","event":"\u001b[0m11:41:07  Concurrency: 4 threads (target='dev')","logger":"task.stdout"}
{"timestamp":"2026-04-27T11:41:12.615998Z","level":"info","event":"\u001b[0m11:41:07","logger":"task.stdout"}
{"timestamp":"2026-04-27T11:41:12.617709Z","level":"info","event":"\u001b[0m11:41:08  1 of 3 START sql view model public.stg_stock_price ............................. [RUN]","logger":"task.stdout"}
{"timestamp":"2026-04-27T11:41:12.619178Z","level":"info","event":"\u001b[0m11:41:08  1 of 3 OK created sql view model public.stg_stock_price ........................ [\u001b[32mCREATE VIEW\u001b[0m in 0.42s]","logger":"task.stdout"}
{"timestamp":"2026-04-27T11:41:12.620108Z","level":"info","event":"\u001b[0m11:41:08  2 of 3 START sql table model public.daily_returns .............................. [RUN]","logger":"task.stdout"}
{"timestamp":"2026-04-27T11:41:12.621973Z","level":"info","event":"\u001b[0m11:41:08  3 of 3 START sql table model public.price_summary .............................. [RUN]","logger":"task.stdout"}
{"timestamp":"2026-04-27T11:41:12.622672Z","level":"info","event":"\u001b[0m11:41:09  2 of 3 OK created sql table model public.daily_returns ......................... [\u001b[32mSELECT 4783\u001b[0m in 0.76s]","logger":"task.stdout"}
{"timestamp":"2026-04-27T11:41:12.623399Z","level":"info","event":"\u001b[0m11:41:09  3 of 3 OK created sql table model public.price_summary ......................... [\u001b[32mSELECT 7\u001b[0m in 0.76s]","logger":"task.stdout"}
{"timestamp":"2026-04-27T11:41:12.624036Z","level":"info","event":"\u001b[0m11:41:09","logger":"task.stdout"}
{"timestamp":"2026-04-27T11:41:12.624741Z","level":"info","event":"\u001b[0m11:41:09  Finished running 2 table models, 1 view model in 0 hours 0 minutes and 1.69 seconds (1.69s).","logger":"task.stdout"}
{"timestamp":"2026-04-27T11:41:12.625550Z","level":"info","event":"\u001b[0m11:41:09","logger":"task.stdout"}
{"timestamp":"2026-04-27T11:41:12.626279Z","level":"info","event":"\u001b[0m11:41:09  \u001b[32mCompleted successfully\u001b[0m","logger":"task.stdout"}
{"timestamp":"2026-04-27T11:41:12.627095Z","level":"info","event":"\u001b[0m11:41:09","logger":"task.stdout"}
{"timestamp":"2026-04-27T11:41:12.627975Z","level":"info","event":"\u001b[0m11:41:09  Done. PASS=3 WARN=0 ERROR=0 SKIP=0 TOTAL=3","logger":"task.stdout"}
{"timestamp":"2026-04-27T11:41:12.628986Z","level":"info","event":"","logger":"task.stdout"}
{"timestamp":"2026-04-27T11:41:12.631386Z","level":"info","event":"","logger":"task.stdout"}
{"timestamp":"2026-04-27T11:41:12.609031Z","level":"info","event":"Done. Returned value was: None","logger":"airflow.task.operators.airflow.providers.standard.decorators.python._PythonDecoratedOperator","filename":"python.py","lineno":229}
