{"timestamp":"2026-04-25T09:27:47.698757Z","level":"info","event":"DAG bundles loaded: dags-folder","logger":"airflow.dag_processing.bundles.manager.DagBundlesManager","filename":"manager.py","lineno":209}
{"timestamp":"2026-04-25T09:27:47.725969Z","level":"info","event":"Filling up the DagBag from /opt/airflow/dags/pipeline_dags.py","logger":"airflow.dag_processing.dagbag.BundleDagBag","filename":"dagbag.py","lineno":469}
{"timestamp":"2026-04-25T09:28:08.791791Z","level":"info","event":"\u001b[0m09:28:02  Running with dbt=1.9.0","logger":"task.stdout"}
{"timestamp":"2026-04-25T09:28:08.794108Z","level":"info","event":"\u001b[0m09:28:03  Registered adapter: postgres=1.9.0","logger":"task.stdout"}
{"timestamp":"2026-04-25T09:28:08.798292Z","level":"info","event":"\u001b[0m09:28:05  Found 3 models, 7 data tests, 1 source, 434 macros","logger":"task.stdout"}
{"timestamp":"2026-04-25T09:28:08.799218Z","level":"info","event":"\u001b[0m09:28:05","logger":"task.stdout"}
{"timestamp":"2026-04-25T09:28:08.801572Z","level":"info","event":"\u001b[0m09:28:05  Concurrency: 4 threads (target='dev')","logger":"task.stdout"}
{"timestamp":"2026-04-25T09:28:08.803823Z","level":"info","event":"\u001b[0m09:28:05","logger":"task.stdout"}
{"timestamp":"2026-04-25T09:28:08.806670Z","level":"info","event":"\u001b[0m09:28:06  1 of 3 START sql view model public.stg_stock_price ............................. [RUN]","logger":"task.stdout"}
{"timestamp":"2026-04-25T09:28:08.807837Z","level":"info","event":"\u001b[0m09:28:06  1 of 3 OK created sql view model public.stg_stock_price ........................ [\u001b[32mCREATE VIEW\u001b[0m in 0.47s]","logger":"task.stdout"}
{"timestamp":"2026-04-25T09:28:08.808911Z","level":"info","event":"\u001b[0m09:28:07  3 of 3 START sql table model public.price_summary .............................. [RUN]","logger":"task.stdout"}
{"timestamp":"2026-04-25T09:28:08.810515Z","level":"info","event":"\u001b[0m09:28:07  2 of 3 START sql table model public.daily_returns .............................. [RUN]","logger":"task.stdout"}
{"timestamp":"2026-04-25T09:28:08.811592Z","level":"info","event":"\u001b[0m09:28:07  3 of 3 OK created sql table model public.price_summary ......................... [\u001b[32mSELECT 7\u001b[0m in 0.64s]","logger":"task.stdout"}
{"timestamp":"2026-04-25T09:28:08.812543Z","level":"info","event":"\u001b[0m09:28:07  2 of 3 OK created sql table model public.daily_returns ......................... [\u001b[32mSELECT 14335\u001b[0m in 0.67s]","logger":"task.stdout"}
{"timestamp":"2026-04-25T09:28:08.813414Z","level":"info","event":"\u001b[0m09:28:07","logger":"task.stdout"}
{"timestamp":"2026-04-25T09:28:08.814711Z","level":"info","event":"\u001b[0m09:28:07  Finished running 2 table models, 1 view model in 0 hours 0 minutes and 1.82 seconds (1.82s).","logger":"task.stdout"}
{"timestamp":"2026-04-25T09:28:08.816477Z","level":"info","event":"\u001b[0m09:28:07","logger":"task.stdout"}
{"timestamp":"2026-04-25T09:28:08.817993Z","level":"info","event":"\u001b[0m09:28:07  \u001b[32mCompleted successfully\u001b[0m","logger":"task.stdout"}
{"timestamp":"2026-04-25T09:28:08.819287Z","level":"info","event":"\u001b[0m09:28:07","logger":"task.stdout"}
{"timestamp":"2026-04-25T09:28:08.820643Z","level":"info","event":"\u001b[0m09:28:07  Done. PASS=3 WARN=0 ERROR=0 SKIP=0 TOTAL=3","logger":"task.stdout"}
{"timestamp":"2026-04-25T09:28:08.821662Z","level":"info","event":"","logger":"task.stdout"}
{"timestamp":"2026-04-25T09:28:08.822762Z","level":"info","event":"","logger":"task.stdout"}
{"timestamp":"2026-04-25T09:28:08.793633Z","level":"info","event":"Done. Returned value was: None","logger":"airflow.task.operators.airflow.providers.standard.decorators.python._PythonDecoratedOperator","filename":"python.py","lineno":229}
