{"timestamp":"2026-04-12T21:49:13.358006Z","level":"info","event":"DAG bundles loaded: dags-folder","logger":"airflow.dag_processing.bundles.manager.DagBundlesManager","filename":"manager.py","lineno":209}
{"timestamp":"2026-04-12T21:49:13.363190Z","level":"info","event":"Filling up the DagBag from /opt/airflow/dags/pipeline_dags.py","logger":"airflow.dag_processing.dagbag.BundleDagBag","filename":"dagbag.py","lineno":469}
{"timestamp":"2026-04-12T21:49:19.328760Z","level":"info","event":"        date        open  ...  ticker                ingested_at","logger":"task.stdout"}
{"timestamp":"2026-04-12T21:49:19.329819Z","level":"info","event":"0 2026-04-10  260.480011  ...    AAPL 2026-04-12 21:49:19.305173","logger":"task.stdout"}
{"timestamp":"2026-04-12T21:49:19.330441Z","level":"info","event":"","logger":"task.stdout"}
{"timestamp":"2026-04-12T21:49:19.331060Z","level":"info","event":"[1 rows x 8 columns]","logger":"task.stdout"}
{"timestamp":"2026-04-12T21:49:19.331730Z","level":"info","event":"(1, 8)","logger":"task.stdout"}
{"timestamp":"2026-04-12T21:49:19.923049Z","level":"info","event":"        date       open        high  ...    volume  ticker                ingested_at","logger":"task.stdout"}
{"timestamp":"2026-04-12T21:49:19.923575Z","level":"info","event":"0 2026-04-10  317.23999  321.829987  ...  18914274   GOOGL 2026-04-12 21:49:19.912665","logger":"task.stdout"}
{"timestamp":"2026-04-12T21:49:19.925244Z","level":"info","event":"","logger":"task.stdout"}
{"timestamp":"2026-04-12T21:49:19.925816Z","level":"info","event":"[1 rows x 8 columns]","logger":"task.stdout"}
{"timestamp":"2026-04-12T21:49:19.926358Z","level":"info","event":"(2, 8)","logger":"task.stdout"}
{"timestamp":"2026-04-12T21:49:20.470346Z","level":"info","event":"        date        open  ...  ticker                ingested_at","logger":"task.stdout"}
{"timestamp":"2026-04-12T21:49:20.471154Z","level":"info","event":"0 2026-04-10  370.869995  ...    MSFT 2026-04-12 21:49:20.460938","logger":"task.stdout"}
{"timestamp":"2026-04-12T21:49:20.471679Z","level":"info","event":"","logger":"task.stdout"}
{"timestamp":"2026-04-12T21:49:20.472212Z","level":"info","event":"[1 rows x 8 columns]","logger":"task.stdout"}
{"timestamp":"2026-04-12T21:49:20.473045Z","level":"info","event":"(3, 8)","logger":"task.stdout"}
{"timestamp":"2026-04-12T21:49:21.104876Z","level":"info","event":"        date        open   high  ...     volume  ticker                ingested_at","logger":"task.stdout"}
{"timestamp":"2026-04-12T21:49:21.105507Z","level":"info","event":"0 2026-04-10  188.630005  190.0  ...  159395820    NVDA 2026-04-12 21:49:21.096689","logger":"task.stdout"}
{"timestamp":"2026-04-12T21:49:21.106042Z","level":"info","event":"","logger":"task.stdout"}
{"timestamp":"2026-04-12T21:49:21.106560Z","level":"info","event":"[1 rows x 8 columns]","logger":"task.stdout"}
{"timestamp":"2026-04-12T21:49:21.131333Z","level":"info","event":"(4, 8)","logger":"task.stdout"}
{"timestamp":"2026-04-12T21:49:21.694160Z","level":"info","event":"        date          open  ...   ticker                ingested_at","logger":"task.stdout"}
{"timestamp":"2026-04-12T21:49:21.694739Z","level":"info","event":"0 2026-04-11  73054.273438  ...  BTC-USD 2026-04-12 21:49:21.685136","logger":"task.stdout"}
{"timestamp":"2026-04-12T21:49:21.695184Z","level":"info","event":"","logger":"task.stdout"}
{"timestamp":"2026-04-12T21:49:21.695569Z","level":"info","event":"[1 rows x 8 columns]","logger":"task.stdout"}
{"timestamp":"2026-04-12T21:49:21.696059Z","level":"info","event":"(5, 8)","logger":"task.stdout"}
{"timestamp":"2026-04-12T21:49:22.215019Z","level":"info","event":"        date         open  ...   ticker                ingested_at","logger":"task.stdout"}
{"timestamp":"2026-04-12T21:49:22.215674Z","level":"info","event":"0 2026-04-11  2285.390137  ...  ETH-USD 2026-04-12 21:49:22.206066","logger":"task.stdout"}
{"timestamp":"2026-04-12T21:49:22.216156Z","level":"info","event":"","logger":"task.stdout"}
{"timestamp":"2026-04-12T21:49:22.216811Z","level":"info","event":"[1 rows x 8 columns]","logger":"task.stdout"}
{"timestamp":"2026-04-12T21:49:22.217362Z","level":"info","event":"(6, 8)","logger":"task.stdout"}
{"timestamp":"2026-04-12T21:49:22.751315Z","level":"info","event":"        date       open  ...   ticker                ingested_at","logger":"task.stdout"}
{"timestamp":"2026-04-12T21:49:22.751815Z","level":"info","event":"0 2026-04-11  84.948769  ...  SOL-USD 2026-04-12 21:49:22.742537","logger":"task.stdout"}
{"timestamp":"2026-04-12T21:49:22.753807Z","level":"info","event":"","logger":"task.stdout"}
{"timestamp":"2026-04-12T21:49:22.755843Z","level":"info","event":"[1 rows x 8 columns]","logger":"task.stdout"}
{"timestamp":"2026-04-12T21:49:22.756447Z","level":"info","event":"(7, 8)","logger":"task.stdout"}
{"timestamp":"2026-04-12T21:49:22.796413Z","level":"info","event":"Done. Returned value was: None","logger":"airflow.task.operators.airflow.providers.standard.decorators.python._PythonDecoratedOperator","filename":"python.py","lineno":229}
