{"timestamp":"2026-04-25T00:26:32.191159Z","level":"info","event":"DAG bundles loaded: dags-folder","logger":"airflow.dag_processing.bundles.manager.DagBundlesManager","filename":"manager.py","lineno":209}
{"timestamp":"2026-04-25T00:26:32.195613Z","level":"info","event":"Filling up the DagBag from /opt/airflow/dags/pipeline_dags.py","logger":"airflow.dag_processing.dagbag.BundleDagBag","filename":"dagbag.py","lineno":469}
{"timestamp":"2026-04-25T00:26:45.524414Z","level":"info","event":"\u001b[0m00:26:38  Running with dbt=1.9.0","logger":"task.stdout"}
{"timestamp":"2026-04-25T00:26:45.542165Z","level":"info","event":"\u001b[0m00:26:39  Registered adapter: postgres=1.9.0","logger":"task.stdout"}
{"timestamp":"2026-04-25T00:26:45.546235Z","level":"info","event":"\u001b[0m00:26:41  Found 3 models, 7 data tests, 1 source, 434 macros","logger":"task.stdout"}
{"timestamp":"2026-04-25T00:26:45.547035Z","level":"info","event":"\u001b[0m00:26:41","logger":"task.stdout"}
{"timestamp":"2026-04-25T00:26:45.547750Z","level":"info","event":"\u001b[0m00:26:41  Concurrency: 4 threads (target='dev')","logger":"task.stdout"}
{"timestamp":"2026-04-25T00:26:45.548426Z","level":"info","event":"\u001b[0m00:26:41","logger":"task.stdout"}
{"timestamp":"2026-04-25T00:26:45.549103Z","level":"info","event":"\u001b[0m00:26:41  1 of 3 START sql view model public.stg_stock_price ............................. [RUN]","logger":"task.stdout"}
{"timestamp":"2026-04-25T00:26:45.549763Z","level":"info","event":"\u001b[0m00:26:42  1 of 3 OK created sql view model public.stg_stock_price ........................ [\u001b[32mCREATE VIEW\u001b[0m in 0.39s]","logger":"task.stdout"}
{"timestamp":"2026-04-25T00:26:45.550465Z","level":"info","event":"\u001b[0m00:26:42  3 of 3 START sql table model public.price_summary .............................. [RUN]","logger":"task.stdout"}
{"timestamp":"2026-04-25T00:26:45.551159Z","level":"info","event":"\u001b[0m00:26:42  2 of 3 START sql table model public.daily_returns .............................. [RUN]","logger":"task.stdout"}
{"timestamp":"2026-04-25T00:26:45.551958Z","level":"info","event":"\u001b[0m00:26:42  3 of 3 OK created sql table model public.price_summary ......................... [\u001b[32mSELECT 7\u001b[0m in 0.61s]","logger":"task.stdout"}
{"timestamp":"2026-04-25T00:26:45.552773Z","level":"info","event":"\u001b[0m00:26:42  2 of 3 OK created sql table model public.daily_returns ......................... [\u001b[32mSELECT 14561\u001b[0m in 0.66s]","logger":"task.stdout"}
{"timestamp":"2026-04-25T00:26:45.553530Z","level":"info","event":"\u001b[0m00:26:42","logger":"task.stdout"}
{"timestamp":"2026-04-25T00:26:45.554265Z","level":"info","event":"\u001b[0m00:26:42  Finished running 2 table models, 1 view model in 0 hours 0 minutes and 1.61 seconds (1.61s).","logger":"task.stdout"}
{"timestamp":"2026-04-25T00:26:45.554997Z","level":"info","event":"\u001b[0m00:26:43","logger":"task.stdout"}
{"timestamp":"2026-04-25T00:26:45.555644Z","level":"info","event":"\u001b[0m00:26:43  \u001b[32mCompleted successfully\u001b[0m","logger":"task.stdout"}
{"timestamp":"2026-04-25T00:26:45.556302Z","level":"info","event":"\u001b[0m00:26:43","logger":"task.stdout"}
{"timestamp":"2026-04-25T00:26:45.556901Z","level":"info","event":"\u001b[0m00:26:43  Done. PASS=3 WARN=0 ERROR=0 SKIP=0 TOTAL=3","logger":"task.stdout"}
{"timestamp":"2026-04-25T00:26:45.557563Z","level":"info","event":"","logger":"task.stdout"}
{"timestamp":"2026-04-25T00:26:45.558183Z","level":"info","event":"","logger":"task.stdout"}
{"timestamp":"2026-04-25T00:26:45.524910Z","level":"info","event":"Done. Returned value was: None","logger":"airflow.task.operators.airflow.providers.standard.decorators.python._PythonDecoratedOperator","filename":"python.py","lineno":229}
