{"timestamp":"2026-04-12T23:11:32.068960Z","level":"info","event":"DAG bundles loaded: dags-folder","logger":"airflow.dag_processing.bundles.manager.DagBundlesManager","filename":"manager.py","lineno":209}
{"timestamp":"2026-04-12T23:11:32.097984Z","level":"info","event":"Filling up the DagBag from /opt/airflow/dags/pipeline_dags.py","logger":"airflow.dag_processing.dagbag.BundleDagBag","filename":"dagbag.py","lineno":469}
{"timestamp":"2026-04-12T23:11:40.728627Z","level":"info","event":"        date        open  ...  ticker                ingested_at","logger":"task.stdout"}
{"timestamp":"2026-04-12T23:11:40.729781Z","level":"info","event":"0 2026-04-10  260.480011  ...    AAPL 2026-04-12 23:11:40.702456","logger":"task.stdout"}
{"timestamp":"2026-04-12T23:11:40.730363Z","level":"info","event":"","logger":"task.stdout"}
{"timestamp":"2026-04-12T23:11:40.730871Z","level":"info","event":"[1 rows x 8 columns]","logger":"task.stdout"}
{"timestamp":"2026-04-12T23:11:40.731849Z","level":"info","event":"(1, 8)","logger":"task.stdout"}
{"timestamp":"2026-04-12T23:11:41.357201Z","level":"info","event":"        date       open        high  ...    volume  ticker                ingested_at","logger":"task.stdout"}
{"timestamp":"2026-04-12T23:11:41.357727Z","level":"info","event":"0 2026-04-10  317.23999  321.829987  ...  18914274   GOOGL 2026-04-12 23:11:41.344699","logger":"task.stdout"}
{"timestamp":"2026-04-12T23:11:41.358200Z","level":"info","event":"","logger":"task.stdout"}
{"timestamp":"2026-04-12T23:11:41.358681Z","level":"info","event":"[1 rows x 8 columns]","logger":"task.stdout"}
{"timestamp":"2026-04-12T23:11:41.363395Z","level":"info","event":"(2, 8)","logger":"task.stdout"}
{"timestamp":"2026-04-12T23:11:41.921930Z","level":"info","event":"        date        open  ...  ticker                ingested_at","logger":"task.stdout"}
{"timestamp":"2026-04-12T23:11:41.922595Z","level":"info","event":"0 2026-04-10  370.869995  ...    MSFT 2026-04-12 23:11:41.911978","logger":"task.stdout"}
{"timestamp":"2026-04-12T23:11:41.923073Z","level":"info","event":"","logger":"task.stdout"}
{"timestamp":"2026-04-12T23:11:41.923626Z","level":"info","event":"[1 rows x 8 columns]","logger":"task.stdout"}
{"timestamp":"2026-04-12T23:11:41.924195Z","level":"info","event":"(3, 8)","logger":"task.stdout"}
{"timestamp":"2026-04-12T23:11:42.476560Z","level":"info","event":"        date        open   high  ...     volume  ticker                ingested_at","logger":"task.stdout"}
{"timestamp":"2026-04-12T23:11:42.477440Z","level":"info","event":"0 2026-04-10  188.630005  190.0  ...  159395820    NVDA 2026-04-12 23:11:42.464656","logger":"task.stdout"}
{"timestamp":"2026-04-12T23:11:42.478050Z","level":"info","event":"","logger":"task.stdout"}
{"timestamp":"2026-04-12T23:11:42.478558Z","level":"info","event":"[1 rows x 8 columns]","logger":"task.stdout"}
{"timestamp":"2026-04-12T23:11:42.499669Z","level":"info","event":"(4, 8)","logger":"task.stdout"}
{"timestamp":"2026-04-12T23:11:43.054671Z","level":"info","event":"        date          open  ...   ticker                ingested_at","logger":"task.stdout"}
{"timestamp":"2026-04-12T23:11:43.055260Z","level":"info","event":"0 2026-04-11  73054.273438  ...  BTC-USD 2026-04-12 23:11:43.043567","logger":"task.stdout"}
{"timestamp":"2026-04-12T23:11:43.055797Z","level":"info","event":"","logger":"task.stdout"}
{"timestamp":"2026-04-12T23:11:43.056296Z","level":"info","event":"[1 rows x 8 columns]","logger":"task.stdout"}
{"timestamp":"2026-04-12T23:11:43.056849Z","level":"info","event":"(5, 8)","logger":"task.stdout"}
{"timestamp":"2026-04-12T23:11:43.515103Z","level":"info","event":"        date         open  ...   ticker                ingested_at","logger":"task.stdout"}
{"timestamp":"2026-04-12T23:11:43.515703Z","level":"info","event":"0 2026-04-11  2285.390137  ...  ETH-USD 2026-04-12 23:11:43.506899","logger":"task.stdout"}
{"timestamp":"2026-04-12T23:11:43.516180Z","level":"info","event":"","logger":"task.stdout"}
{"timestamp":"2026-04-12T23:11:43.516687Z","level":"info","event":"[1 rows x 8 columns]","logger":"task.stdout"}
{"timestamp":"2026-04-12T23:11:43.517358Z","level":"info","event":"(6, 8)","logger":"task.stdout"}
{"timestamp":"2026-04-12T23:11:46.854460Z","level":"info","event":"        date       open  ...   ticker                ingested_at","logger":"task.stdout"}
{"timestamp":"2026-04-12T23:11:46.855445Z","level":"info","event":"0 2026-04-11  84.948769  ...  SOL-USD 2026-04-12 23:11:46.843560","logger":"task.stdout"}
{"timestamp":"2026-04-12T23:11:46.856128Z","level":"info","event":"","logger":"task.stdout"}
{"timestamp":"2026-04-12T23:11:46.857079Z","level":"info","event":"[1 rows x 8 columns]","logger":"task.stdout"}
{"timestamp":"2026-04-12T23:11:46.857687Z","level":"info","event":"(7, 8)","logger":"task.stdout"}
{"timestamp":"2026-04-12T23:11:46.971435Z","level":"info","event":"Done. Returned value was: None","logger":"airflow.task.operators.airflow.providers.standard.decorators.python._PythonDecoratedOperator","filename":"python.py","lineno":229}
