{"timestamp":"2026-04-14T13:13:06.811055Z","level":"info","event":"DAG bundles loaded: dags-folder","logger":"airflow.dag_processing.bundles.manager.DagBundlesManager","filename":"manager.py","lineno":209}
{"timestamp":"2026-04-14T13:13:06.815816Z","level":"info","event":"Filling up the DagBag from /opt/airflow/dags/pipeline_dags.py","logger":"airflow.dag_processing.dagbag.BundleDagBag","filename":"dagbag.py","lineno":469}
{"timestamp":"2026-04-14T13:13:30.723514Z","level":"info","event":"\u001b[0m13:13:16  Running with dbt=1.9.0","logger":"task.stdout"}
{"timestamp":"2026-04-14T13:13:30.725926Z","level":"info","event":"\u001b[0m13:13:18  Registered adapter: postgres=1.9.0","logger":"task.stdout"}
{"timestamp":"2026-04-14T13:13:30.727076Z","level":"info","event":"\u001b[0m13:13:18  Unable to do partial parsing because of a version mismatch","logger":"task.stdout"}
{"timestamp":"2026-04-14T13:13:30.729851Z","level":"info","event":"\u001b[0m13:13:25  Found 3 models, 7 data tests, 1 source, 434 macros","logger":"task.stdout"}
{"timestamp":"2026-04-14T13:13:30.731054Z","level":"info","event":"\u001b[0m13:13:25","logger":"task.stdout"}
{"timestamp":"2026-04-14T13:13:30.732141Z","level":"info","event":"\u001b[0m13:13:25  Concurrency: 4 threads (target='dev')","logger":"task.stdout"}
{"timestamp":"2026-04-14T13:13:30.733966Z","level":"info","event":"\u001b[0m13:13:25","logger":"task.stdout"}
{"timestamp":"2026-04-14T13:13:30.737948Z","level":"info","event":"\u001b[0m13:13:26  1 of 3 START sql view model public.stg_stock_price ............................. [RUN]","logger":"task.stdout"}
{"timestamp":"2026-04-14T13:13:30.739149Z","level":"info","event":"\u001b[0m13:13:26  1 of 3 OK created sql view model public.stg_stock_price ........................ [\u001b[32mCREATE VIEW\u001b[0m in 0.49s]","logger":"task.stdout"}
{"timestamp":"2026-04-14T13:13:30.741126Z","level":"info","event":"\u001b[0m13:13:26  3 of 3 START sql table model public.price_summary .............................. [RUN]","logger":"task.stdout"}
{"timestamp":"2026-04-14T13:13:30.742037Z","level":"info","event":"\u001b[0m13:13:26  2 of 3 START sql table model public.daily_returns .............................. [RUN]","logger":"task.stdout"}
{"timestamp":"2026-04-14T13:13:30.742965Z","level":"info","event":"\u001b[0m13:13:27  3 of 3 OK created sql table model public.price_summary ......................... [\u001b[32mSELECT 7\u001b[0m in 0.73s]","logger":"task.stdout"}
{"timestamp":"2026-04-14T13:13:30.744520Z","level":"info","event":"\u001b[0m13:13:27  2 of 3 OK created sql table model public.daily_returns ......................... [\u001b[32mSELECT 4863\u001b[0m in 0.74s]","logger":"task.stdout"}
{"timestamp":"2026-04-14T13:13:30.745381Z","level":"info","event":"\u001b[0m13:13:27","logger":"task.stdout"}
{"timestamp":"2026-04-14T13:13:30.746273Z","level":"info","event":"\u001b[0m13:13:27  Finished running 2 table models, 1 view model in 0 hours 0 minutes and 1.79 seconds (1.79s).","logger":"task.stdout"}
{"timestamp":"2026-04-14T13:13:30.747222Z","level":"info","event":"\u001b[0m13:13:27","logger":"task.stdout"}
{"timestamp":"2026-04-14T13:13:30.748810Z","level":"info","event":"\u001b[0m13:13:27  \u001b[32mCompleted successfully\u001b[0m","logger":"task.stdout"}
{"timestamp":"2026-04-14T13:13:30.749688Z","level":"info","event":"\u001b[0m13:13:27","logger":"task.stdout"}
{"timestamp":"2026-04-14T13:13:30.750612Z","level":"info","event":"\u001b[0m13:13:27  Done. PASS=3 WARN=0 ERROR=0 SKIP=0 TOTAL=3","logger":"task.stdout"}
{"timestamp":"2026-04-14T13:13:30.751595Z","level":"info","event":"","logger":"task.stdout"}
{"timestamp":"2026-04-14T13:13:30.752442Z","level":"info","event":"","logger":"task.stdout"}
{"timestamp":"2026-04-14T13:13:30.724987Z","level":"info","event":"Done. Returned value was: None","logger":"airflow.task.operators.airflow.providers.standard.decorators.python._PythonDecoratedOperator","filename":"python.py","lineno":229}
