{"timestamp":"2026-04-17T00:36:54.196904Z","level":"info","event":"DAG bundles loaded: dags-folder","logger":"airflow.dag_processing.bundles.manager.DagBundlesManager","filename":"manager.py","lineno":209}
{"timestamp":"2026-04-17T00:36:54.208131Z","level":"info","event":"Filling up the DagBag from /opt/airflow/dags/pipeline_dags.py","logger":"airflow.dag_processing.dagbag.BundleDagBag","filename":"dagbag.py","lineno":469}
{"timestamp":"2026-04-17T00:37:13.291433Z","level":"info","event":"\u001b[0m00:37:05  Running with dbt=1.9.0","logger":"task.stdout"}
{"timestamp":"2026-04-17T00:37:13.293698Z","level":"info","event":"\u001b[0m00:37:07  Registered adapter: postgres=1.9.0","logger":"task.stdout"}
{"timestamp":"2026-04-17T00:37:13.294126Z","level":"info","event":"\u001b[0m00:37:09  Found 3 models, 7 data tests, 1 source, 434 macros","logger":"task.stdout"}
{"timestamp":"2026-04-17T00:37:13.294618Z","level":"info","event":"\u001b[0m00:37:09","logger":"task.stdout"}
{"timestamp":"2026-04-17T00:37:13.295044Z","level":"info","event":"\u001b[0m00:37:09  Concurrency: 4 threads (target='dev')","logger":"task.stdout"}
{"timestamp":"2026-04-17T00:37:13.295526Z","level":"info","event":"\u001b[0m00:37:09","logger":"task.stdout"}
{"timestamp":"2026-04-17T00:37:13.295988Z","level":"info","event":"\u001b[0m00:37:10  1 of 3 START sql view model public.stg_stock_price ............................. [RUN]","logger":"task.stdout"}
{"timestamp":"2026-04-17T00:37:13.296410Z","level":"info","event":"\u001b[0m00:37:10  1 of 3 OK created sql view model public.stg_stock_price ........................ [\u001b[32mCREATE VIEW\u001b[0m in 0.55s]","logger":"task.stdout"}
{"timestamp":"2026-04-17T00:37:13.296865Z","level":"info","event":"\u001b[0m00:37:10  2 of 3 START sql table model public.daily_returns .............................. [RUN]","logger":"task.stdout"}
{"timestamp":"2026-04-17T00:37:13.297281Z","level":"info","event":"\u001b[0m00:37:10  3 of 3 START sql table model public.price_summary .............................. [RUN]","logger":"task.stdout"}
{"timestamp":"2026-04-17T00:37:13.297673Z","level":"info","event":"\u001b[0m00:37:11  3 of 3 OK created sql table model public.price_summary ......................... [\u001b[32mSELECT 7\u001b[0m in 0.41s]","logger":"task.stdout"}
{"timestamp":"2026-04-17T00:37:13.298137Z","level":"info","event":"\u001b[0m00:37:11  2 of 3 OK created sql table model public.daily_returns ......................... [\u001b[32mSELECT 4922\u001b[0m in 0.45s]","logger":"task.stdout"}
{"timestamp":"2026-04-17T00:37:13.298640Z","level":"info","event":"\u001b[0m00:37:11","logger":"task.stdout"}
{"timestamp":"2026-04-17T00:37:13.299144Z","level":"info","event":"\u001b[0m00:37:11  Finished running 2 table models, 1 view model in 0 hours 0 minutes and 1.71 seconds (1.71s).","logger":"task.stdout"}
{"timestamp":"2026-04-17T00:37:13.299574Z","level":"info","event":"\u001b[0m00:37:11","logger":"task.stdout"}
{"timestamp":"2026-04-17T00:37:13.299995Z","level":"info","event":"\u001b[0m00:37:11  \u001b[32mCompleted successfully\u001b[0m","logger":"task.stdout"}
{"timestamp":"2026-04-17T00:37:13.300623Z","level":"info","event":"\u001b[0m00:37:11","logger":"task.stdout"}
{"timestamp":"2026-04-17T00:37:13.301030Z","level":"info","event":"\u001b[0m00:37:11  Done. PASS=3 WARN=0 ERROR=0 SKIP=0 TOTAL=3","logger":"task.stdout"}
{"timestamp":"2026-04-17T00:37:13.301451Z","level":"info","event":"","logger":"task.stdout"}
{"timestamp":"2026-04-17T00:37:13.301880Z","level":"info","event":"","logger":"task.stdout"}
{"timestamp":"2026-04-17T00:37:13.291978Z","level":"info","event":"Done. Returned value was: None","logger":"airflow.task.operators.airflow.providers.standard.decorators.python._PythonDecoratedOperator","filename":"python.py","lineno":229}
