{"timestamp":"2026-04-16T23:32:24.332790Z","level":"info","event":"DAG bundles loaded: dags-folder","logger":"airflow.dag_processing.bundles.manager.DagBundlesManager","filename":"manager.py","lineno":209}
{"timestamp":"2026-04-16T23:32:24.335648Z","level":"info","event":"Filling up the DagBag from /opt/airflow/dags/pipeline_dags.py","logger":"airflow.dag_processing.dagbag.BundleDagBag","filename":"dagbag.py","lineno":469}
{"timestamp":"2026-04-16T23:32:41.157159Z","level":"info","event":"\u001b[0m23:32:30  Running with dbt=1.9.0","logger":"task.stdout"}
{"timestamp":"2026-04-16T23:32:41.160289Z","level":"info","event":"\u001b[0m23:32:31  Registered adapter: postgres=1.9.0","logger":"task.stdout"}
{"timestamp":"2026-04-16T23:32:41.160868Z","level":"info","event":"\u001b[0m23:32:32  Unable to do partial parsing because of a version mismatch","logger":"task.stdout"}
{"timestamp":"2026-04-16T23:32:41.161344Z","level":"info","event":"\u001b[0m23:32:36  Found 3 models, 7 data tests, 1 source, 434 macros","logger":"task.stdout"}
{"timestamp":"2026-04-16T23:32:41.161784Z","level":"info","event":"\u001b[0m23:32:36","logger":"task.stdout"}
{"timestamp":"2026-04-16T23:32:41.162287Z","level":"info","event":"\u001b[0m23:32:36  Concurrency: 4 threads (target='dev')","logger":"task.stdout"}
{"timestamp":"2026-04-16T23:32:41.162885Z","level":"info","event":"\u001b[0m23:32:36","logger":"task.stdout"}
{"timestamp":"2026-04-16T23:32:41.163470Z","level":"info","event":"\u001b[0m23:32:36  1 of 3 START sql view model public.stg_stock_price ............................. [RUN]","logger":"task.stdout"}
{"timestamp":"2026-04-16T23:32:41.164002Z","level":"info","event":"\u001b[0m23:32:37  1 of 3 OK created sql view model public.stg_stock_price ........................ [\u001b[32mCREATE VIEW\u001b[0m in 0.82s]","logger":"task.stdout"}
{"timestamp":"2026-04-16T23:32:41.164602Z","level":"info","event":"\u001b[0m23:32:37  3 of 3 START sql table model public.price_summary .............................. [RUN]","logger":"task.stdout"}
{"timestamp":"2026-04-16T23:32:41.165141Z","level":"info","event":"\u001b[0m23:32:37  2 of 3 START sql table model public.daily_returns .............................. [RUN]","logger":"task.stdout"}
{"timestamp":"2026-04-16T23:32:41.165749Z","level":"info","event":"\u001b[0m23:32:38  3 of 3 OK created sql table model public.price_summary ......................... [\u001b[32mSELECT 7\u001b[0m in 0.59s]","logger":"task.stdout"}
{"timestamp":"2026-04-16T23:32:41.166254Z","level":"info","event":"\u001b[0m23:32:38  2 of 3 OK created sql table model public.daily_returns ......................... [\u001b[32mSELECT 4904\u001b[0m in 0.60s]","logger":"task.stdout"}
{"timestamp":"2026-04-16T23:32:41.166829Z","level":"info","event":"\u001b[0m23:32:38","logger":"task.stdout"}
{"timestamp":"2026-04-16T23:32:41.167337Z","level":"info","event":"\u001b[0m23:32:38  Finished running 2 table models, 1 view model in 0 hours 0 minutes and 2.08 seconds (2.08s).","logger":"task.stdout"}
{"timestamp":"2026-04-16T23:32:41.167815Z","level":"info","event":"\u001b[0m23:32:38","logger":"task.stdout"}
{"timestamp":"2026-04-16T23:32:41.168361Z","level":"info","event":"\u001b[0m23:32:38  \u001b[32mCompleted successfully\u001b[0m","logger":"task.stdout"}
{"timestamp":"2026-04-16T23:32:41.168896Z","level":"info","event":"\u001b[0m23:32:38","logger":"task.stdout"}
{"timestamp":"2026-04-16T23:32:41.169461Z","level":"info","event":"\u001b[0m23:32:38  Done. PASS=3 WARN=0 ERROR=0 SKIP=0 TOTAL=3","logger":"task.stdout"}
{"timestamp":"2026-04-16T23:32:41.169942Z","level":"info","event":"","logger":"task.stdout"}
{"timestamp":"2026-04-16T23:32:41.170464Z","level":"info","event":"","logger":"task.stdout"}
{"timestamp":"2026-04-16T23:32:41.157922Z","level":"info","event":"Done. Returned value was: None","logger":"airflow.task.operators.airflow.providers.standard.decorators.python._PythonDecoratedOperator","filename":"python.py","lineno":229}
