[0m23:38:20.894353 [debug] [MainThread]: Sending event: {'category': 'dbt', 'action': 'invocation', 'label': 'start', 'context': [<snowplow_tracker.self_describing_json.SelfDescribingJson object at 0x000001856CBD5E80>, <snowplow_tracker.self_describing_json.SelfDescribingJson object at 0x000001856A948A50>, <snowplow_tracker.self_describing_json.SelfDescribingJson object at 0x000001856D8F11D0>]}


============================== 23:38:21.079862 | 1bd9888e-482a-4c30-a071-5f827b6d8c36 ==============================
[0m23:38:21.079862 [info ] [MainThread]: Running with dbt=1.11.8
[0m23:38:21.080873 [debug] [MainThread]: running dbt with arguments {'version_check': 'True', 'no_print': 'None', 'static_parser': 'True', 'warn_error_options': 'WarnErrorOptionsV2(error=[], warn=[], silence=[])', 'target_path': 'None', 'printer_width': '80', 'write_json': 'True', 'introspect': 'True', 'log_cache_events': 'False', 'empty': 'None', 'cache_selected_only': 'False', 'fail_fast': 'False', 'debug': 'False', 'log_format': 'default', 'profiles_dir': 'C:\\Users\\HP ELITEBOOK 840G6\\.dbt', 'send_anonymous_usage_stats': 'True', 'quiet': 'False', 'warn_error': 'None', 'partial_parse': 'True', 'indirect_selection': 'eager', 'invocation_command': 'dbt init finance_dbt', 'use_colors': 'True', 'use_experimental_parser': 'False', 'log_path': 'logs'}
[0m23:38:21.497851 [debug] [MainThread]: Starter project path: c:\Users\HP ELITEBOOK 840G6\New Project\.venv\Lib\site-packages\dbt\include\starter_project
[0m23:38:21.536302 [info ] [MainThread]: 
Your new dbt project "finance_dbt" was created!

For more information on how to configure the profiles.yml file,
please consult the dbt documentation here:

  https://docs.getdbt.com/docs/configure-your-profile

One more thing:

Need help? Don't hesitate to reach out to us via GitHub issues or on Slack:

  https://community.getdbt.com/

Happy modeling!

[0m23:38:21.537357 [info ] [MainThread]: Setting up your profile.
[0m23:46:56.446695 [info ] [MainThread]: Profile finance_dbt written to C:\Users\HP ELITEBOOK 840G6\.dbt\profiles.yml using target's profile_template.yml and your supplied values. Run 'dbt debug' to validate the connection.
[0m23:46:56.449459 [debug] [MainThread]: Command `dbt init` succeeded at 23:46:56.449065 after 515.90 seconds
[0m23:46:56.450346 [debug] [MainThread]: Sending event: {'category': 'dbt', 'action': 'invocation', 'label': 'end', 'context': [<snowplow_tracker.self_describing_json.SelfDescribingJson object at 0x000001856F09FCE0>, <snowplow_tracker.self_describing_json.SelfDescribingJson object at 0x000001856F013650>, <snowplow_tracker.self_describing_json.SelfDescribingJson object at 0x000001856EE22580>]}
[0m23:46:56.451222 [debug] [MainThread]: Flushing usage events
[0m23:46:59.942534 [debug] [MainThread]: An error was encountered while trying to flush usage events
[0m23:47:19.296650 [debug] [MainThread]: Sending event: {'category': 'dbt', 'action': 'invocation', 'label': 'start', 'context': [<snowplow_tracker.self_describing_json.SelfDescribingJson object at 0x000001DB7DB7C6E0>, <snowplow_tracker.self_describing_json.SelfDescribingJson object at 0x000001DB7B6142D0>, <snowplow_tracker.self_describing_json.SelfDescribingJson object at 0x000001DB7E4E2490>]}


============================== 23:47:19.304981 | cd355839-41c5-48ef-9dcd-9bdc9927494c ==============================
[0m23:47:19.304981 [info ] [MainThread]: Running with dbt=1.11.8
[0m23:47:19.305975 [debug] [MainThread]: running dbt with arguments {'version_check': 'True', 'no_print': 'None', 'static_parser': 'True', 'target_path': 'None', 'warn_error_options': 'WarnErrorOptionsV2(error=[], warn=[], silence=[])', 'printer_width': '80', 'write_json': 'True', 'introspect': 'True', 'log_cache_events': 'False', 'empty': 'None', 'cache_selected_only': 'False', 'log_format': 'default', 'debug': 'False', 'fail_fast': 'False', 'profiles_dir': 'C:\\Users\\HP ELITEBOOK 840G6\\.dbt', 'send_anonymous_usage_stats': 'True', 'quiet': 'False', 'warn_error': 'None', 'partial_parse': 'True', 'indirect_selection': 'eager', 'invocation_command': 'dbt debug', 'use_colors': 'True', 'use_experimental_parser': 'False', 'log_path': 'logs'}
[0m23:47:19.364483 [info ] [MainThread]: dbt version: 1.11.8
[0m23:47:19.365299 [info ] [MainThread]: python version: 3.13.5
[0m23:47:19.365892 [info ] [MainThread]: python path: c:\Users\HP ELITEBOOK 840G6\New Project\.venv\Scripts\python.exe
[0m23:47:19.366504 [info ] [MainThread]: os info: Windows-11-10.0.26200-SP0
[0m23:47:19.377144 [info ] [MainThread]: Error importing adapter: No module named 'dbt.adapters.databricks'
[0m23:47:19.383703 [info ] [MainThread]: Error importing adapter: No module named 'dbt.adapters.databricks'
[0m23:47:19.389794 [info ] [MainThread]: Error importing adapter: No module named 'dbt.adapters.snowflake'
[0m23:47:19.395099 [info ] [MainThread]: Error importing adapter: No module named 'dbt.adapters.snowflake'
[0m23:47:19.491766 [info ] [MainThread]: Error importing adapter: No module named 'dbt.adapters.snowflake'
[0m23:47:19.492773 [info ] [MainThread]: Using profiles dir at C:\Users\HP ELITEBOOK 840G6\.dbt
[0m23:47:19.493440 [info ] [MainThread]: Using profiles.yml file at C:\Users\HP ELITEBOOK 840G6\.dbt\profiles.yml
[0m23:47:19.494082 [info ] [MainThread]: Using dbt_project.yml file at C:\Users\HP ELITEBOOK 840G6\New Project\dbt_project.yml
[0m23:47:19.494827 [info ] [MainThread]: Configuration:
[0m23:47:19.495434 [info ] [MainThread]:   profiles.yml file [[31mERROR invalid[0m]
[0m23:47:19.496037 [info ] [MainThread]:   dbt_project.yml file [[31mERROR not found[0m]
[0m23:47:19.496646 [info ] [MainThread]: Required dependencies:
[0m23:47:19.497273 [debug] [MainThread]: Executing "git --help"
[0m23:47:19.581313 [debug] [MainThread]: STDOUT: "b"usage: git [-v | --version] [-h | --help] [-C <path>] [-c <name>=<value>]\n           [--exec-path[=<path>]] [--html-path] [--man-path] [--info-path]\n           [-p | --paginate | -P | --no-pager] [--no-replace-objects] [--no-lazy-fetch]\n           [--no-optional-locks] [--no-advice] [--bare] [--git-dir=<path>]\n           [--work-tree=<path>] [--namespace=<name>] [--config-env=<name>=<envvar>]\n           <command> [<args>]\n\nThese are common Git commands used in various situations:\n\nstart a working area (see also: git help tutorial)\n   clone      Clone a repository into a new directory\n   init       Create an empty Git repository or reinitialize an existing one\n\nwork on the current change (see also: git help everyday)\n   add        Add file contents to the index\n   mv         Move or rename a file, a directory, or a symlink\n   restore    Restore working tree files\n   rm         Remove files from the working tree and from the index\n\nexamine the history and state (see also: git help revisions)\n   bisect     Use binary search to find the commit that introduced a bug\n   diff       Show changes between commits, commit and working tree, etc\n   grep       Print lines matching a pattern\n   log        Show commit logs\n   show       Show various types of objects\n   status     Show the working tree status\n\ngrow, mark and tweak your common history\n   backfill   Download missing objects in a partial clone\n   branch     List, create, or delete branches\n   commit     Record changes to the repository\n   merge      Join two or more development histories together\n   rebase     Reapply commits on top of another base tip\n   reset      Reset current HEAD to the specified state\n   switch     Switch branches\n   tag        Create, list, delete or verify a tag object signed with GPG\n\ncollaborate (see also: git help workflows)\n   fetch      Download objects and refs from another repository\n   pull       Fetch from and integrate with another repository or a local branch\n   push       Update remote refs along with associated objects\n\n'git help -a' and 'git help -g' list available subcommands and some\nconcept guides. See 'git help <command>' or 'git help <concept>'\nto read about a specific subcommand or concept.\nSee 'git help git' for an overview of the system.\n""
[0m23:47:19.582033 [debug] [MainThread]: STDERR: "b''"
[0m23:47:19.582628 [info ] [MainThread]:  - git [[32mOK found[0m]

[0m23:47:19.583299 [info ] [MainThread]: Connection test skipped since no profile was found
[0m23:47:19.584091 [info ] [MainThread]: [31m2 checks failed:[0m
[0m23:47:19.584787 [info ] [MainThread]: Could not load dbt_project.yml
Profile loading failed for the following reason:
Runtime Error
  Credentials in profile "amy_dbt", target "dev" invalid: Runtime Error
    Could not find adapter type databricks!

Runtime Error
  Credentials in profile "anabel_dbt_youtube", target "dev" invalid: Runtime Error
    Could not find adapter type databricks!

Runtime Error
  Credentials in profile "data_pipeline", target "dev" invalid: Runtime Error
    Could not find adapter type snowflake!

Runtime Error
  Credentials in profile "dbt_pipeline", target "dev" invalid: Runtime Error
    Could not find adapter type snowflake!

Runtime Error
  Credentials in profile "snow_pipeline", target "dev" invalid: Runtime Error
    Could not find adapter type snowflake!


[0m23:47:19.585545 [info ] [MainThread]: Project loading failed for the following reason:
 project path <C:\Users\HP ELITEBOOK 840G6\New Project\dbt_project.yml> not found

[0m23:47:19.587041 [debug] [MainThread]: Command `dbt debug` failed at 23:47:19.586844 after 0.53 seconds
[0m23:47:19.587582 [debug] [MainThread]: Sending event: {'category': 'dbt', 'action': 'invocation', 'label': 'end', 'context': [<snowplow_tracker.self_describing_json.SelfDescribingJson object at 0x000001DB7FC835C0>, <snowplow_tracker.self_describing_json.SelfDescribingJson object at 0x000001DB7FDD20F0>, <snowplow_tracker.self_describing_json.SelfDescribingJson object at 0x000001DB7FC79BF0>]}
[0m23:47:19.588131 [debug] [MainThread]: Flushing usage events
[0m23:47:21.077360 [debug] [MainThread]: An error was encountered while trying to flush usage events
[0m00:19:38.553060 [debug] [MainThread]: Sending event: {'category': 'dbt', 'action': 'invocation', 'label': 'start', 'context': [<snowplow_tracker.self_describing_json.SelfDescribingJson object at 0x0000025D69BAC6E0>, <snowplow_tracker.self_describing_json.SelfDescribingJson object at 0x0000025D676342D0>, <snowplow_tracker.self_describing_json.SelfDescribingJson object at 0x0000025D6A512490>]}


============================== 00:19:38.570263 | 9770d351-9324-421c-86d1-57525b0b818d ==============================
[0m00:19:38.570263 [info ] [MainThread]: Running with dbt=1.11.8
[0m00:19:38.572126 [debug] [MainThread]: running dbt with arguments {'version_check': 'True', 'no_print': 'None', 'static_parser': 'True', 'warn_error_options': 'WarnErrorOptionsV2(error=[], warn=[], silence=[])', 'target_path': 'None', 'printer_width': '80', 'write_json': 'True', 'introspect': 'True', 'log_cache_events': 'False', 'empty': 'None', 'cache_selected_only': 'False', 'fail_fast': 'False', 'debug': 'False', 'log_format': 'default', 'partial_parse': 'True', 'send_anonymous_usage_stats': 'True', 'quiet': 'False', 'warn_error': 'None', 'profiles_dir': 'C:\\Users\\HP ELITEBOOK 840G6\\.dbt', 'use_colors': 'True', 'indirect_selection': 'eager', 'invocation_command': 'dbt debug', 'use_experimental_parser': 'False', 'log_path': 'logs'}
[0m00:19:38.751341 [info ] [MainThread]: dbt version: 1.11.8
[0m00:19:38.752624 [info ] [MainThread]: python version: 3.13.5
[0m00:19:38.753707 [info ] [MainThread]: python path: c:\Users\HP ELITEBOOK 840G6\New Project\.venv\Scripts\python.exe
[0m00:19:38.754778 [info ] [MainThread]: os info: Windows-11-10.0.26200-SP0
[0m00:19:38.769238 [info ] [MainThread]: Error importing adapter: No module named 'dbt.adapters.databricks'
[0m00:19:38.778820 [info ] [MainThread]: Error importing adapter: No module named 'dbt.adapters.databricks'
[0m00:19:38.799781 [info ] [MainThread]: Error importing adapter: No module named 'dbt.adapters.snowflake'
[0m00:19:38.812025 [info ] [MainThread]: Error importing adapter: No module named 'dbt.adapters.snowflake'
[0m00:19:38.977040 [info ] [MainThread]: Error importing adapter: No module named 'dbt.adapters.snowflake'
[0m00:19:38.978449 [info ] [MainThread]: Using profiles dir at C:\Users\HP ELITEBOOK 840G6\.dbt
[0m00:19:38.979700 [info ] [MainThread]: Using profiles.yml file at C:\Users\HP ELITEBOOK 840G6\.dbt\profiles.yml
[0m00:19:38.980899 [info ] [MainThread]: Using dbt_project.yml file at C:\Users\HP ELITEBOOK 840G6\New Project\dbt_project.yml
[0m00:19:38.982166 [info ] [MainThread]: Configuration:
[0m00:19:38.983154 [info ] [MainThread]:   profiles.yml file [[31mERROR invalid[0m]
[0m00:19:38.984474 [info ] [MainThread]:   dbt_project.yml file [[31mERROR not found[0m]
[0m00:19:38.985914 [info ] [MainThread]: Required dependencies:
[0m00:19:38.987452 [debug] [MainThread]: Executing "git --help"
[0m00:19:39.115493 [debug] [MainThread]: STDOUT: "b"usage: git [-v | --version] [-h | --help] [-C <path>] [-c <name>=<value>]\n           [--exec-path[=<path>]] [--html-path] [--man-path] [--info-path]\n           [-p | --paginate | -P | --no-pager] [--no-replace-objects] [--no-lazy-fetch]\n           [--no-optional-locks] [--no-advice] [--bare] [--git-dir=<path>]\n           [--work-tree=<path>] [--namespace=<name>] [--config-env=<name>=<envvar>]\n           <command> [<args>]\n\nThese are common Git commands used in various situations:\n\nstart a working area (see also: git help tutorial)\n   clone      Clone a repository into a new directory\n   init       Create an empty Git repository or reinitialize an existing one\n\nwork on the current change (see also: git help everyday)\n   add        Add file contents to the index\n   mv         Move or rename a file, a directory, or a symlink\n   restore    Restore working tree files\n   rm         Remove files from the working tree and from the index\n\nexamine the history and state (see also: git help revisions)\n   bisect     Use binary search to find the commit that introduced a bug\n   diff       Show changes between commits, commit and working tree, etc\n   grep       Print lines matching a pattern\n   log        Show commit logs\n   show       Show various types of objects\n   status     Show the working tree status\n\ngrow, mark and tweak your common history\n   backfill   Download missing objects in a partial clone\n   branch     List, create, or delete branches\n   commit     Record changes to the repository\n   merge      Join two or more development histories together\n   rebase     Reapply commits on top of another base tip\n   reset      Reset current HEAD to the specified state\n   switch     Switch branches\n   tag        Create, list, delete or verify a tag object signed with GPG\n\ncollaborate (see also: git help workflows)\n   fetch      Download objects and refs from another repository\n   pull       Fetch from and integrate with another repository or a local branch\n   push       Update remote refs along with associated objects\n\n'git help -a' and 'git help -g' list available subcommands and some\nconcept guides. See 'git help <command>' or 'git help <concept>'\nto read about a specific subcommand or concept.\nSee 'git help git' for an overview of the system.\n""
[0m00:19:39.116426 [debug] [MainThread]: STDERR: "b''"
[0m00:19:39.117269 [info ] [MainThread]:  - git [[32mOK found[0m]

[0m00:19:39.118228 [info ] [MainThread]: Connection test skipped since no profile was found
[0m00:19:39.119284 [info ] [MainThread]: [31m2 checks failed:[0m
[0m00:19:39.120263 [info ] [MainThread]: Could not load dbt_project.yml
Profile loading failed for the following reason:
Runtime Error
  Credentials in profile "amy_dbt", target "dev" invalid: Runtime Error
    Could not find adapter type databricks!

Runtime Error
  Credentials in profile "anabel_dbt_youtube", target "dev" invalid: Runtime Error
    Could not find adapter type databricks!

Runtime Error
  Credentials in profile "data_pipeline", target "dev" invalid: Runtime Error
    Could not find adapter type snowflake!

Runtime Error
  Credentials in profile "dbt_pipeline", target "dev" invalid: Runtime Error
    Could not find adapter type snowflake!

Runtime Error
  Credentials in profile "snow_pipeline", target "dev" invalid: Runtime Error
    Could not find adapter type snowflake!


[0m00:19:39.121404 [info ] [MainThread]: Project loading failed for the following reason:
 project path <C:\Users\HP ELITEBOOK 840G6\New Project\dbt_project.yml> not found

[0m00:19:39.123643 [debug] [MainThread]: Command `dbt debug` failed at 00:19:39.123252 after 1.08 seconds
[0m00:19:39.124464 [debug] [MainThread]: Sending event: {'category': 'dbt', 'action': 'invocation', 'label': 'end', 'context': [<snowplow_tracker.self_describing_json.SelfDescribingJson object at 0x0000025D6BCB75C0>, <snowplow_tracker.self_describing_json.SelfDescribingJson object at 0x0000025D6BED20F0>, <snowplow_tracker.self_describing_json.SelfDescribingJson object at 0x0000025D6BCA9BF0>]}
[0m00:19:39.125295 [debug] [MainThread]: Flushing usage events
[0m00:19:41.590193 [debug] [MainThread]: An error was encountered while trying to flush usage events
[0m09:26:35.553407 [debug] [MainThread]: Sending event: {'category': 'dbt', 'action': 'invocation', 'label': 'start', 'context': [<snowplow_tracker.self_describing_json.SelfDescribingJson object at 0x00000242EAFCC6E0>, <snowplow_tracker.self_describing_json.SelfDescribingJson object at 0x00000242E8A742D0>, <snowplow_tracker.self_describing_json.SelfDescribingJson object at 0x00000242EB932490>]}


============================== 09:26:35.561730 | 12469fb2-44f6-4bd6-9422-a82bd2a4633e ==============================
[0m09:26:35.561730 [info ] [MainThread]: Running with dbt=1.11.8
[0m09:26:35.562804 [debug] [MainThread]: running dbt with arguments {'static_parser': 'True', 'no_print': 'None', 'version_check': 'True', 'warn_error_options': 'WarnErrorOptionsV2(error=[], warn=[], silence=[])', 'target_path': 'None', 'printer_width': '80', 'write_json': 'True', 'introspect': 'True', 'log_cache_events': 'False', 'empty': 'False', 'cache_selected_only': 'False', 'fail_fast': 'False', 'debug': 'False', 'log_format': 'default', 'partial_parse': 'True', 'send_anonymous_usage_stats': 'True', 'quiet': 'False', 'warn_error': 'None', 'profiles_dir': 'C:\\Users\\HP ELITEBOOK 840G6\\.dbt', 'invocation_command': 'dbt run', 'use_colors': 'True', 'indirect_selection': 'eager', 'use_experimental_parser': 'False', 'log_path': 'logs'}
[0m09:26:35.563589 [error] [MainThread]: Encountered an error:
Runtime Error
  No dbt_project.yml found at expected path C:\Users\HP ELITEBOOK 840G6\New Project\dbt_project.yml
  Verify that each entry within packages.yml (and their transitive dependencies) contains a file named dbt_project.yml
  
[0m09:26:35.565087 [debug] [MainThread]: Command `dbt run` failed at 09:26:35.564897 after 0.24 seconds
[0m09:26:35.565620 [debug] [MainThread]: Sending event: {'category': 'dbt', 'action': 'invocation', 'label': 'end', 'context': [<snowplow_tracker.self_describing_json.SelfDescribingJson object at 0x00000242ED0CC640>, <snowplow_tracker.self_describing_json.SelfDescribingJson object at 0x00000242ED0D4DD0>, <snowplow_tracker.self_describing_json.SelfDescribingJson object at 0x00000242ED070D10>]}
[0m09:26:35.566308 [debug] [MainThread]: Flushing usage events
[0m09:26:37.736591 [debug] [MainThread]: An error was encountered while trying to flush usage events
