{"timestamp":"2026-04-25T00:49:05.131997Z","level":"info","event":"DAG bundles loaded: dags-folder","logger":"airflow.dag_processing.bundles.manager.DagBundlesManager","filename":"manager.py","lineno":209}
{"timestamp":"2026-04-25T00:49:05.148755Z","level":"info","event":"Filling up the DagBag from /opt/airflow/dags/pipeline_dags.py","logger":"airflow.dag_processing.dagbag.BundleDagBag","filename":"dagbag.py","lineno":469}
{"timestamp":"2026-04-25T00:49:18.008740Z","level":"info","event":"\u001b[0m00:49:11  Running with dbt=1.9.0","logger":"task.stdout"}
{"timestamp":"2026-04-25T00:49:18.010386Z","level":"info","event":"\u001b[0m00:49:12  Registered adapter: postgres=1.9.0","logger":"task.stdout"}
{"timestamp":"2026-04-25T00:49:18.011368Z","level":"info","event":"\u001b[0m00:49:14  Found 3 models, 7 data tests, 1 source, 434 macros","logger":"task.stdout"}
{"timestamp":"2026-04-25T00:49:18.012336Z","level":"info","event":"\u001b[0m00:49:14","logger":"task.stdout"}
{"timestamp":"2026-04-25T00:49:18.013242Z","level":"info","event":"\u001b[0m00:49:14  Concurrency: 4 threads (target='dev')","logger":"task.stdout"}
{"timestamp":"2026-04-25T00:49:18.014242Z","level":"info","event":"\u001b[0m00:49:14","logger":"task.stdout"}
{"timestamp":"2026-04-25T00:49:18.015179Z","level":"info","event":"\u001b[0m00:49:14  1 of 3 START sql view model public.stg_stock_price ............................. [RUN]","logger":"task.stdout"}
{"timestamp":"2026-04-25T00:49:18.016059Z","level":"info","event":"\u001b[0m00:49:14  1 of 3 OK created sql view model public.stg_stock_price ........................ [\u001b[32mCREATE VIEW\u001b[0m in 0.34s]","logger":"task.stdout"}
{"timestamp":"2026-04-25T00:49:18.016968Z","level":"info","event":"\u001b[0m00:49:14  3 of 3 START sql table model public.price_summary .............................. [RUN]","logger":"task.stdout"}
{"timestamp":"2026-04-25T00:49:18.017885Z","level":"info","event":"\u001b[0m00:49:14  2 of 3 START sql table model public.daily_returns .............................. [RUN]","logger":"task.stdout"}
{"timestamp":"2026-04-25T00:49:18.018815Z","level":"info","event":"\u001b[0m00:49:15  3 of 3 OK created sql table model public.price_summary ......................... [\u001b[32mSELECT 7\u001b[0m in 0.55s]","logger":"task.stdout"}
{"timestamp":"2026-04-25T00:49:18.019709Z","level":"info","event":"\u001b[0m00:49:15  2 of 3 OK created sql table model public.daily_returns ......................... [\u001b[32mSELECT 14569\u001b[0m in 0.64s]","logger":"task.stdout"}
{"timestamp":"2026-04-25T00:49:18.020605Z","level":"info","event":"\u001b[0m00:49:15","logger":"task.stdout"}
{"timestamp":"2026-04-25T00:49:18.021483Z","level":"info","event":"\u001b[0m00:49:15  Finished running 2 table models, 1 view model in 0 hours 0 minutes and 1.52 seconds (1.52s).","logger":"task.stdout"}
{"timestamp":"2026-04-25T00:49:18.022353Z","level":"info","event":"\u001b[0m00:49:15","logger":"task.stdout"}
{"timestamp":"2026-04-25T00:49:18.023367Z","level":"info","event":"\u001b[0m00:49:15  \u001b[32mCompleted successfully\u001b[0m","logger":"task.stdout"}
{"timestamp":"2026-04-25T00:49:18.024263Z","level":"info","event":"\u001b[0m00:49:15","logger":"task.stdout"}
{"timestamp":"2026-04-25T00:49:18.025156Z","level":"info","event":"\u001b[0m00:49:15  Done. PASS=3 WARN=0 ERROR=0 SKIP=0 TOTAL=3","logger":"task.stdout"}
{"timestamp":"2026-04-25T00:49:18.025982Z","level":"info","event":"","logger":"task.stdout"}
{"timestamp":"2026-04-25T00:49:18.026908Z","level":"info","event":"","logger":"task.stdout"}
{"timestamp":"2026-04-25T00:49:18.009090Z","level":"info","event":"Done. Returned value was: None","logger":"airflow.task.operators.airflow.providers.standard.decorators.python._PythonDecoratedOperator","filename":"python.py","lineno":229}
