{"timestamp":"2026-04-12T23:21:05.275065Z","level":"info","event":"DAG bundles loaded: dags-folder","logger":"airflow.dag_processing.bundles.manager.DagBundlesManager","filename":"manager.py","lineno":209}
{"timestamp":"2026-04-12T23:21:05.287866Z","level":"info","event":"Filling up the DagBag from /opt/airflow/dags/pipeline_dags.py","logger":"airflow.dag_processing.dagbag.BundleDagBag","filename":"dagbag.py","lineno":469}
{"timestamp":"2026-04-12T23:31:32.494404Z","level":"info","event":"\u001b[0m23:30:43  Running with dbt=1.9.0","logger":"task.stdout"}
{"timestamp":"2026-04-12T23:31:32.495901Z","level":"info","event":"\u001b[0m23:30:44  Registered adapter: postgres=1.9.0","logger":"task.stdout"}
{"timestamp":"2026-04-12T23:31:32.496700Z","level":"info","event":"\u001b[0m23:30:45  Unable to do partial parsing because of a version mismatch","logger":"task.stdout"}
{"timestamp":"2026-04-12T23:31:32.497472Z","level":"info","event":"\u001b[0m23:30:50  Found 3 models, 7 data tests, 1 source, 434 macros","logger":"task.stdout"}
{"timestamp":"2026-04-12T23:31:32.498213Z","level":"info","event":"\u001b[0m23:30:50","logger":"task.stdout"}
{"timestamp":"2026-04-12T23:31:32.498781Z","level":"info","event":"\u001b[0m23:30:50  Concurrency: 4 threads (target='dev')","logger":"task.stdout"}
{"timestamp":"2026-04-12T23:31:32.499513Z","level":"info","event":"\u001b[0m23:30:50","logger":"task.stdout"}
{"timestamp":"2026-04-12T23:31:32.500522Z","level":"info","event":"\u001b[0m23:30:54  1 of 3 START sql view model public.stg_stock_price ............................. [RUN]","logger":"task.stdout"}
{"timestamp":"2026-04-12T23:31:32.501216Z","level":"info","event":"\u001b[0m23:30:55  1 of 3 OK created sql view model public.stg_stock_price ........................ [\u001b[32mCREATE VIEW\u001b[0m in 1.03s]","logger":"task.stdout"}
{"timestamp":"2026-04-12T23:31:32.501976Z","level":"info","event":"\u001b[0m23:30:55  3 of 3 START sql table model public.price_summary .............................. [RUN]","logger":"task.stdout"}
{"timestamp":"2026-04-12T23:31:32.502641Z","level":"info","event":"\u001b[0m23:30:55  2 of 3 START sql table model public.daily_returns .............................. [RUN]","logger":"task.stdout"}
{"timestamp":"2026-04-12T23:31:32.503665Z","level":"info","event":"\u001b[0m23:30:56  2 of 3 OK created sql table model public.daily_returns ......................... [\u001b[32mSELECT 4843\u001b[0m in 0.73s]","logger":"task.stdout"}
{"timestamp":"2026-04-12T23:31:32.504376Z","level":"info","event":"\u001b[0m23:30:56  3 of 3 OK created sql table model public.price_summary ......................... [\u001b[32mSELECT 7\u001b[0m in 0.75s]","logger":"task.stdout"}
{"timestamp":"2026-04-12T23:31:32.504912Z","level":"info","event":"\u001b[0m23:30:57","logger":"task.stdout"}
{"timestamp":"2026-04-12T23:31:32.505521Z","level":"info","event":"\u001b[0m23:30:57  Finished running 2 table models, 1 view model in 0 hours 0 minutes and 6.49 seconds (6.49s).","logger":"task.stdout"}
{"timestamp":"2026-04-12T23:31:32.506029Z","level":"info","event":"\u001b[0m23:30:57","logger":"task.stdout"}
{"timestamp":"2026-04-12T23:31:32.506544Z","level":"info","event":"\u001b[0m23:30:57  \u001b[32mCompleted successfully\u001b[0m","logger":"task.stdout"}
{"timestamp":"2026-04-12T23:31:32.507126Z","level":"info","event":"\u001b[0m23:30:57","logger":"task.stdout"}
{"timestamp":"2026-04-12T23:31:32.507572Z","level":"info","event":"\u001b[0m23:30:57  Done. PASS=3 WARN=0 ERROR=0 SKIP=0 TOTAL=3","logger":"task.stdout"}
{"timestamp":"2026-04-12T23:31:32.508199Z","level":"info","event":"","logger":"task.stdout"}
{"timestamp":"2026-04-12T23:31:32.508920Z","level":"info","event":"","logger":"task.stdout"}
{"timestamp":"2026-04-12T23:30:59.952623Z","level":"info","event":"Done. Returned value was: None","logger":"airflow.task.operators.airflow.providers.standard.decorators.python._PythonDecoratedOperator","filename":"python.py","lineno":229}
