{"timestamp":"2026-04-12T22:24:59.434959Z","level":"info","event":"DAG bundles loaded: dags-folder","logger":"airflow.dag_processing.bundles.manager.DagBundlesManager","filename":"manager.py","lineno":209}
{"timestamp":"2026-04-12T22:24:59.439338Z","level":"info","event":"Filling up the DagBag from /opt/airflow/dags/pipeline_dags.py","logger":"airflow.dag_processing.dagbag.BundleDagBag","filename":"dagbag.py","lineno":469}
{"timestamp":"2026-04-12T22:25:06.458281Z","level":"info","event":"Failed to create TzCache, reason: Error creating TzCache folder: '/home/airflow/.cache/py-yfinance' reason: [Errno 17] File exists: '/home/airflow/.cache/py-yfinance'. TzCache will not be used. Tip: You can direct cache to use a different location with 'set_tz_cache_location(mylocation)'","logger":"yfinance","filename":"cache.py","lineno":132}
{"timestamp":"2026-04-12T22:25:09.717266Z","level":"info","event":"        date        open  ...  ticker                ingested_at","logger":"task.stdout"}
{"timestamp":"2026-04-12T22:25:09.718056Z","level":"info","event":"0 2026-04-10  260.480011  ...    AAPL 2026-04-12 22:25:09.696177","logger":"task.stdout"}
{"timestamp":"2026-04-12T22:25:09.718627Z","level":"info","event":"","logger":"task.stdout"}
{"timestamp":"2026-04-12T22:25:09.719082Z","level":"info","event":"[1 rows x 8 columns]","logger":"task.stdout"}
{"timestamp":"2026-04-12T22:25:09.742517Z","level":"info","event":"(1, 8)","logger":"task.stdout"}
{"timestamp":"2026-04-12T22:25:10.658993Z","level":"info","event":"        date       open        high  ...    volume  ticker                ingested_at","logger":"task.stdout"}
{"timestamp":"2026-04-12T22:25:10.659719Z","level":"info","event":"0 2026-04-10  317.23999  321.829987  ...  18914274   GOOGL 2026-04-12 22:25:10.642383","logger":"task.stdout"}
{"timestamp":"2026-04-12T22:25:10.660341Z","level":"info","event":"","logger":"task.stdout"}
{"timestamp":"2026-04-12T22:25:10.660910Z","level":"info","event":"[1 rows x 8 columns]","logger":"task.stdout"}
{"timestamp":"2026-04-12T22:25:10.661562Z","level":"info","event":"(2, 8)","logger":"task.stdout"}
{"timestamp":"2026-04-12T22:25:11.549339Z","level":"info","event":"        date        open  ...  ticker                ingested_at","logger":"task.stdout"}
{"timestamp":"2026-04-12T22:25:11.549997Z","level":"info","event":"0 2026-04-10  370.869995  ...    MSFT 2026-04-12 22:25:11.524602","logger":"task.stdout"}
{"timestamp":"2026-04-12T22:25:11.550755Z","level":"info","event":"","logger":"task.stdout"}
{"timestamp":"2026-04-12T22:25:11.551402Z","level":"info","event":"[1 rows x 8 columns]","logger":"task.stdout"}
{"timestamp":"2026-04-12T22:25:11.552364Z","level":"info","event":"(3, 8)","logger":"task.stdout"}
{"timestamp":"2026-04-12T22:25:12.549610Z","level":"info","event":"        date        open   high  ...     volume  ticker                ingested_at","logger":"task.stdout"}
{"timestamp":"2026-04-12T22:25:12.550463Z","level":"info","event":"0 2026-04-10  188.630005  190.0  ...  159395820    NVDA 2026-04-12 22:25:12.536151","logger":"task.stdout"}
{"timestamp":"2026-04-12T22:25:12.551366Z","level":"info","event":"","logger":"task.stdout"}
{"timestamp":"2026-04-12T22:25:12.552546Z","level":"info","event":"[1 rows x 8 columns]","logger":"task.stdout"}
{"timestamp":"2026-04-12T22:25:12.553461Z","level":"info","event":"(4, 8)","logger":"task.stdout"}
{"timestamp":"2026-04-12T22:25:13.234522Z","level":"info","event":"        date          open  ...   ticker                ingested_at","logger":"task.stdout"}
{"timestamp":"2026-04-12T22:25:13.235369Z","level":"info","event":"0 2026-04-11  73054.273438  ...  BTC-USD 2026-04-12 22:25:13.212755","logger":"task.stdout"}
{"timestamp":"2026-04-12T22:25:13.235991Z","level":"info","event":"","logger":"task.stdout"}
{"timestamp":"2026-04-12T22:25:13.237374Z","level":"info","event":"[1 rows x 8 columns]","logger":"task.stdout"}
{"timestamp":"2026-04-12T22:25:13.238690Z","level":"info","event":"(5, 8)","logger":"task.stdout"}
{"timestamp":"2026-04-12T22:25:14.143658Z","level":"info","event":"        date         open  ...   ticker                ingested_at","logger":"task.stdout"}
{"timestamp":"2026-04-12T22:25:14.144706Z","level":"info","event":"0 2026-04-11  2285.390137  ...  ETH-USD 2026-04-12 22:25:14.119185","logger":"task.stdout"}
{"timestamp":"2026-04-12T22:25:14.145334Z","level":"info","event":"","logger":"task.stdout"}
{"timestamp":"2026-04-12T22:25:14.147214Z","level":"info","event":"[1 rows x 8 columns]","logger":"task.stdout"}
{"timestamp":"2026-04-12T22:25:14.148670Z","level":"info","event":"(6, 8)","logger":"task.stdout"}
{"timestamp":"2026-04-12T22:25:14.892350Z","level":"info","event":"        date       open  ...   ticker                ingested_at","logger":"task.stdout"}
{"timestamp":"2026-04-12T22:25:14.893336Z","level":"info","event":"0 2026-04-11  84.948769  ...  SOL-USD 2026-04-12 22:25:14.865610","logger":"task.stdout"}
{"timestamp":"2026-04-12T22:25:14.894124Z","level":"info","event":"","logger":"task.stdout"}
{"timestamp":"2026-04-12T22:25:14.894788Z","level":"info","event":"[1 rows x 8 columns]","logger":"task.stdout"}
{"timestamp":"2026-04-12T22:25:14.940559Z","level":"info","event":"(7, 8)","logger":"task.stdout"}
{"timestamp":"2026-04-12T22:25:14.982283Z","level":"info","event":"Done. Returned value was: None","logger":"airflow.task.operators.airflow.providers.standard.decorators.python._PythonDecoratedOperator","filename":"python.py","lineno":229}
