{"timestamp":"2026-04-12T22:24:59.434133Z","level":"info","event":"DAG bundles loaded: dags-folder","logger":"airflow.dag_processing.bundles.manager.DagBundlesManager","filename":"manager.py","lineno":209}
{"timestamp":"2026-04-12T22:24:59.439328Z","level":"info","event":"Filling up the DagBag from /opt/airflow/dags/pipeline_dags.py","logger":"airflow.dag_processing.dagbag.BundleDagBag","filename":"dagbag.py","lineno":469}
{"timestamp":"2026-04-12T22:25:09.627585Z","level":"info","event":"        date        open  ...  ticker                ingested_at","logger":"task.stdout"}
{"timestamp":"2026-04-12T22:25:09.634737Z","level":"info","event":"0 2026-04-10  260.480011  ...    AAPL 2026-04-12 22:25:09.569714","logger":"task.stdout"}
{"timestamp":"2026-04-12T22:25:09.635503Z","level":"info","event":"","logger":"task.stdout"}
{"timestamp":"2026-04-12T22:25:09.636204Z","level":"info","event":"[1 rows x 8 columns]","logger":"task.stdout"}
{"timestamp":"2026-04-12T22:25:09.665408Z","level":"info","event":"(1, 8)","logger":"task.stdout"}
{"timestamp":"2026-04-12T22:25:10.552478Z","level":"info","event":"        date       open        high  ...    volume  ticker                ingested_at","logger":"task.stdout"}
{"timestamp":"2026-04-12T22:25:10.553530Z","level":"info","event":"0 2026-04-10  317.23999  321.829987  ...  18914274   GOOGL 2026-04-12 22:25:10.536272","logger":"task.stdout"}
{"timestamp":"2026-04-12T22:25:10.555764Z","level":"info","event":"","logger":"task.stdout"}
{"timestamp":"2026-04-12T22:25:10.558712Z","level":"info","event":"[1 rows x 8 columns]","logger":"task.stdout"}
{"timestamp":"2026-04-12T22:25:10.559850Z","level":"info","event":"(2, 8)","logger":"task.stdout"}
{"timestamp":"2026-04-12T22:25:11.538698Z","level":"info","event":"        date        open  ...  ticker                ingested_at","logger":"task.stdout"}
{"timestamp":"2026-04-12T22:25:11.539571Z","level":"info","event":"0 2026-04-10  370.869995  ...    MSFT 2026-04-12 22:25:11.515138","logger":"task.stdout"}
{"timestamp":"2026-04-12T22:25:11.540874Z","level":"info","event":"","logger":"task.stdout"}
{"timestamp":"2026-04-12T22:25:11.541734Z","level":"info","event":"[1 rows x 8 columns]","logger":"task.stdout"}
{"timestamp":"2026-04-12T22:25:11.542974Z","level":"info","event":"(3, 8)","logger":"task.stdout"}
{"timestamp":"2026-04-12T22:25:12.430582Z","level":"info","event":"        date        open   high  ...     volume  ticker                ingested_at","logger":"task.stdout"}
{"timestamp":"2026-04-12T22:25:12.431333Z","level":"info","event":"0 2026-04-10  188.630005  190.0  ...  159395820    NVDA 2026-04-12 22:25:12.410317","logger":"task.stdout"}
{"timestamp":"2026-04-12T22:25:12.432048Z","level":"info","event":"","logger":"task.stdout"}
{"timestamp":"2026-04-12T22:25:12.433489Z","level":"info","event":"[1 rows x 8 columns]","logger":"task.stdout"}
{"timestamp":"2026-04-12T22:25:12.434359Z","level":"info","event":"(4, 8)","logger":"task.stdout"}
{"timestamp":"2026-04-12T22:25:13.225227Z","level":"info","event":"        date          open  ...   ticker                ingested_at","logger":"task.stdout"}
{"timestamp":"2026-04-12T22:25:13.226108Z","level":"info","event":"0 2026-04-11  73054.273438  ...  BTC-USD 2026-04-12 22:25:13.211349","logger":"task.stdout"}
{"timestamp":"2026-04-12T22:25:13.226754Z","level":"info","event":"","logger":"task.stdout"}
{"timestamp":"2026-04-12T22:25:13.227462Z","level":"info","event":"[1 rows x 8 columns]","logger":"task.stdout"}
{"timestamp":"2026-04-12T22:25:13.228345Z","level":"info","event":"(5, 8)","logger":"task.stdout"}
{"timestamp":"2026-04-12T22:25:14.123902Z","level":"info","event":"        date         open  ...   ticker                ingested_at","logger":"task.stdout"}
{"timestamp":"2026-04-12T22:25:14.124660Z","level":"info","event":"0 2026-04-11  2285.390137  ...  ETH-USD 2026-04-12 22:25:14.101089","logger":"task.stdout"}
{"timestamp":"2026-04-12T22:25:14.125185Z","level":"info","event":"","logger":"task.stdout"}
{"timestamp":"2026-04-12T22:25:14.125869Z","level":"info","event":"[1 rows x 8 columns]","logger":"task.stdout"}
{"timestamp":"2026-04-12T22:25:14.129158Z","level":"info","event":"(6, 8)","logger":"task.stdout"}
{"timestamp":"2026-04-12T22:25:14.898500Z","level":"info","event":"        date       open  ...   ticker                ingested_at","logger":"task.stdout"}
{"timestamp":"2026-04-12T22:25:14.899660Z","level":"info","event":"0 2026-04-11  84.948769  ...  SOL-USD 2026-04-12 22:25:14.872185","logger":"task.stdout"}
{"timestamp":"2026-04-12T22:25:14.900464Z","level":"info","event":"","logger":"task.stdout"}
{"timestamp":"2026-04-12T22:25:14.901097Z","level":"info","event":"[1 rows x 8 columns]","logger":"task.stdout"}
{"timestamp":"2026-04-12T22:25:14.950160Z","level":"info","event":"(7, 8)","logger":"task.stdout"}
{"timestamp":"2026-04-12T22:25:15.012829Z","level":"info","event":"Done. Returned value was: None","logger":"airflow.task.operators.airflow.providers.standard.decorators.python._PythonDecoratedOperator","filename":"python.py","lineno":229}
