{"timestamp":"2026-04-26T12:21:20.557629Z","level":"info","event":"DAG bundles loaded: dags-folder","logger":"airflow.dag_processing.bundles.manager.DagBundlesManager","filename":"manager.py","lineno":209}
{"timestamp":"2026-04-26T12:21:20.577418Z","level":"info","event":"Filling up the DagBag from /opt/airflow/dags/pipeline_dags.py","logger":"airflow.dag_processing.dagbag.BundleDagBag","filename":"dagbag.py","lineno":469}
{"timestamp":"2026-04-26T12:21:40.951719Z","level":"info","event":"\u001b[0m12:21:31  Running with dbt=1.9.0","logger":"task.stdout"}
{"timestamp":"2026-04-26T12:21:40.961755Z","level":"info","event":"\u001b[0m12:21:32  Registered adapter: postgres=1.9.0","logger":"task.stdout"}
{"timestamp":"2026-04-26T12:21:40.962819Z","level":"info","event":"\u001b[0m12:21:34  Found 3 models, 7 data tests, 1 source, 434 macros","logger":"task.stdout"}
{"timestamp":"2026-04-26T12:21:40.963857Z","level":"info","event":"\u001b[0m12:21:34","logger":"task.stdout"}
{"timestamp":"2026-04-26T12:21:40.964889Z","level":"info","event":"\u001b[0m12:21:34  Concurrency: 4 threads (target='dev')","logger":"task.stdout"}
{"timestamp":"2026-04-26T12:21:40.965951Z","level":"info","event":"\u001b[0m12:21:34","logger":"task.stdout"}
{"timestamp":"2026-04-26T12:21:40.967024Z","level":"info","event":"\u001b[0m12:21:35  1 of 3 START sql view model public.stg_stock_price ............................. [RUN]","logger":"task.stdout"}
{"timestamp":"2026-04-26T12:21:40.967967Z","level":"info","event":"\u001b[0m12:21:35  1 of 3 OK created sql view model public.stg_stock_price ........................ [\u001b[32mCREATE VIEW\u001b[0m in 0.35s]","logger":"task.stdout"}
{"timestamp":"2026-04-26T12:21:40.968994Z","level":"info","event":"\u001b[0m12:21:35  2 of 3 START sql table model public.daily_returns .............................. [RUN]","logger":"task.stdout"}
{"timestamp":"2026-04-26T12:21:40.969966Z","level":"info","event":"\u001b[0m12:21:35  3 of 3 START sql table model public.price_summary .............................. [RUN]","logger":"task.stdout"}
{"timestamp":"2026-04-26T12:21:40.970844Z","level":"info","event":"\u001b[0m12:21:36  3 of 3 OK created sql table model public.price_summary ......................... [\u001b[32mSELECT 7\u001b[0m in 0.75s]","logger":"task.stdout"}
{"timestamp":"2026-04-26T12:21:40.971752Z","level":"info","event":"\u001b[0m12:21:36  2 of 3 OK created sql table model public.daily_returns ......................... [\u001b[32mSELECT 4771\u001b[0m in 0.82s]","logger":"task.stdout"}
{"timestamp":"2026-04-26T12:21:40.972547Z","level":"info","event":"\u001b[0m12:21:36","logger":"task.stdout"}
{"timestamp":"2026-04-26T12:21:40.973470Z","level":"info","event":"\u001b[0m12:21:36  Finished running 2 table models, 1 view model in 0 hours 0 minutes and 1.83 seconds (1.83s).","logger":"task.stdout"}
{"timestamp":"2026-04-26T12:21:40.974518Z","level":"info","event":"\u001b[0m12:21:36","logger":"task.stdout"}
{"timestamp":"2026-04-26T12:21:40.975559Z","level":"info","event":"\u001b[0m12:21:36  \u001b[32mCompleted successfully\u001b[0m","logger":"task.stdout"}
{"timestamp":"2026-04-26T12:21:40.976556Z","level":"info","event":"\u001b[0m12:21:36","logger":"task.stdout"}
{"timestamp":"2026-04-26T12:21:40.977477Z","level":"info","event":"\u001b[0m12:21:36  Done. PASS=3 WARN=0 ERROR=0 SKIP=0 TOTAL=3","logger":"task.stdout"}
{"timestamp":"2026-04-26T12:21:40.978348Z","level":"info","event":"","logger":"task.stdout"}
{"timestamp":"2026-04-26T12:21:40.979412Z","level":"info","event":"","logger":"task.stdout"}
{"timestamp":"2026-04-26T12:21:40.952156Z","level":"info","event":"Done. Returned value was: None","logger":"airflow.task.operators.airflow.providers.standard.decorators.python._PythonDecoratedOperator","filename":"python.py","lineno":229}
