{"timestamp":"2026-04-12T23:02:53.061467Z","level":"info","event":"DAG bundles loaded: dags-folder","logger":"airflow.dag_processing.bundles.manager.DagBundlesManager","filename":"manager.py","lineno":209}
{"timestamp":"2026-04-12T23:02:53.066601Z","level":"info","event":"Filling up the DagBag from /opt/airflow/dags/pipeline_dags.py","logger":"airflow.dag_processing.dagbag.BundleDagBag","filename":"dagbag.py","lineno":469}
{"timestamp":"2026-04-12T23:03:07.298182Z","level":"info","event":"\u001b[0m23:02:59  Running with dbt=1.9.0","logger":"task.stdout"}
{"timestamp":"2026-04-12T23:03:07.299202Z","level":"info","event":"\u001b[0m23:03:00  Registered adapter: postgres=1.9.0","logger":"task.stdout"}
{"timestamp":"2026-04-12T23:03:07.299611Z","level":"info","event":"\u001b[0m23:03:00  Unable to do partial parsing because of a version mismatch","logger":"task.stdout"}
{"timestamp":"2026-04-12T23:03:07.300050Z","level":"info","event":"\u001b[0m23:03:04  Found 3 models, 7 data tests, 1 source, 434 macros","logger":"task.stdout"}
{"timestamp":"2026-04-12T23:03:07.300386Z","level":"info","event":"\u001b[0m23:03:04","logger":"task.stdout"}
{"timestamp":"2026-04-12T23:03:07.300818Z","level":"info","event":"\u001b[0m23:03:04  Concurrency: 4 threads (target='dev')","logger":"task.stdout"}
{"timestamp":"2026-04-12T23:03:07.301226Z","level":"info","event":"\u001b[0m23:03:04","logger":"task.stdout"}
{"timestamp":"2026-04-12T23:03:07.301600Z","level":"info","event":"\u001b[0m23:03:04","logger":"task.stdout"}
{"timestamp":"2026-04-12T23:03:07.302072Z","level":"info","event":"\u001b[0m23:03:04  Finished running  in 0 hours 0 minutes and 0.12 seconds (0.12s).","logger":"task.stdout"}
{"timestamp":"2026-04-12T23:03:07.302468Z","level":"info","event":"\u001b[0m23:03:04  Encountered an error:","logger":"task.stdout"}
{"timestamp":"2026-04-12T23:03:07.302900Z","level":"info","event":"Database Error","logger":"task.stdout"}
{"timestamp":"2026-04-12T23:03:07.303253Z","level":"info","event":"  connection to server at \"localhost\" (::1), port 5434 failed: Connection refused","logger":"task.stdout"}
{"timestamp":"2026-04-12T23:03:07.303648Z","level":"info","event":"  \tIs the server running on that host and accepting TCP/IP connections?","logger":"task.stdout"}
{"timestamp":"2026-04-12T23:03:07.304038Z","level":"info","event":"  connection to server at \"localhost\" (127.0.0.1), port 5434 failed: Connection refused","logger":"task.stdout"}
{"timestamp":"2026-04-12T23:03:07.304463Z","level":"info","event":"  \tIs the server running on that host and accepting TCP/IP connections?","logger":"task.stdout"}
{"timestamp":"2026-04-12T23:03:07.304930Z","level":"info","event":"","logger":"task.stdout"}
{"timestamp":"2026-04-12T23:03:07.305340Z","level":"info","event":"","logger":"task.stdout"}
{"timestamp":"2026-04-12T23:03:07.305802Z","level":"info","event":"","logger":"task.stdout"}
{"timestamp":"2026-04-12T23:03:07.298167Z","level":"error","event":"Task failed with exception","logger":"task","filename":"task_runner.py","lineno":1347,"error_detail":[{"exc_type":"Exception","exc_value":"dbt run failed: ","exc_notes":[],"syntax_error":null,"is_cause":false,"frames":[{"filename":"/home/airflow/.local/lib/python3.13/site-packages/airflow/sdk/execution_time/task_runner.py","lineno":1263,"name":"run"},{"filename":"/home/airflow/.local/lib/python3.13/site-packages/airflow/sdk/execution_time/task_runner.py","lineno":1678,"name":"_execute_task"},{"filename":"/home/airflow/.local/lib/python3.13/site-packages/airflow/sdk/bases/operator.py","lineno":443,"name":"wrapper"},{"filename":"/home/airflow/.local/lib/python3.13/site-packages/airflow/sdk/bases/decorator.py","lineno":397,"name":"execute"},{"filename":"/home/airflow/.local/lib/python3.13/site-packages/airflow/sdk/bases/operator.py","lineno":443,"name":"wrapper"},{"filename":"/home/airflow/.local/lib/python3.13/site-packages/airflow/providers/standard/operators/python.py","lineno":227,"name":"execute"},{"filename":"/home/airflow/.local/lib/python3.13/site-packages/airflow/providers/standard/operators/python.py","lineno":250,"name":"execute_callable"},{"filename":"/home/airflow/.local/lib/python3.13/site-packages/airflow/sdk/execution_time/callback_runner.py","lineno":97,"name":"run"},{"filename":"/opt/airflow/dags/pipeline_dags.py","lineno":34,"name":"run_dbt"}],"is_group":false,"exceptions":[]}]}
