{"timestamp":"2026-04-25T09:27:33.488625Z","level":"info","event":"DAG bundles loaded: dags-folder","logger":"airflow.dag_processing.bundles.manager.DagBundlesManager","filename":"manager.py","lineno":209}
{"timestamp":"2026-04-25T09:27:33.539657Z","level":"info","event":"Filling up the DagBag from /opt/airflow/dags/pipeline_dags.py","logger":"airflow.dag_processing.dagbag.BundleDagBag","filename":"dagbag.py","lineno":469}
{"timestamp":"2026-04-25T09:27:46.274225Z","level":"error","event":"$AAPL: possibly delisted; no price data found  (1d 2024-01-21 -> 2026-04-25)","logger":"yfinance","filename":"history.py","lineno":289}
{"timestamp":"2026-04-25T09:27:46.282272Z","level":"error","event":"\n1 Failed download:","logger":"yfinance","filename":"multi.py","lineno":195}
{"timestamp":"2026-04-25T09:27:46.282916Z","level":"error","event":"['AAPL']: possibly delisted; no price data found  (1d 2024-01-21 -> 2026-04-25)","logger":"yfinance","filename":"multi.py","lineno":208}
{"timestamp":"2026-04-25T09:27:46.326589Z","level":"info","event":"⚠️ No data for AAPL — skipping","logger":"task.stdout"}
{"timestamp":"2026-04-25T09:27:46.383587Z","level":"error","event":"$GOOGL: possibly delisted; no price data found  (1d 2024-01-21 -> 2026-04-25)","logger":"yfinance","filename":"history.py","lineno":289}
{"timestamp":"2026-04-25T09:27:46.391334Z","level":"error","event":"\n1 Failed download:","logger":"yfinance","filename":"multi.py","lineno":195}
{"timestamp":"2026-04-25T09:27:46.392154Z","level":"error","event":"['GOOGL']: possibly delisted; no price data found  (1d 2024-01-21 -> 2026-04-25)","logger":"yfinance","filename":"multi.py","lineno":208}
{"timestamp":"2026-04-25T09:27:46.415300Z","level":"info","event":"⚠️ No data for GOOGL — skipping","logger":"task.stdout"}
{"timestamp":"2026-04-25T09:27:46.467111Z","level":"error","event":"$MSFT: possibly delisted; no price data found  (1d 2024-01-21 -> 2026-04-25)","logger":"yfinance","filename":"history.py","lineno":289}
{"timestamp":"2026-04-25T09:27:46.469502Z","level":"error","event":"\n1 Failed download:","logger":"yfinance","filename":"multi.py","lineno":195}
{"timestamp":"2026-04-25T09:27:46.470311Z","level":"error","event":"['MSFT']: possibly delisted; no price data found  (1d 2024-01-21 -> 2026-04-25)","logger":"yfinance","filename":"multi.py","lineno":208}
{"timestamp":"2026-04-25T09:27:46.487760Z","level":"info","event":"⚠️ No data for MSFT — skipping","logger":"task.stdout"}
{"timestamp":"2026-04-25T09:27:46.520682Z","level":"error","event":"$NVDA: possibly delisted; no price data found  (1d 2024-01-21 -> 2026-04-25)","logger":"yfinance","filename":"history.py","lineno":289}
{"timestamp":"2026-04-25T09:27:46.523909Z","level":"error","event":"\n1 Failed download:","logger":"yfinance","filename":"multi.py","lineno":195}
{"timestamp":"2026-04-25T09:27:46.524505Z","level":"error","event":"['NVDA']: possibly delisted; no price data found  (1d 2024-01-21 -> 2026-04-25)","logger":"yfinance","filename":"multi.py","lineno":208}
{"timestamp":"2026-04-25T09:27:46.539333Z","level":"info","event":"⚠️ No data for NVDA — skipping","logger":"task.stdout"}
{"timestamp":"2026-04-25T09:27:46.565650Z","level":"error","event":"$BTC-USD: possibly delisted; no price data found  (1d 2024-01-21 -> 2026-04-25)","logger":"yfinance","filename":"history.py","lineno":289}
{"timestamp":"2026-04-25T09:27:46.568005Z","level":"error","event":"\n1 Failed download:","logger":"yfinance","filename":"multi.py","lineno":195}
{"timestamp":"2026-04-25T09:27:46.569690Z","level":"error","event":"['BTC-USD']: possibly delisted; no price data found  (1d 2024-01-21 -> 2026-04-25)","logger":"yfinance","filename":"multi.py","lineno":208}
{"timestamp":"2026-04-25T09:27:46.587784Z","level":"info","event":"⚠️ No data for BTC-USD — skipping","logger":"task.stdout"}
{"timestamp":"2026-04-25T09:27:46.608720Z","level":"error","event":"$ETH-USD: possibly delisted; no price data found  (1d 2024-01-21 -> 2026-04-25)","logger":"yfinance","filename":"history.py","lineno":289}
{"timestamp":"2026-04-25T09:27:46.615970Z","level":"error","event":"\n1 Failed download:","logger":"yfinance","filename":"multi.py","lineno":195}
{"timestamp":"2026-04-25T09:27:46.617594Z","level":"error","event":"['ETH-USD']: possibly delisted; no price data found  (1d 2024-01-21 -> 2026-04-25)","logger":"yfinance","filename":"multi.py","lineno":208}
{"timestamp":"2026-04-25T09:27:46.633072Z","level":"info","event":"⚠️ No data for ETH-USD — skipping","logger":"task.stdout"}
{"timestamp":"2026-04-25T09:27:46.664305Z","level":"error","event":"$SOL-USD: possibly delisted; no price data found  (1d 2024-01-21 -> 2026-04-25)","logger":"yfinance","filename":"history.py","lineno":289}
{"timestamp":"2026-04-25T09:27:46.669131Z","level":"error","event":"\n1 Failed download:","logger":"yfinance","filename":"multi.py","lineno":195}
{"timestamp":"2026-04-25T09:27:46.670205Z","level":"error","event":"['SOL-USD']: possibly delisted; no price data found  (1d 2024-01-21 -> 2026-04-25)","logger":"yfinance","filename":"multi.py","lineno":208}
{"timestamp":"2026-04-25T09:27:46.690824Z","level":"info","event":"⚠️ No data for SOL-USD — skipping","logger":"task.stdout"}
{"timestamp":"2026-04-25T09:27:46.695531Z","level":"info","event":"⚠️ No data fetched today — market might be closed","logger":"task.stdout"}
{"timestamp":"2026-04-25T09:27:46.693180Z","level":"info","event":"Done. Returned value was: None","logger":"airflow.task.operators.airflow.providers.standard.decorators.python._PythonDecoratedOperator","filename":"python.py","lineno":229}
