{"timestamp":"2026-04-12T23:02:38.408274Z","level":"info","event":"DAG bundles loaded: dags-folder","logger":"airflow.dag_processing.bundles.manager.DagBundlesManager","filename":"manager.py","lineno":209}
{"timestamp":"2026-04-12T23:02:38.416426Z","level":"info","event":"Filling up the DagBag from /opt/airflow/dags/pipeline_dags.py","logger":"airflow.dag_processing.dagbag.BundleDagBag","filename":"dagbag.py","lineno":469}
{"timestamp":"2026-04-12T23:02:46.510136Z","level":"info","event":"        date        open  ...  ticker                ingested_at","logger":"task.stdout"}
{"timestamp":"2026-04-12T23:02:46.511686Z","level":"info","event":"0 2026-04-10  260.480011  ...    AAPL 2026-04-12 23:02:46.490517","logger":"task.stdout"}
{"timestamp":"2026-04-12T23:02:46.512237Z","level":"info","event":"","logger":"task.stdout"}
{"timestamp":"2026-04-12T23:02:46.512831Z","level":"info","event":"[1 rows x 8 columns]","logger":"task.stdout"}
{"timestamp":"2026-04-12T23:02:46.546392Z","level":"info","event":"(1, 8)","logger":"task.stdout"}
{"timestamp":"2026-04-12T23:02:47.228452Z","level":"info","event":"        date       open        high  ...    volume  ticker                ingested_at","logger":"task.stdout"}
{"timestamp":"2026-04-12T23:02:47.229289Z","level":"info","event":"0 2026-04-10  317.23999  321.829987  ...  18914274   GOOGL 2026-04-12 23:02:47.204506","logger":"task.stdout"}
{"timestamp":"2026-04-12T23:02:47.229965Z","level":"info","event":"","logger":"task.stdout"}
{"timestamp":"2026-04-12T23:02:47.230678Z","level":"info","event":"[1 rows x 8 columns]","logger":"task.stdout"}
{"timestamp":"2026-04-12T23:02:47.232496Z","level":"info","event":"(2, 8)","logger":"task.stdout"}
{"timestamp":"2026-04-12T23:02:48.225660Z","level":"info","event":"        date        open  ...  ticker                ingested_at","logger":"task.stdout"}
{"timestamp":"2026-04-12T23:02:48.226317Z","level":"info","event":"0 2026-04-10  370.869995  ...    MSFT 2026-04-12 23:02:48.207410","logger":"task.stdout"}
{"timestamp":"2026-04-12T23:02:48.227191Z","level":"info","event":"","logger":"task.stdout"}
{"timestamp":"2026-04-12T23:02:48.227952Z","level":"info","event":"[1 rows x 8 columns]","logger":"task.stdout"}
{"timestamp":"2026-04-12T23:02:48.228844Z","level":"info","event":"(3, 8)","logger":"task.stdout"}
{"timestamp":"2026-04-12T23:02:49.084874Z","level":"info","event":"        date        open   high  ...     volume  ticker                ingested_at","logger":"task.stdout"}
{"timestamp":"2026-04-12T23:02:49.086349Z","level":"info","event":"0 2026-04-10  188.630005  190.0  ...  159395820    NVDA 2026-04-12 23:02:49.055579","logger":"task.stdout"}
{"timestamp":"2026-04-12T23:02:49.090645Z","level":"info","event":"","logger":"task.stdout"}
{"timestamp":"2026-04-12T23:02:49.094222Z","level":"info","event":"[1 rows x 8 columns]","logger":"task.stdout"}
{"timestamp":"2026-04-12T23:02:49.095782Z","level":"info","event":"(4, 8)","logger":"task.stdout"}
{"timestamp":"2026-04-12T23:02:50.045812Z","level":"info","event":"        date          open  ...   ticker                ingested_at","logger":"task.stdout"}
{"timestamp":"2026-04-12T23:02:50.046757Z","level":"info","event":"0 2026-04-11  73054.273438  ...  BTC-USD 2026-04-12 23:02:50.021980","logger":"task.stdout"}
{"timestamp":"2026-04-12T23:02:50.047847Z","level":"info","event":"","logger":"task.stdout"}
{"timestamp":"2026-04-12T23:02:50.048691Z","level":"info","event":"[1 rows x 8 columns]","logger":"task.stdout"}
{"timestamp":"2026-04-12T23:02:50.049910Z","level":"info","event":"(5, 8)","logger":"task.stdout"}
{"timestamp":"2026-04-12T23:02:50.921747Z","level":"info","event":"        date         open  ...   ticker                ingested_at","logger":"task.stdout"}
{"timestamp":"2026-04-12T23:02:50.922532Z","level":"info","event":"0 2026-04-11  2285.390137  ...  ETH-USD 2026-04-12 23:02:50.900895","logger":"task.stdout"}
{"timestamp":"2026-04-12T23:02:50.923159Z","level":"info","event":"","logger":"task.stdout"}
{"timestamp":"2026-04-12T23:02:50.923742Z","level":"info","event":"[1 rows x 8 columns]","logger":"task.stdout"}
{"timestamp":"2026-04-12T23:02:50.928626Z","level":"info","event":"(6, 8)","logger":"task.stdout"}
{"timestamp":"2026-04-12T23:02:51.944324Z","level":"info","event":"        date       open  ...   ticker                ingested_at","logger":"task.stdout"}
{"timestamp":"2026-04-12T23:02:51.945243Z","level":"info","event":"0 2026-04-11  84.948769  ...  SOL-USD 2026-04-12 23:02:51.921121","logger":"task.stdout"}
{"timestamp":"2026-04-12T23:02:51.945971Z","level":"info","event":"","logger":"task.stdout"}
{"timestamp":"2026-04-12T23:02:51.947019Z","level":"info","event":"[1 rows x 8 columns]","logger":"task.stdout"}
{"timestamp":"2026-04-12T23:02:51.985251Z","level":"info","event":"(7, 8)","logger":"task.stdout"}
{"timestamp":"2026-04-12T23:02:52.032788Z","level":"info","event":"Done. Returned value was: None","logger":"airflow.task.operators.airflow.providers.standard.decorators.python._PythonDecoratedOperator","filename":"python.py","lineno":229}
