{"timestamp":"2026-04-27T11:39:30.892658Z","level":"info","event":"DAG bundles loaded: dags-folder","logger":"airflow.dag_processing.bundles.manager.DagBundlesManager","filename":"manager.py","lineno":209}
{"timestamp":"2026-04-27T11:39:30.898869Z","level":"info","event":"Filling up the DagBag from /opt/airflow/dags/pipeline_dags.py","logger":"airflow.dag_processing.dagbag.BundleDagBag","filename":"dagbag.py","lineno":469}
{"timestamp":"2026-04-27T11:39:47.644585Z","level":"info","event":"\u001b[0m11:39:38  Running with dbt=1.9.0","logger":"task.stdout"}
{"timestamp":"2026-04-27T11:39:47.645743Z","level":"info","event":"\u001b[0m11:39:38  Registered adapter: postgres=1.9.0","logger":"task.stdout"}
{"timestamp":"2026-04-27T11:39:47.646449Z","level":"info","event":"\u001b[0m11:39:41  Found 3 models, 7 data tests, 1 source, 434 macros","logger":"task.stdout"}
{"timestamp":"2026-04-27T11:39:47.647135Z","level":"info","event":"\u001b[0m11:39:41","logger":"task.stdout"}
{"timestamp":"2026-04-27T11:39:47.647755Z","level":"info","event":"\u001b[0m11:39:41  Concurrency: 4 threads (target='dev')","logger":"task.stdout"}
{"timestamp":"2026-04-27T11:39:47.648377Z","level":"info","event":"\u001b[0m11:39:41","logger":"task.stdout"}
{"timestamp":"2026-04-27T11:39:47.648941Z","level":"info","event":"\u001b[0m11:39:41  1 of 3 START sql view model public.stg_stock_price ............................. [RUN]","logger":"task.stdout"}
{"timestamp":"2026-04-27T11:39:47.649555Z","level":"info","event":"\u001b[0m11:39:42  1 of 3 OK created sql view model public.stg_stock_price ........................ [\u001b[32mCREATE VIEW\u001b[0m in 0.59s]","logger":"task.stdout"}
{"timestamp":"2026-04-27T11:39:47.650299Z","level":"info","event":"\u001b[0m11:39:42  3 of 3 START sql table model public.price_summary .............................. [RUN]","logger":"task.stdout"}
{"timestamp":"2026-04-27T11:39:47.651088Z","level":"info","event":"\u001b[0m11:39:42  2 of 3 START sql table model public.daily_returns .............................. [RUN]","logger":"task.stdout"}
{"timestamp":"2026-04-27T11:39:47.651973Z","level":"info","event":"\u001b[0m11:39:42  3 of 3 OK created sql table model public.price_summary ......................... [\u001b[32mSELECT 7\u001b[0m in 0.55s]","logger":"task.stdout"}
{"timestamp":"2026-04-27T11:39:47.652961Z","level":"info","event":"\u001b[0m11:39:42  2 of 3 OK created sql table model public.daily_returns ......................... [\u001b[32mSELECT 4777\u001b[0m in 0.57s]","logger":"task.stdout"}
{"timestamp":"2026-04-27T11:39:47.653766Z","level":"info","event":"\u001b[0m11:39:42","logger":"task.stdout"}
{"timestamp":"2026-04-27T11:39:47.654535Z","level":"info","event":"\u001b[0m11:39:42  Finished running 2 table models, 1 view model in 0 hours 0 minutes and 1.82 seconds (1.82s).","logger":"task.stdout"}
{"timestamp":"2026-04-27T11:39:47.655280Z","level":"info","event":"\u001b[0m11:39:43","logger":"task.stdout"}
{"timestamp":"2026-04-27T11:39:47.656084Z","level":"info","event":"\u001b[0m11:39:43  \u001b[32mCompleted successfully\u001b[0m","logger":"task.stdout"}
{"timestamp":"2026-04-27T11:39:47.656941Z","level":"info","event":"\u001b[0m11:39:43","logger":"task.stdout"}
{"timestamp":"2026-04-27T11:39:47.657720Z","level":"info","event":"\u001b[0m11:39:43  Done. PASS=3 WARN=0 ERROR=0 SKIP=0 TOTAL=3","logger":"task.stdout"}
{"timestamp":"2026-04-27T11:39:47.658416Z","level":"info","event":"","logger":"task.stdout"}
{"timestamp":"2026-04-27T11:39:47.659056Z","level":"info","event":"","logger":"task.stdout"}
{"timestamp":"2026-04-27T11:39:47.645375Z","level":"info","event":"Done. Returned value was: None","logger":"airflow.task.operators.airflow.providers.standard.decorators.python._PythonDecoratedOperator","filename":"python.py","lineno":229}
