{"timestamp":"2026-04-12T21:38:37.483640Z","level":"info","event":"DAG bundles loaded: dags-folder","logger":"airflow.dag_processing.bundles.manager.DagBundlesManager","filename":"manager.py","lineno":209}
{"timestamp":"2026-04-12T21:38:37.491983Z","level":"info","event":"Filling up the DagBag from /opt/airflow/dags/pipeline_dags.py","logger":"airflow.dag_processing.dagbag.BundleDagBag","filename":"dagbag.py","lineno":469}
{"timestamp":"2026-04-12T21:38:40.936848Z","level":"info","event":"        date        open  ...  ticker                ingested_at","logger":"task.stdout"}
{"timestamp":"2026-04-12T21:38:40.938063Z","level":"info","event":"0 2024-01-02  183.731308  ...    AAPL 2026-04-12 21:38:40.923040","logger":"task.stdout"}
{"timestamp":"2026-04-12T21:38:40.938595Z","level":"info","event":"1 2024-01-03  182.355591  ...    AAPL 2026-04-12 21:38:40.923040","logger":"task.stdout"}
{"timestamp":"2026-04-12T21:38:40.939117Z","level":"info","event":"2 2024-01-04  180.039642  ...    AAPL 2026-04-12 21:38:40.923040","logger":"task.stdout"}
{"timestamp":"2026-04-12T21:38:40.939589Z","level":"info","event":"3 2024-01-05  179.317169  ...    AAPL 2026-04-12 21:38:40.923040","logger":"task.stdout"}
{"timestamp":"2026-04-12T21:38:40.940039Z","level":"info","event":"4 2024-01-08  183.652145  ...    AAPL 2026-04-12 21:38:40.923040","logger":"task.stdout"}
{"timestamp":"2026-04-12T21:38:40.940606Z","level":"info","event":"","logger":"task.stdout"}
{"timestamp":"2026-04-12T21:38:40.941288Z","level":"info","event":"[5 rows x 8 columns]","logger":"task.stdout"}
{"timestamp":"2026-04-12T21:38:40.942932Z","level":"info","event":"(569, 8)","logger":"task.stdout"}
{"timestamp":"2026-04-12T21:38:41.762355Z","level":"info","event":"        date        open  ...  ticker                ingested_at","logger":"task.stdout"}
{"timestamp":"2026-04-12T21:38:41.763417Z","level":"info","event":"0 2024-01-02  137.037399  ...   GOOGL 2026-04-12 21:38:41.729401","logger":"task.stdout"}
{"timestamp":"2026-04-12T21:38:41.764591Z","level":"info","event":"1 2024-01-03  137.781250  ...   GOOGL 2026-04-12 21:38:41.729401","logger":"task.stdout"}
{"timestamp":"2026-04-12T21:38:41.767279Z","level":"info","event":"2 2024-01-04  135.271988  ...   GOOGL 2026-04-12 21:38:41.729401","logger":"task.stdout"}
{"timestamp":"2026-04-12T21:38:41.771292Z","level":"info","event":"3 2024-01-05  134.617371  ...   GOOGL 2026-04-12 21:38:41.729401","logger":"task.stdout"}
{"timestamp":"2026-04-12T21:38:41.772154Z","level":"info","event":"4 2024-01-08  137.701889  ...   GOOGL 2026-04-12 21:38:41.729401","logger":"task.stdout"}
{"timestamp":"2026-04-12T21:38:41.772792Z","level":"info","event":"","logger":"task.stdout"}
{"timestamp":"2026-04-12T21:38:41.773427Z","level":"info","event":"[5 rows x 8 columns]","logger":"task.stdout"}
{"timestamp":"2026-04-12T21:38:41.775168Z","level":"info","event":"(1138, 8)","logger":"task.stdout"}
{"timestamp":"2026-04-12T21:38:42.427621Z","level":"info","event":"        date        open  ...  ticker                ingested_at","logger":"task.stdout"}
{"timestamp":"2026-04-12T21:38:42.428313Z","level":"info","event":"0 2024-01-02  364.589478  ...    MSFT 2026-04-12 21:38:42.416869","logger":"task.stdout"}
{"timestamp":"2026-04-12T21:38:42.428940Z","level":"info","event":"1 2024-01-03  364.324005  ...    MSFT 2026-04-12 21:38:42.416869","logger":"task.stdout"}
{"timestamp":"2026-04-12T21:38:42.431793Z","level":"info","event":"2 2024-01-04  361.709076  ...    MSFT 2026-04-12 21:38:42.416869","logger":"task.stdout"}
{"timestamp":"2026-04-12T21:38:42.432300Z","level":"info","event":"3 2024-01-05  361.522308  ...    MSFT 2026-04-12 21:38:42.416869","logger":"task.stdout"}
{"timestamp":"2026-04-12T21:38:42.432841Z","level":"info","event":"4 2024-01-08  368.344757  ...    MSFT 2026-04-12 21:38:42.416869","logger":"task.stdout"}
{"timestamp":"2026-04-12T21:38:42.433359Z","level":"info","event":"","logger":"task.stdout"}
{"timestamp":"2026-04-12T21:38:42.433993Z","level":"info","event":"[5 rows x 8 columns]","logger":"task.stdout"}
{"timestamp":"2026-04-12T21:38:42.434707Z","level":"info","event":"(1707, 8)","logger":"task.stdout"}
{"timestamp":"2026-04-12T21:38:43.214902Z","level":"info","event":"        date       open       high  ...     volume  ticker                ingested_at","logger":"task.stdout"}
{"timestamp":"2026-04-12T21:38:43.215679Z","level":"info","event":"0 2024-01-02  48.138569  49.264879  ...  411254000    NVDA 2026-04-12 21:38:43.197047","logger":"task.stdout"}
{"timestamp":"2026-04-12T21:38:43.216272Z","level":"info","event":"1 2024-01-03  47.539936  48.154558  ...  320896000    NVDA 2026-04-12 21:38:43.197047","logger":"task.stdout"}
{"timestamp":"2026-04-12T21:38:43.217296Z","level":"info","event":"2 2024-01-04  47.968678  48.470370  ...  306535000    NVDA 2026-04-12 21:38:43.197047","logger":"task.stdout"}
{"timestamp":"2026-04-12T21:38:43.219266Z","level":"info","event":"3 2024-01-05  49.067005  49.516731  ...  415039000    NVDA 2026-04-12 21:38:43.197047","logger":"task.stdout"}
{"timestamp":"2026-04-12T21:38:43.220479Z","level":"info","event":"4 2024-01-08  52.221081  52.243071  ...  642510000    NVDA 2026-04-12 21:38:43.197047","logger":"task.stdout"}
{"timestamp":"2026-04-12T21:38:43.221218Z","level":"info","event":"","logger":"task.stdout"}
{"timestamp":"2026-04-12T21:38:43.221859Z","level":"info","event":"[5 rows x 8 columns]","logger":"task.stdout"}
{"timestamp":"2026-04-12T21:38:43.251031Z","level":"info","event":"(2276, 8)","logger":"task.stdout"}
{"timestamp":"2026-04-12T21:38:43.931128Z","level":"info","event":"        date          open  ...   ticker                ingested_at","logger":"task.stdout"}
{"timestamp":"2026-04-12T21:38:43.931978Z","level":"info","event":"0 2024-01-01  44167.332031  ...  BTC-USD 2026-04-12 21:38:43.918158","logger":"task.stdout"}
{"timestamp":"2026-04-12T21:38:43.932566Z","level":"info","event":"1 2024-01-02  44957.968750  ...  BTC-USD 2026-04-12 21:38:43.918158","logger":"task.stdout"}
{"timestamp":"2026-04-12T21:38:43.933065Z","level":"info","event":"2 2024-01-03  42848.175781  ...  BTC-USD 2026-04-12 21:38:43.918158","logger":"task.stdout"}
{"timestamp":"2026-04-12T21:38:43.933478Z","level":"info","event":"3 2024-01-04  44179.921875  ...  BTC-USD 2026-04-12 21:38:43.918158","logger":"task.stdout"}
{"timestamp":"2026-04-12T21:38:43.933869Z","level":"info","event":"4 2024-01-05  44162.691406  ...  BTC-USD 2026-04-12 21:38:43.918158","logger":"task.stdout"}
{"timestamp":"2026-04-12T21:38:43.934232Z","level":"info","event":"","logger":"task.stdout"}
{"timestamp":"2026-04-12T21:38:43.934933Z","level":"info","event":"[5 rows x 8 columns]","logger":"task.stdout"}
{"timestamp":"2026-04-12T21:38:43.936098Z","level":"info","event":"(3106, 8)","logger":"task.stdout"}
{"timestamp":"2026-04-12T21:38:47.490920Z","level":"info","event":"        date         open  ...   ticker                ingested_at","logger":"task.stdout"}
{"timestamp":"2026-04-12T21:38:47.491574Z","level":"info","event":"0 2024-01-01  2352.327881  ...  ETH-USD 2026-04-12 21:38:47.478777","logger":"task.stdout"}
{"timestamp":"2026-04-12T21:38:47.493172Z","level":"info","event":"1 2024-01-02  2355.836426  ...  ETH-USD 2026-04-12 21:38:47.478777","logger":"task.stdout"}
{"timestamp":"2026-04-12T21:38:47.493799Z","level":"info","event":"2 2024-01-03  2210.761963  ...  ETH-USD 2026-04-12 21:38:47.478777","logger":"task.stdout"}
{"timestamp":"2026-04-12T21:38:47.494368Z","level":"info","event":"3 2024-01-04  2269.038086  ...  ETH-USD 2026-04-12 21:38:47.478777","logger":"task.stdout"}
{"timestamp":"2026-04-12T21:38:47.494907Z","level":"info","event":"4 2024-01-05  2268.647217  ...  ETH-USD 2026-04-12 21:38:47.478777","logger":"task.stdout"}
{"timestamp":"2026-04-12T21:38:47.495402Z","level":"info","event":"","logger":"task.stdout"}
{"timestamp":"2026-04-12T21:38:47.495864Z","level":"info","event":"[5 rows x 8 columns]","logger":"task.stdout"}
{"timestamp":"2026-04-12T21:38:47.496520Z","level":"info","event":"(3936, 8)","logger":"task.stdout"}
{"timestamp":"2026-04-12T21:38:48.734715Z","level":"info","event":"        date        open  ...   ticker                ingested_at","logger":"task.stdout"}
{"timestamp":"2026-04-12T21:38:48.735423Z","level":"info","event":"0 2024-01-01  109.508682  ...  SOL-USD 2026-04-12 21:38:48.719967","logger":"task.stdout"}
{"timestamp":"2026-04-12T21:38:48.735916Z","level":"info","event":"1 2024-01-02  106.611221  ...  SOL-USD 2026-04-12 21:38:48.719967","logger":"task.stdout"}
{"timestamp":"2026-04-12T21:38:48.736376Z","level":"info","event":"2 2024-01-03   98.594437  ...  SOL-USD 2026-04-12 21:38:48.719967","logger":"task.stdout"}
{"timestamp":"2026-04-12T21:38:48.736833Z","level":"info","event":"3 2024-01-04  105.077538  ...  SOL-USD 2026-04-12 21:38:48.719967","logger":"task.stdout"}
{"timestamp":"2026-04-12T21:38:48.737247Z","level":"info","event":"4 2024-01-05   99.978790  ...  SOL-USD 2026-04-12 21:38:48.719967","logger":"task.stdout"}
{"timestamp":"2026-04-12T21:38:48.737642Z","level":"info","event":"","logger":"task.stdout"}
{"timestamp":"2026-04-12T21:38:48.738017Z","level":"info","event":"[5 rows x 8 columns]","logger":"task.stdout"}
{"timestamp":"2026-04-12T21:38:48.738966Z","level":"info","event":"(4766, 8)","logger":"task.stdout"}
{"timestamp":"2026-04-12T21:38:49.028060Z","level":"error","event":"Task failed with exception","logger":"task","filename":"task_runner.py","lineno":1347,"error_detail":[{"exc_type":"IntegrityError","exc_value":"(psycopg2.errors.UniqueViolation) duplicate key value violates unique constraint \"pg_type_typname_nsp_index\"\nDETAIL:  Key (typname, typnamespace)=(finance_data, 2200) already exists.\n\n[SQL: \nCREATE TABLE finance_data (\n\tdate TIMESTAMP WITHOUT TIME ZONE, \n\topen FLOAT(53), \n\thigh FLOAT(53), \n\tlow FLOAT(53), \n\tclose FLOAT(53), \n\tvolume BIGINT, \n\tticker TEXT, \n\tingested_at TIMESTAMP WITHOUT TIME ZONE\n)\n\n]\n(Background on this error at: https://sqlalche.me/e/20/gkpj)","exc_notes":[],"syntax_error":null,"is_cause":false,"frames":[{"filename":"/home/airflow/.local/lib/python3.13/site-packages/airflow/sdk/execution_time/task_runner.py","lineno":1263,"name":"run"},{"filename":"/home/airflow/.local/lib/python3.13/site-packages/airflow/sdk/execution_time/task_runner.py","lineno":1678,"name":"_execute_task"},{"filename":"/home/airflow/.local/lib/python3.13/site-packages/airflow/sdk/bases/operator.py","lineno":443,"name":"wrapper"},{"filename":"/home/airflow/.local/lib/python3.13/site-packages/airflow/sdk/bases/decorator.py","lineno":397,"name":"execute"},{"filename":"/home/airflow/.local/lib/python3.13/site-packages/airflow/sdk/bases/operator.py","lineno":443,"name":"wrapper"},{"filename":"/home/airflow/.local/lib/python3.13/site-packages/airflow/providers/standard/operators/python.py","lineno":227,"name":"execute"},{"filename":"/home/airflow/.local/lib/python3.13/site-packages/airflow/providers/standard/operators/python.py","lineno":250,"name":"execute_callable"},{"filename":"/home/airflow/.local/lib/python3.13/site-packages/airflow/sdk/execution_time/callback_runner.py","lineno":97,"name":"run"},{"filename":"/opt/airflow/dags/pipeline_dags.py","lineno":17,"name":"fetch_raw_data"},{"filename":"/opt/airflow/data_ingestion/fetch_data.py","lineno":59,"name":"fetch_and_save"},{"filename":"/home/airflow/.local/lib/python3.13/site-packages/pandas/util/_decorators.py","lineno":333,"name":"wrapper"},{"filename":"/home/airflow/.local/lib/python3.13/site-packages/pandas/core/generic.py","lineno":3109,"name":"to_sql"},{"filename":"/home/airflow/.local/lib/python3.13/site-packages/pandas/io/sql.py","lineno":844,"name":"to_sql"},{"filename":"/home/airflow/.local/lib/python3.13/site-packages/pandas/io/sql.py","lineno":2020,"name":"to_sql"},{"filename":"/home/airflow/.local/lib/python3.13/site-packages/pandas/io/sql.py","lineno":1924,"name":"prep_table"},{"filename":"/home/airflow/.local/lib/python3.13/site-packages/pandas/io/sql.py","lineno":997,"name":"create"},{"filename":"/home/airflow/.local/lib/python3.13/site-packages/pandas/io/sql.py","lineno":983,"name":"_execute_create"},{"filename":"/home/airflow/.local/lib/python3.13/site-packages/sqlalchemy/sql/schema.py","lineno":1288,"name":"create"},{"filename":"/home/airflow/.local/lib/python3.13/site-packages/sqlalchemy/engine/base.py","lineno":2467,"name":"_run_ddl_visitor"},{"filename":"/home/airflow/.local/lib/python3.13/site-packages/sqlalchemy/sql/visitors.py","lineno":661,"name":"traverse_single"},{"filename":"/home/airflow/.local/lib/python3.13/site-packages/sqlalchemy/sql/ddl.py","lineno":1022,"name":"visit_table"},{"filename":"/home/airflow/.local/lib/python3.13/site-packages/sqlalchemy/sql/ddl.py","lineno":321,"name":"_invoke_with"},{"filename":"/home/airflow/.local/lib/python3.13/site-packages/sqlalchemy/engine/base.py","lineno":1419,"name":"execute"},{"filename":"/home/airflow/.local/lib/python3.13/site-packages/sqlalchemy/sql/ddl.py","lineno":187,"name":"_execute_on_connection"},{"filename":"/home/airflow/.local/lib/python3.13/site-packages/sqlalchemy/engine/base.py","lineno":1530,"name":"_execute_ddl"},{"filename":"/home/airflow/.local/lib/python3.13/site-packages/sqlalchemy/engine/base.py","lineno":1846,"name":"_execute_context"},{"filename":"/home/airflow/.local/lib/python3.13/site-packages/sqlalchemy/engine/base.py","lineno":1986,"name":"_exec_single_context"},{"filename":"/home/airflow/.local/lib/python3.13/site-packages/sqlalchemy/engine/base.py","lineno":2363,"name":"_handle_dbapi_exception"},{"filename":"/home/airflow/.local/lib/python3.13/site-packages/sqlalchemy/engine/base.py","lineno":1967,"name":"_exec_single_context"},{"filename":"/home/airflow/.local/lib/python3.13/site-packages/sqlalchemy/engine/default.py","lineno":952,"name":"do_execute"}],"is_group":false,"exceptions":[]},{"exc_type":"UniqueViolation","exc_value":"duplicate key value violates unique constraint \"pg_type_typname_nsp_index\"\nDETAIL:  Key (typname, typnamespace)=(finance_data, 2200) already exists.\n","exc_notes":[],"syntax_error":null,"is_cause":true,"frames":[{"filename":"/home/airflow/.local/lib/python3.13/site-packages/sqlalchemy/engine/base.py","lineno":1967,"name":"_exec_single_context"},{"filename":"/home/airflow/.local/lib/python3.13/site-packages/sqlalchemy/engine/default.py","lineno":952,"name":"do_execute"}],"is_group":false,"exceptions":[]}]}
