{"timestamp":"2026-04-26T12:20:52.252406Z","level":"info","event":"DAG bundles loaded: dags-folder","logger":"airflow.dag_processing.bundles.manager.DagBundlesManager","filename":"manager.py","lineno":209}
{"timestamp":"2026-04-26T12:20:52.260601Z","level":"info","event":"Filling up the DagBag from /opt/airflow/dags/pipeline_dags.py","logger":"airflow.dag_processing.dagbag.BundleDagBag","filename":"dagbag.py","lineno":469}
{"timestamp":"2026-04-26T12:21:10.235890Z","level":"info","event":"\u001b[0m12:21:02  Running with dbt=1.9.0","logger":"task.stdout"}
{"timestamp":"2026-04-26T12:21:10.245452Z","level":"info","event":"\u001b[0m12:21:03  Registered adapter: postgres=1.9.0","logger":"task.stdout"}
{"timestamp":"2026-04-26T12:21:10.246334Z","level":"info","event":"\u001b[0m12:21:05  Found 3 models, 7 data tests, 1 source, 434 macros","logger":"task.stdout"}
{"timestamp":"2026-04-26T12:21:10.247146Z","level":"info","event":"\u001b[0m12:21:05","logger":"task.stdout"}
{"timestamp":"2026-04-26T12:21:10.247851Z","level":"info","event":"\u001b[0m12:21:05  Concurrency: 4 threads (target='dev')","logger":"task.stdout"}
{"timestamp":"2026-04-26T12:21:10.248590Z","level":"info","event":"\u001b[0m12:21:05","logger":"task.stdout"}
{"timestamp":"2026-04-26T12:21:10.249438Z","level":"info","event":"\u001b[0m12:21:06  1 of 3 START sql view model public.stg_stock_price ............................. [RUN]","logger":"task.stdout"}
{"timestamp":"2026-04-26T12:21:10.250263Z","level":"info","event":"\u001b[0m12:21:07  1 of 3 OK created sql view model public.stg_stock_price ........................ [\u001b[32mCREATE VIEW\u001b[0m in 0.56s]","logger":"task.stdout"}
{"timestamp":"2026-04-26T12:21:10.251231Z","level":"info","event":"\u001b[0m12:21:07  2 of 3 START sql table model public.daily_returns .............................. [RUN]","logger":"task.stdout"}
{"timestamp":"2026-04-26T12:21:10.252107Z","level":"info","event":"\u001b[0m12:21:07  3 of 3 START sql table model public.price_summary .............................. [RUN]","logger":"task.stdout"}
{"timestamp":"2026-04-26T12:21:10.252779Z","level":"info","event":"\u001b[0m12:21:07  3 of 3 OK created sql table model public.price_summary ......................... [\u001b[32mSELECT 7\u001b[0m in 0.59s]","logger":"task.stdout"}
{"timestamp":"2026-04-26T12:21:10.253493Z","level":"info","event":"\u001b[0m12:21:07  2 of 3 OK created sql table model public.daily_returns ......................... [\u001b[32mSELECT 4757\u001b[0m in 0.63s]","logger":"task.stdout"}
{"timestamp":"2026-04-26T12:21:10.254259Z","level":"info","event":"\u001b[0m12:21:07","logger":"task.stdout"}
{"timestamp":"2026-04-26T12:21:10.255045Z","level":"info","event":"\u001b[0m12:21:07  Finished running 2 table models, 1 view model in 0 hours 0 minutes and 1.98 seconds (1.98s).","logger":"task.stdout"}
{"timestamp":"2026-04-26T12:21:10.255768Z","level":"info","event":"\u001b[0m12:21:07","logger":"task.stdout"}
{"timestamp":"2026-04-26T12:21:10.256547Z","level":"info","event":"\u001b[0m12:21:07  \u001b[32mCompleted successfully\u001b[0m","logger":"task.stdout"}
{"timestamp":"2026-04-26T12:21:10.257317Z","level":"info","event":"\u001b[0m12:21:07","logger":"task.stdout"}
{"timestamp":"2026-04-26T12:21:10.258121Z","level":"info","event":"\u001b[0m12:21:07  Done. PASS=3 WARN=0 ERROR=0 SKIP=0 TOTAL=3","logger":"task.stdout"}
{"timestamp":"2026-04-26T12:21:10.258889Z","level":"info","event":"","logger":"task.stdout"}
{"timestamp":"2026-04-26T12:21:10.259858Z","level":"info","event":"","logger":"task.stdout"}
{"timestamp":"2026-04-26T12:21:10.236317Z","level":"info","event":"Done. Returned value was: None","logger":"airflow.task.operators.airflow.providers.standard.decorators.python._PythonDecoratedOperator","filename":"python.py","lineno":229}
