{"timestamp":"2026-04-13T13:34:25.314031Z","level":"info","event":"DAG bundles loaded: dags-folder","logger":"airflow.dag_processing.bundles.manager.DagBundlesManager","filename":"manager.py","lineno":209}
{"timestamp":"2026-04-13T13:34:25.393048Z","level":"info","event":"Filling up the DagBag from /opt/airflow/dags/pipeline_dags.py","logger":"airflow.dag_processing.dagbag.BundleDagBag","filename":"dagbag.py","lineno":469}
{"timestamp":"2026-04-13T13:35:30.338450Z","level":"info","event":"\u001b[0m13:34:49  Running with dbt=1.9.0","logger":"task.stdout"}
{"timestamp":"2026-04-13T13:35:30.340676Z","level":"info","event":"\u001b[0m13:34:53  Registered adapter: postgres=1.9.0","logger":"task.stdout"}
{"timestamp":"2026-04-13T13:35:30.342328Z","level":"info","event":"\u001b[0m13:35:00  Found 3 models, 7 data tests, 1 source, 434 macros","logger":"task.stdout"}
{"timestamp":"2026-04-13T13:35:30.343976Z","level":"info","event":"\u001b[0m13:35:00","logger":"task.stdout"}
{"timestamp":"2026-04-13T13:35:30.351854Z","level":"info","event":"\u001b[0m13:35:00  Concurrency: 4 threads (target='dev')","logger":"task.stdout"}
{"timestamp":"2026-04-13T13:35:30.353912Z","level":"info","event":"\u001b[0m13:35:00","logger":"task.stdout"}
{"timestamp":"2026-04-13T13:35:30.355151Z","level":"info","event":"\u001b[0m13:35:02  1 of 3 START sql view model public.stg_stock_price ............................. [RUN]","logger":"task.stdout"}
{"timestamp":"2026-04-13T13:35:30.356269Z","level":"info","event":"\u001b[0m13:35:04  1 of 3 OK created sql view model public.stg_stock_price ........................ [\u001b[32mCREATE VIEW\u001b[0m in 1.68s]","logger":"task.stdout"}
{"timestamp":"2026-04-13T13:35:30.357500Z","level":"info","event":"\u001b[0m13:35:04  3 of 3 START sql table model public.price_summary .............................. [RUN]","logger":"task.stdout"}
{"timestamp":"2026-04-13T13:35:30.358705Z","level":"info","event":"\u001b[0m13:35:04  2 of 3 START sql table model public.daily_returns .............................. [RUN]","logger":"task.stdout"}
{"timestamp":"2026-04-13T13:35:30.360554Z","level":"info","event":"\u001b[0m13:35:06  3 of 3 OK created sql table model public.price_summary ......................... [\u001b[32mSELECT 7\u001b[0m in 1.95s]","logger":"task.stdout"}
{"timestamp":"2026-04-13T13:35:30.364598Z","level":"info","event":"\u001b[0m13:35:06  2 of 3 OK created sql table model public.daily_returns ......................... [\u001b[32mSELECT 4849\u001b[0m in 2.16s]","logger":"task.stdout"}
{"timestamp":"2026-04-13T13:35:30.367447Z","level":"info","event":"\u001b[0m13:35:06","logger":"task.stdout"}
{"timestamp":"2026-04-13T13:35:30.369164Z","level":"info","event":"\u001b[0m13:35:06  Finished running 2 table models, 1 view model in 0 hours 0 minutes and 6.09 seconds (6.09s).","logger":"task.stdout"}
{"timestamp":"2026-04-13T13:35:30.370711Z","level":"info","event":"\u001b[0m13:35:07","logger":"task.stdout"}
{"timestamp":"2026-04-13T13:35:30.372213Z","level":"info","event":"\u001b[0m13:35:07  \u001b[32mCompleted successfully\u001b[0m","logger":"task.stdout"}
{"timestamp":"2026-04-13T13:35:30.373672Z","level":"info","event":"\u001b[0m13:35:07","logger":"task.stdout"}
{"timestamp":"2026-04-13T13:35:30.374797Z","level":"info","event":"\u001b[0m13:35:07  Done. PASS=3 WARN=0 ERROR=0 SKIP=0 TOTAL=3","logger":"task.stdout"}
{"timestamp":"2026-04-13T13:35:30.376136Z","level":"info","event":"","logger":"task.stdout"}
{"timestamp":"2026-04-13T13:35:30.377402Z","level":"info","event":"","logger":"task.stdout"}
{"timestamp":"2026-04-13T13:35:16.241138Z","level":"info","event":"Done. Returned value was: None","logger":"airflow.task.operators.airflow.providers.standard.decorators.python._PythonDecoratedOperator","filename":"python.py","lineno":229}
