{"timestamp":"2026-04-27T11:40:44.142403Z","level":"info","event":"DAG bundles loaded: dags-folder","logger":"airflow.dag_processing.bundles.manager.DagBundlesManager","filename":"manager.py","lineno":209}
{"timestamp":"2026-04-27T11:40:44.148346Z","level":"info","event":"Filling up the DagBag from /opt/airflow/dags/pipeline_dags.py","logger":"airflow.dag_processing.dagbag.BundleDagBag","filename":"dagbag.py","lineno":469}
{"timestamp":"2026-04-27T11:40:47.560370Z","level":"error","event":"$AAPL: possibly delisted; no price data found  (1d 2026-04-26 -> 2026-04-27)","logger":"yfinance","filename":"history.py","lineno":289}
{"timestamp":"2026-04-27T11:40:47.562392Z","level":"error","event":"\n1 Failed download:","logger":"yfinance","filename":"multi.py","lineno":195}
{"timestamp":"2026-04-27T11:40:47.563038Z","level":"error","event":"['AAPL']: possibly delisted; no price data found  (1d 2026-04-26 -> 2026-04-27)","logger":"yfinance","filename":"multi.py","lineno":208}
{"timestamp":"2026-04-27T11:40:47.588475Z","level":"info","event":"⚠️ No data for AAPL — skipping","logger":"task.stdout"}
{"timestamp":"2026-04-27T11:40:48.201525Z","level":"error","event":"$GOOGL: possibly delisted; no price data found  (1d 2026-04-26 -> 2026-04-27)","logger":"yfinance","filename":"history.py","lineno":289}
{"timestamp":"2026-04-27T11:40:48.204763Z","level":"error","event":"\n1 Failed download:","logger":"yfinance","filename":"multi.py","lineno":195}
{"timestamp":"2026-04-27T11:40:48.205549Z","level":"error","event":"['GOOGL']: possibly delisted; no price data found  (1d 2026-04-26 -> 2026-04-27)","logger":"yfinance","filename":"multi.py","lineno":208}
{"timestamp":"2026-04-27T11:40:48.214003Z","level":"info","event":"⚠️ No data for GOOGL — skipping","logger":"task.stdout"}
{"timestamp":"2026-04-27T11:40:48.834818Z","level":"error","event":"$MSFT: possibly delisted; no price data found  (1d 2026-04-26 -> 2026-04-27)","logger":"yfinance","filename":"history.py","lineno":289}
{"timestamp":"2026-04-27T11:40:48.842711Z","level":"error","event":"\n1 Failed download:","logger":"yfinance","filename":"multi.py","lineno":195}
{"timestamp":"2026-04-27T11:40:48.843458Z","level":"error","event":"['MSFT']: possibly delisted; no price data found  (1d 2026-04-26 -> 2026-04-27)","logger":"yfinance","filename":"multi.py","lineno":208}
{"timestamp":"2026-04-27T11:40:48.852267Z","level":"info","event":"⚠️ No data for MSFT — skipping","logger":"task.stdout"}
{"timestamp":"2026-04-27T11:40:49.573805Z","level":"error","event":"$NVDA: possibly delisted; no price data found  (1d 2026-04-26 -> 2026-04-27)","logger":"yfinance","filename":"history.py","lineno":289}
{"timestamp":"2026-04-27T11:40:49.576810Z","level":"error","event":"\n1 Failed download:","logger":"yfinance","filename":"multi.py","lineno":195}
{"timestamp":"2026-04-27T11:40:49.577175Z","level":"error","event":"['NVDA']: possibly delisted; no price data found  (1d 2026-04-26 -> 2026-04-27)","logger":"yfinance","filename":"multi.py","lineno":208}
{"timestamp":"2026-04-27T11:40:49.624905Z","level":"info","event":"⚠️ No data for NVDA — skipping","logger":"task.stdout"}
{"timestamp":"2026-04-27T11:40:56.122676Z","level":"info","event":"(3, 8)","logger":"task.stdout"}
{"timestamp":"2026-04-27T11:40:56.193641Z","level":"info","event":"✅ Data saved to Postgres","logger":"task.stdout"}
{"timestamp":"2026-04-27T11:40:56.194614Z","level":"info","event":"Done. Returned value was: None","logger":"airflow.task.operators.airflow.providers.standard.decorators.python._PythonDecoratedOperator","filename":"python.py","lineno":229}
