{"timestamp":"2026-04-27T11:39:11.947397Z","level":"info","event":"DAG bundles loaded: dags-folder","logger":"airflow.dag_processing.bundles.manager.DagBundlesManager","filename":"manager.py","lineno":209}
{"timestamp":"2026-04-27T11:39:11.990215Z","level":"info","event":"Filling up the DagBag from /opt/airflow/dags/pipeline_dags.py","logger":"airflow.dag_processing.dagbag.BundleDagBag","filename":"dagbag.py","lineno":469}
{"timestamp":"2026-04-27T11:39:18.432124Z","level":"error","event":"$AAPL: possibly delisted; no price data found  (1d 2026-04-26 -> 2026-04-27)","logger":"yfinance","filename":"history.py","lineno":289}
{"timestamp":"2026-04-27T11:39:18.434086Z","level":"error","event":"\n1 Failed download:","logger":"yfinance","filename":"multi.py","lineno":195}
{"timestamp":"2026-04-27T11:39:18.434516Z","level":"error","event":"['AAPL']: possibly delisted; no price data found  (1d 2026-04-26 -> 2026-04-27)","logger":"yfinance","filename":"multi.py","lineno":208}
{"timestamp":"2026-04-27T11:39:18.545785Z","level":"info","event":"⚠️ No data for AAPL — skipping","logger":"task.stdout"}
{"timestamp":"2026-04-27T11:39:19.140837Z","level":"error","event":"$GOOGL: possibly delisted; no price data found  (1d 2026-04-26 -> 2026-04-27)","logger":"yfinance","filename":"history.py","lineno":289}
{"timestamp":"2026-04-27T11:39:19.142530Z","level":"error","event":"\n1 Failed download:","logger":"yfinance","filename":"multi.py","lineno":195}
{"timestamp":"2026-04-27T11:39:19.142964Z","level":"error","event":"['GOOGL']: possibly delisted; no price data found  (1d 2026-04-26 -> 2026-04-27)","logger":"yfinance","filename":"multi.py","lineno":208}
{"timestamp":"2026-04-27T11:39:19.160031Z","level":"info","event":"⚠️ No data for GOOGL — skipping","logger":"task.stdout"}
{"timestamp":"2026-04-27T11:39:20.142648Z","level":"error","event":"$MSFT: possibly delisted; no price data found  (1d 2026-04-26 -> 2026-04-27)","logger":"yfinance","filename":"history.py","lineno":289}
{"timestamp":"2026-04-27T11:39:20.154788Z","level":"error","event":"\n1 Failed download:","logger":"yfinance","filename":"multi.py","lineno":195}
{"timestamp":"2026-04-27T11:39:20.155126Z","level":"error","event":"['MSFT']: possibly delisted; no price data found  (1d 2026-04-26 -> 2026-04-27)","logger":"yfinance","filename":"multi.py","lineno":208}
{"timestamp":"2026-04-27T11:39:20.186970Z","level":"info","event":"⚠️ No data for MSFT — skipping","logger":"task.stdout"}
{"timestamp":"2026-04-27T11:39:21.228341Z","level":"error","event":"$NVDA: possibly delisted; no price data found  (1d 2026-04-26 -> 2026-04-27)","logger":"yfinance","filename":"history.py","lineno":289}
{"timestamp":"2026-04-27T11:39:21.234240Z","level":"error","event":"\n1 Failed download:","logger":"yfinance","filename":"multi.py","lineno":195}
{"timestamp":"2026-04-27T11:39:21.234672Z","level":"error","event":"['NVDA']: possibly delisted; no price data found  (1d 2026-04-26 -> 2026-04-27)","logger":"yfinance","filename":"multi.py","lineno":208}
{"timestamp":"2026-04-27T11:39:21.241716Z","level":"info","event":"⚠️ No data for NVDA — skipping","logger":"task.stdout"}
{"timestamp":"2026-04-27T11:39:29.730498Z","level":"info","event":"(3, 8)","logger":"task.stdout"}
{"timestamp":"2026-04-27T11:39:29.789915Z","level":"info","event":"✅ Data saved to Postgres","logger":"task.stdout"}
{"timestamp":"2026-04-27T11:39:29.790766Z","level":"info","event":"Done. Returned value was: None","logger":"airflow.task.operators.airflow.providers.standard.decorators.python._PythonDecoratedOperator","filename":"python.py","lineno":229}
