{"timestamp":"2026-04-13T01:18:48.393700Z","level":"info","event":"DAG bundles loaded: dags-folder","logger":"airflow.dag_processing.bundles.manager.DagBundlesManager","filename":"manager.py","lineno":209}
{"timestamp":"2026-04-13T01:18:48.416229Z","level":"info","event":"Filling up the DagBag from /opt/airflow/dags/pipeline_dags.py","logger":"airflow.dag_processing.dagbag.BundleDagBag","filename":"dagbag.py","lineno":469}
{"timestamp":"2026-04-13T01:18:54.287298Z","level":"error","event":"$AAPL: possibly delisted; no price data found  (1d 2026-04-12 -> 2026-04-13)","logger":"yfinance","filename":"history.py","lineno":276}
{"timestamp":"2026-04-13T01:18:54.289092Z","level":"error","event":"\n1 Failed download:","logger":"yfinance","filename":"multi.py","lineno":176}
{"timestamp":"2026-04-13T01:18:54.289679Z","level":"error","event":"['AAPL']: possibly delisted; no price data found  (1d 2026-04-12 -> 2026-04-13)","logger":"yfinance","filename":"multi.py","lineno":189}
{"timestamp":"2026-04-13T01:18:54.337950Z","level":"info","event":"⚠️ No data for AAPL — skipping","logger":"task.stdout"}
{"timestamp":"2026-04-13T01:18:55.048576Z","level":"error","event":"$GOOGL: possibly delisted; no price data found  (1d 2026-04-12 -> 2026-04-13)","logger":"yfinance","filename":"history.py","lineno":276}
{"timestamp":"2026-04-13T01:18:55.049970Z","level":"error","event":"\n1 Failed download:","logger":"yfinance","filename":"multi.py","lineno":176}
{"timestamp":"2026-04-13T01:18:55.050162Z","level":"error","event":"['GOOGL']: possibly delisted; no price data found  (1d 2026-04-12 -> 2026-04-13)","logger":"yfinance","filename":"multi.py","lineno":189}
{"timestamp":"2026-04-13T01:18:55.054690Z","level":"info","event":"⚠️ No data for GOOGL — skipping","logger":"task.stdout"}
{"timestamp":"2026-04-13T01:18:55.876730Z","level":"error","event":"$MSFT: possibly delisted; no price data found  (1d 2026-04-12 -> 2026-04-13)","logger":"yfinance","filename":"history.py","lineno":276}
{"timestamp":"2026-04-13T01:18:55.882364Z","level":"error","event":"\n1 Failed download:","logger":"yfinance","filename":"multi.py","lineno":176}
{"timestamp":"2026-04-13T01:18:55.882666Z","level":"error","event":"['MSFT']: possibly delisted; no price data found  (1d 2026-04-12 -> 2026-04-13)","logger":"yfinance","filename":"multi.py","lineno":189}
{"timestamp":"2026-04-13T01:18:55.887575Z","level":"info","event":"⚠️ No data for MSFT — skipping","logger":"task.stdout"}
{"timestamp":"2026-04-13T01:18:56.652838Z","level":"error","event":"$NVDA: possibly delisted; no price data found  (1d 2026-04-12 -> 2026-04-13)","logger":"yfinance","filename":"history.py","lineno":276}
{"timestamp":"2026-04-13T01:18:56.657769Z","level":"error","event":"\n1 Failed download:","logger":"yfinance","filename":"multi.py","lineno":176}
{"timestamp":"2026-04-13T01:18:56.658264Z","level":"error","event":"['NVDA']: possibly delisted; no price data found  (1d 2026-04-12 -> 2026-04-13)","logger":"yfinance","filename":"multi.py","lineno":189}
{"timestamp":"2026-04-13T01:18:56.662307Z","level":"info","event":"⚠️ No data for NVDA — skipping","logger":"task.stdout"}
{"timestamp":"2026-04-13T01:18:57.400422Z","level":"info","event":"⚠️ No data for BTC-USD — skipping","logger":"task.stdout"}
{"timestamp":"2026-04-13T01:18:58.232625Z","level":"info","event":"⚠️ No data for ETH-USD — skipping","logger":"task.stdout"}
{"timestamp":"2026-04-13T01:18:59.007657Z","level":"info","event":"⚠️ No data for SOL-USD — skipping","logger":"task.stdout"}
{"timestamp":"2026-04-13T01:18:59.008436Z","level":"info","event":"⚠️ No data fetched today — market might be closed","logger":"task.stdout"}
{"timestamp":"2026-04-13T01:18:59.007986Z","level":"info","event":"Done. Returned value was: None","logger":"airflow.task.operators.airflow.providers.standard.decorators.python._PythonDecoratedOperator","filename":"python.py","lineno":229}
